Archive member included to satisfy reference by file (symbol)

c:/st/stm32cubeide_1.6.1/stm32cubeide/plugins/com.st.stm32cube.ide.mcu.externaltools.gnu-tools-for-stm32.10.3-2021.10.win32_1.0.0.202111181127/tools/bin/../lib/gcc/arm-none-eabi/10.3.1/../../../../arm-none-eabi/lib/thumb/v7e-m+dp/hard\libc_nano.a(lib_a-errno.o)
                              ./Core/Src/syscalls.o (__errno)
c:/st/stm32cubeide_1.6.1/stm32cubeide/plugins/com.st.stm32cube.ide.mcu.externaltools.gnu-tools-for-stm32.10.3-2021.10.win32_1.0.0.202111181127/tools/bin/../lib/gcc/arm-none-eabi/10.3.1/../../../../arm-none-eabi/lib/thumb/v7e-m+dp/hard\libc_nano.a(lib_a-exit.o)
                              c:/st/stm32cubeide_1.6.1/stm32cubeide/plugins/com.st.stm32cube.ide.mcu.externaltools.gnu-tools-for-stm32.10.3-2021.10.win32_1.0.0.202111181127/tools/bin/../lib/gcc/arm-none-eabi/10.3.1/../../../../arm-none-eabi/lib/thumb/v7e-m+dp/hard/crt0.o (exit)
c:/st/stm32cubeide_1.6.1/stm32cubeide/plugins/com.st.stm32cube.ide.mcu.externaltools.gnu-tools-for-stm32.10.3-2021.10.win32_1.0.0.202111181127/tools/bin/../lib/gcc/arm-none-eabi/10.3.1/../../../../arm-none-eabi/lib/thumb/v7e-m+dp/hard\libc_nano.a(lib_a-impure.o)
                              c:/st/stm32cubeide_1.6.1/stm32cubeide/plugins/com.st.stm32cube.ide.mcu.externaltools.gnu-tools-for-stm32.10.3-2021.10.win32_1.0.0.202111181127/tools/bin/../lib/gcc/arm-none-eabi/10.3.1/../../../../arm-none-eabi/lib/thumb/v7e-m+dp/hard\libc_nano.a(lib_a-exit.o) (_global_impure_ptr)
c:/st/stm32cubeide_1.6.1/stm32cubeide/plugins/com.st.stm32cube.ide.mcu.externaltools.gnu-tools-for-stm32.10.3-2021.10.win32_1.0.0.202111181127/tools/bin/../lib/gcc/arm-none-eabi/10.3.1/../../../../arm-none-eabi/lib/thumb/v7e-m+dp/hard\libc_nano.a(lib_a-init.o)
                              c:/st/stm32cubeide_1.6.1/stm32cubeide/plugins/com.st.stm32cube.ide.mcu.externaltools.gnu-tools-for-stm32.10.3-2021.10.win32_1.0.0.202111181127/tools/bin/../lib/gcc/arm-none-eabi/10.3.1/../../../../arm-none-eabi/lib/thumb/v7e-m+dp/hard/crt0.o (__libc_init_array)
c:/st/stm32cubeide_1.6.1/stm32cubeide/plugins/com.st.stm32cube.ide.mcu.externaltools.gnu-tools-for-stm32.10.3-2021.10.win32_1.0.0.202111181127/tools/bin/../lib/gcc/arm-none-eabi/10.3.1/../../../../arm-none-eabi/lib/thumb/v7e-m+dp/hard\libc_nano.a(lib_a-memset.o)
                              c:/st/stm32cubeide_1.6.1/stm32cubeide/plugins/com.st.stm32cube.ide.mcu.externaltools.gnu-tools-for-stm32.10.3-2021.10.win32_1.0.0.202111181127/tools/bin/../lib/gcc/arm-none-eabi/10.3.1/../../../../arm-none-eabi/lib/thumb/v7e-m+dp/hard/crt0.o (memset)
c:/st/stm32cubeide_1.6.1/stm32cubeide/plugins/com.st.stm32cube.ide.mcu.externaltools.gnu-tools-for-stm32.10.3-2021.10.win32_1.0.0.202111181127/tools/bin/../lib/gcc/arm-none-eabi/10.3.1/../../../../arm-none-eabi/lib/thumb/v7e-m+dp/hard\libc_nano.a(lib_a-sprintf.o)
                              ./Core/Src/main.o (sprintf)
c:/st/stm32cubeide_1.6.1/stm32cubeide/plugins/com.st.stm32cube.ide.mcu.externaltools.gnu-tools-for-stm32.10.3-2021.10.win32_1.0.0.202111181127/tools/bin/../lib/gcc/arm-none-eabi/10.3.1/../../../../arm-none-eabi/lib/thumb/v7e-m+dp/hard\libc_nano.a(lib_a-strlen.o)
                              ./Core/Src/main.o (strlen)
c:/st/stm32cubeide_1.6.1/stm32cubeide/plugins/com.st.stm32cube.ide.mcu.externaltools.gnu-tools-for-stm32.10.3-2021.10.win32_1.0.0.202111181127/tools/bin/../lib/gcc/arm-none-eabi/10.3.1/../../../../arm-none-eabi/lib/thumb/v7e-m+dp/hard\libc_nano.a(lib_a-nano-svfprintf.o)
                              c:/st/stm32cubeide_1.6.1/stm32cubeide/plugins/com.st.stm32cube.ide.mcu.externaltools.gnu-tools-for-stm32.10.3-2021.10.win32_1.0.0.202111181127/tools/bin/../lib/gcc/arm-none-eabi/10.3.1/../../../../arm-none-eabi/lib/thumb/v7e-m+dp/hard\libc_nano.a(lib_a-sprintf.o) (_svfprintf_r)
c:/st/stm32cubeide_1.6.1/stm32cubeide/plugins/com.st.stm32cube.ide.mcu.externaltools.gnu-tools-for-stm32.10.3-2021.10.win32_1.0.0.202111181127/tools/bin/../lib/gcc/arm-none-eabi/10.3.1/../../../../arm-none-eabi/lib/thumb/v7e-m+dp/hard\libc_nano.a(lib_a-nano-vfprintf_i.o)
                              c:/st/stm32cubeide_1.6.1/stm32cubeide/plugins/com.st.stm32cube.ide.mcu.externaltools.gnu-tools-for-stm32.10.3-2021.10.win32_1.0.0.202111181127/tools/bin/../lib/gcc/arm-none-eabi/10.3.1/../../../../arm-none-eabi/lib/thumb/v7e-m+dp/hard\libc_nano.a(lib_a-nano-svfprintf.o) (_printf_i)
c:/st/stm32cubeide_1.6.1/stm32cubeide/plugins/com.st.stm32cube.ide.mcu.externaltools.gnu-tools-for-stm32.10.3-2021.10.win32_1.0.0.202111181127/tools/bin/../lib/gcc/arm-none-eabi/10.3.1/../../../../arm-none-eabi/lib/thumb/v7e-m+dp/hard\libc_nano.a(lib_a-memchr.o)
                              c:/st/stm32cubeide_1.6.1/stm32cubeide/plugins/com.st.stm32cube.ide.mcu.externaltools.gnu-tools-for-stm32.10.3-2021.10.win32_1.0.0.202111181127/tools/bin/../lib/gcc/arm-none-eabi/10.3.1/../../../../arm-none-eabi/lib/thumb/v7e-m+dp/hard\libc_nano.a(lib_a-nano-svfprintf.o) (memchr)
[...]
Memory Configuration

Name             Origin             Length             Attributes
FLASH            0x0000000008000000 0x0000000000200000 xr
DTCMRAM          0x0000000020000000 0x0000000000020000 xrw
RAM_D1           0x0000000024000000 0x0000000000080000 xrw
RAM_D2           0x0000000030000000 0x0000000000048000 xrw
RAM_D3           0x0000000038000000 0x0000000000010000 xrw
ITCMRAM          0x0000000000000000 0x0000000000010000 xrw
*default*        0x0000000000000000 0xffffffffffffffff

Linker script and memory map

LOAD c:/st/stm32cubeide_1.6.1/stm32cubeide/plugins/com.st.stm32cube.ide.mcu.externaltools.gnu-tools-for-stm32.10.3-2021.10.win32_1.0.0.202111181127/tools/bin/../lib/gcc/arm-none-eabi/10.3.1/thumb/v7e-m+dp/hard/crti.o
LOAD c:/st/stm32cubeide_1.6.1/stm32cubeide/plugins/com.st.stm32cube.ide.mcu.externaltools.gnu-tools-for-stm32.10.3-2021.10.win32_1.0.0.202111181127/tools/bin/../lib/gcc/arm-none-eabi/10.3.1/thumb/v7e-m+dp/hard/crtbegin.o
LOAD c:/st/stm32cubeide_1.6.1/stm32cubeide/plugins/com.st.stm32cube.ide.mcu.externaltools.gnu-tools-for-stm32.10.3-2021.10.win32_1.0.0.202111181127/tools/bin/../lib/gcc/arm-none-eabi/10.3.1/../../../../arm-none-eabi/lib/thumb/v7e-m+dp/hard/crt0.o
LOAD ./Core/Src/gpio.o
LOAD ./Core/Src/imu.o
LOAD ./Core/Src/main.o
LOAD ./Core/Src/spi.o
LOAD ./Core/Src/stm32h7xx_hal_msp.o
LOAD ./Core/Src/stm32h7xx_it.o
LOAD ./Core/Src/syscalls.o
LOAD ./Core/Src/sysmem.o
LOAD ./Core/Src/system_stm32h7xx.o
LOAD ./Core/Startup/startup_stm32h753vitx.o
LOAD ./Drivers/STM32H7xx_HAL_Driver/Src/stm32h7xx_hal.o
LOAD ./Drivers/STM32H7xx_HAL_Driver/Src/stm32h7xx_hal_cortex.o
LOAD ./Drivers/STM32H7xx_HAL_Driver/Src/stm32h7xx_hal_dma.o
LOAD ./Drivers/STM32H7xx_HAL_Driver/Src/stm32h7xx_hal_dma_ex.o
LOAD ./Drivers/STM32H7xx_HAL_Driver/Src/stm32h7xx_hal_exti.o
LOAD ./Drivers/STM32H7xx_HAL_Driver/Src/stm32h7xx_hal_flash.o
LOAD ./Drivers/STM32H7xx_HAL_Driver/Src/stm32h7xx_hal_flash_ex.o
LOAD ./Drivers/STM32H7xx_HAL_Driver/Src/stm32h7xx_hal_gpio.o
LOAD ./Drivers/STM32H7xx_HAL_Driver/Src/stm32h7xx_hal_hsem.o
LOAD ./Drivers/STM32H7xx_HAL_Driver/Src/stm32h7xx_hal_i2c.o
LOAD ./Drivers/STM32H7xx_HAL_Driver/Src/stm32h7xx_hal_i2c_ex.o
LOAD ./Drivers/STM32H7xx_HAL_Driver/Src/stm32h7xx_hal_mdma.o
LOAD ./Drivers/STM32H7xx_HAL_Driver/Src/stm32h7xx_hal_pcd.o
LOAD ./Drivers/STM32H7xx_HAL_Driver/Src/stm32h7xx_hal_pcd_ex.o
LOAD ./Drivers/STM32H7xx_HAL_Driver/Src/stm32h7xx_hal_pwr.o
LOAD ./Drivers/STM32H7xx_HAL_Driver/Src/stm32h7xx_hal_pwr_ex.o
LOAD ./Drivers/STM32H7xx_HAL_Driver/Src/stm32h7xx_hal_rcc.o
LOAD ./Drivers/STM32H7xx_HAL_Driver/Src/stm32h7xx_hal_rcc_ex.o
LOAD ./Drivers/STM32H7xx_HAL_Driver/Src/stm32h7xx_hal_spi.o
LOAD ./Drivers/STM32H7xx_HAL_Driver/Src/stm32h7xx_hal_spi_ex.o
LOAD ./Drivers/STM32H7xx_HAL_Driver/Src/stm32h7xx_hal_tim.o
LOAD ./Drivers/STM32H7xx_HAL_Driver/Src/stm32h7xx_hal_tim_ex.o
LOAD ./Drivers/STM32H7xx_HAL_Driver/Src/stm32h7xx_ll_usb.o
LOAD ./Middlewares/ST/STM32_USB_Device_Library/Class/CDC/Src/usbd_cdc.o
LOAD ./Middlewares/ST/STM32_USB_Device_Library/Core/Src/usbd_core.o
LOAD ./Middlewares/ST/STM32_USB_Device_Library/Core/Src/usbd_ctlreq.o
LOAD ./Middlewares/ST/STM32_USB_Device_Library/Core/Src/usbd_ioreq.o
LOAD ./USB_DEVICE/App/usb_device.o
LOAD ./USB_DEVICE/App/usbd_cdc_if.o
LOAD ./USB_DEVICE/App/usbd_desc.o
LOAD ./USB_DEVICE/Target/usbd_conf.o
START GROUP
LOAD c:/st/stm32cubeide_1.6.1/stm32cubeide/plugins/com.st.stm32cube.ide.mcu.externaltools.gnu-tools-for-stm32.10.3-2021.10.win32_1.0.0.202111181127/tools/bin/../lib/gcc/arm-none-eabi/10.3.1/../../../../arm-none-eabi/lib/thumb/v7e-m+dp/hard\libc_nano.a
LOAD c:/st/stm32cubeide_1.6.1/stm32cubeide/plugins/com.st.stm32cube.ide.mcu.externaltools.gnu-tools-for-stm32.10.3-2021.10.win32_1.0.0.202111181127/tools/bin/../lib/gcc/arm-none-eabi/10.3.1/../../../../arm-none-eabi/lib/thumb/v7e-m+dp/hard\libm.a
END GROUP
START GROUP
LOAD c:/st/stm32cubeide_1.6.1/stm32cubeide/plugins/com.st.stm32cube.ide.mcu.externaltools.gnu-tools-for-stm32.10.3-2021.10.win32_1.0.0.202111181127/tools/bin/../lib/gcc/arm-none-eabi/10.3.1/thumb/v7e-m+dp/hard\libgcc.a
LOAD c:/st/stm32cubeide_1.6.1/stm32cubeide/plugins/com.st.stm32cube.ide.mcu.externaltools.gnu-tools-for-stm32.10.3-2021.10.win32_1.0.0.202111181127/tools/bin/../lib/gcc/arm-none-eabi/10.3.1/../../../../arm-none-eabi/lib/thumb/v7e-m+dp/hard\libc_nano.a
END GROUP
START GROUP
LOAD c:/st/stm32cubeide_1.6.1/stm32cubeide/plugins/com.st.stm32cube.ide.mcu.externaltools.gnu-tools-for-stm32.10.3-2021.10.win32_1.0.0.202111181127/tools/bin/../lib/gcc/arm-none-eabi/10.3.1/thumb/v7e-m+dp/hard\libgcc.a
LOAD c:/st/stm32cubeide_1.6.1/stm32cubeide/plugins/com.st.stm32cube.ide.mcu.externaltools.gnu-tools-for-stm32.10.3-2021.10.win32_1.0.0.202111181127/tools/bin/../lib/gcc/arm-none-eabi/10.3.1/../../../../arm-none-eabi/lib/thumb/v7e-m+dp/hard\libc_nano.a
LOAD c:/st/stm32cubeide_1.6.1/stm32cubeide/plugins/com.st.stm32cube.ide.mcu.externaltools.gnu-tools-for-stm32.10.3-2021.10.win32_1.0.0.202111181127/tools/bin/../lib/gcc/arm-none-eabi/10.3.1/../../../../arm-none-eabi/lib/thumb/v7e-m+dp/hard\libnosys.a
END GROUP
START GROUP
LOAD c:/st/stm32cubeide_1.6.1/stm32cubeide/plugins/com.st.stm32cube.ide.mcu.externaltools.gnu-tools-for-stm32.10.3-2021.10.win32_1.0.0.202111181127/tools/bin/../lib/gcc/arm-none-eabi/10.3.1/thumb/v7e-m+dp/hard\libgcc.a
LOAD c:/st/stm32cubeide_1.6.1/stm32cubeide/plugins/com.st.stm32cube.ide.mcu.externaltools.gnu-tools-for-stm32.10.3-2021.10.win32_1.0.0.202111181127/tools/bin/../lib/gcc/arm-none-eabi/10.3.1/../../../../arm-none-eabi/lib/thumb/v7e-m+dp/hard\libc_nano.a
LOAD c:/st/stm32cubeide_1.6.1/stm32cubeide/plugins/com.st.stm32cube.ide.mcu.externaltools.gnu-tools-for-stm32.10.3-2021.10.win32_1.0.0.202111181127/tools/bin/../lib/gcc/arm-none-eabi/10.3.1/../../../../arm-none-eabi/lib/thumb/v7e-m+dp/hard\libnosys.a
END GROUP
LOAD c:/st/stm32cubeide_1.6.1/stm32cubeide/plugins/com.st.stm32cube.ide.mcu.externaltools.gnu-tools-for-stm32.10.3-2021.10.win32_1.0.0.202111181127/tools/bin/../lib/gcc/arm-none-eabi/10.3.1/thumb/v7e-m+dp/hard/crtend.o
LOAD c:/st/stm32cubeide_1.6.1/stm32cubeide/plugins/com.st.stm32cube.ide.mcu.externaltools.gnu-tools-for-stm32.10.3-2021.10.win32_1.0.0.202111181127/tools/bin/../lib/gcc/arm-none-eabi/10.3.1/thumb/v7e-m+dp/hard/crtn.o
                0x0000000024080000                _estack = (ORIGIN (RAM_D1) + LENGTH (RAM_D1))
                0x0000000000000200                _Min_Heap_Size = 0x200
                0x0000000000000400                _Min_Stack_Size = 0x400

.isr_vector     0x0000000008000000      0x298
                0x0000000008000000                . = ALIGN (0x4)
 *(.isr_vector)
 .isr_vector    0x0000000008000000      0x298 ./Core/Startup/startup_stm32h753vitx.o
                0x0000000008000000                g_pfnVectors
                0x0000000008000298                . = ALIGN (0x4)

.text           0x00000000080002a0     0xaa54
                0x00000000080002a0                . = ALIGN (0x4)
 *(.text)
 .text          0x00000000080002a0       0x40 c:/st/stm32cubeide_1.6.1/stm32cubeide/plugins/com.st.stm32cube.ide.mcu.externaltools.gnu-tools-for-stm32.10.3-2021.10.win32_1.0.0.202111181127/tools/bin/../lib/gcc/arm-none-eabi/10.3.1/thumb/v7e-m+dp/hard/crtbegin.o
 .text          0x00000000080002e0       0x10 c:/st/stm32cubeide_1.6.1/stm32cubeide/plugins/com.st.stm32cube.ide.mcu.externaltools.gnu-tools-for-stm32.10.3-2021.10.win32_1.0.0.202111181127/tools/bin/../lib/gcc/arm-none-eabi/10.3.1/../../../../arm-none-eabi/lib/thumb/v7e-m+dp/hard\libc_nano.a(lib_a-strlen.o)
                0x00000000080002e0                strlen
 .text          0x00000000080002f0       0xa0 c:/st/stm32cubeide_1.6.1/stm32cubeide/plugins/com.st.stm32cube.ide.mcu.externaltools.gnu-tools-for-stm32.10.3-2021.10.win32_1.0.0.202111181127/tools/bin/../lib/gcc/arm-none-eabi/10.3.1/../../../../arm-none-eabi/lib/thumb/v7e-m+dp/hard\libc_nano.a(lib_a-memchr.o)
                0x00000000080002f0                memchr
 *(.text*)
 .text.MX_GPIO_Init
                0x0000000008000390       0xf4 ./Core/Src/gpio.o
                0x0000000008000390                MX_GPIO_Init
 .text.HAL_SPI_TxRxCpltCallback
                0x0000000008000484       0x2c ./Core/Src/imu.o
                0x0000000008000484                HAL_SPI_TxRxCpltCallback
 .text.NUfsr_IMU_Init
                0x00000000080004b0       0x88 ./Core/Src/imu.o
                0x00000000080004b0                NUfsr_IMU_Init
 .text.NUfsr_IMU_BlockingTransmit
                0x0000000008000538       0x28 ./Core/Src/imu.o
                0x0000000008000538                NUfsr_IMU_BlockingTransmit
 .text.NUfsr_IMU_TransmitReceive_IT
                0x0000000008000560       0x28 ./Core/Src/imu.o
                0x0000000008000560                NUfsr_IMU_TransmitReceive_IT
 .text.NUfsr_IMU_Transmit
                0x0000000008000588       0x44 ./Core/Src/imu.o
                0x0000000008000588                NUfsr_IMU_Transmit
 .text.main     0x00000000080005cc      0x12c ./Core/Src/main.o
                0x00000000080005cc                main
 .text.SystemClock_Config
                0x00000000080006f8       0xdc ./Core/Src/main.o
                0x00000000080006f8                SystemClock_Config
 .text.HAL_GPIO_EXTI_Callback
                0x00000000080007d4       0x28 ./Core/Src/main.o
                0x00000000080007d4                HAL_GPIO_EXTI_Callback
 .text.Error_Handler
                0x00000000080007fc        0xa ./Core/Src/main.o
                0x00000000080007fc                Error_Handler
 *fill*         0x0000000008000806        0x2 
 .text.MX_SPI4_Init
                0x0000000008000808       0xb0 ./Core/Src/spi.o
                0x0000000008000808                MX_SPI4_Init
 .text.HAL_SPI_MspInit
                0x00000000080008b8       0xdc ./Core/Src/spi.o
                0x00000000080008b8                HAL_SPI_MspInit
 .text.HAL_MspInit
                0x0000000008000994       0x34 ./Core/Src/stm32h7xx_hal_msp.o
                0x0000000008000994                HAL_MspInit
 .text.NMI_Handler
                0x00000000080009c8        0x6 ./Core/Src/stm32h7xx_it.o
                0x00000000080009c8                NMI_Handler
 .text.HardFault_Handler
                0x00000000080009ce        0x6 ./Core/Src/stm32h7xx_it.o
                0x00000000080009ce                HardFault_Handler
 .text.MemManage_Handler
                0x00000000080009d4        0x6 ./Core/Src/stm32h7xx_it.o
                0x00000000080009d4                MemManage_Handler
 .text.BusFault_Handler
                0x00000000080009da        0x6 ./Core/Src/stm32h7xx_it.o
                0x00000000080009da                BusFault_Handler
 .text.UsageFault_Handler
                0x00000000080009e0        0x6 ./Core/Src/stm32h7xx_it.o
                0x00000000080009e0                UsageFault_Handler
 .text.SVC_Handler
                0x00000000080009e6        0xe ./Core/Src/stm32h7xx_it.o
                0x00000000080009e6                SVC_Handler
 .text.DebugMon_Handler
                0x00000000080009f4        0xe ./Core/Src/stm32h7xx_it.o
                0x00000000080009f4                DebugMon_Handler
 .text.PendSV_Handler
                0x0000000008000a02        0xe ./Core/Src/stm32h7xx_it.o
                0x0000000008000a02                PendSV_Handler
 .text.SysTick_Handler
                0x0000000008000a10        0xc ./Core/Src/stm32h7xx_it.o
                0x0000000008000a10                SysTick_Handler
 .text.EXTI15_10_IRQHandler
                0x0000000008000a1c       0x10 ./Core/Src/stm32h7xx_it.o
                0x0000000008000a1c                EXTI15_10_IRQHandler
 .text.OTG_HS_IRQHandler
                0x0000000008000a2c       0x14 ./Core/Src/stm32h7xx_it.o
                0x0000000008000a2c                OTG_HS_IRQHandler
 .text.SPI4_IRQHandler
                0x0000000008000a40       0x14 ./Core/Src/stm32h7xx_it.o
                0x0000000008000a40                SPI4_IRQHandler
 .text._sbrk    0x0000000008000a54       0x6c ./Core/Src/sysmem.o
                0x0000000008000a54                _sbrk
 .text.SystemInit
                0x0000000008000ac0      0x110 ./Core/Src/system_stm32h7xx.o
                0x0000000008000ac0                SystemInit
 .text.Reset_Handler
                0x0000000008000bd0       0x50 ./Core/Startup/startup_stm32h753vitx.o
                0x0000000008000bd0                Reset_Handler
 .text.Default_Handler
                0x0000000008000c20        0x2 ./Core/Startup/startup_stm32h753vitx.o
                0x0000000008000c20                RTC_Alarm_IRQHandler
                0x0000000008000c20                HASH_RNG_IRQHandler
                0x0000000008000c20                EXTI2_IRQHandler
                0x0000000008000c20                TIM8_CC_IRQHandler
                0x0000000008000c20                HRTIM1_Master_IRQHandler
                0x0000000008000c20                UART8_IRQHandler
                0x0000000008000c20                TIM1_CC_IRQHandler
                0x0000000008000c20                BDMA_Channel6_IRQHandler
                0x0000000008000c20                DMA2_Stream5_IRQHandler
                0x0000000008000c20                HRTIM1_FLT_IRQHandler
                0x0000000008000c20                JPEG_IRQHandler
                0x0000000008000c20                DMA1_Stream5_IRQHandler
                0x0000000008000c20                BDMA_Channel1_IRQHandler
                0x0000000008000c20                HRTIM1_TIMD_IRQHandler
                0x0000000008000c20                TAMP_STAMP_IRQHandler
                0x0000000008000c20                EXTI3_IRQHandler
                0x0000000008000c20                LPTIM4_IRQHandler
                0x0000000008000c20                TIM8_TRG_COM_TIM14_IRQHandler
                0x0000000008000c20                LPTIM2_IRQHandler
                0x0000000008000c20                DFSDM1_FLT1_IRQHandler
                0x0000000008000c20                DMAMUX2_OVR_IRQHandler
                0x0000000008000c20                TIM8_UP_TIM13_IRQHandler
                0x0000000008000c20                I2C3_ER_IRQHandler
                0x0000000008000c20                DFSDM1_FLT2_IRQHandler
                0x0000000008000c20                MDMA_IRQHandler
                0x0000000008000c20                LPTIM3_IRQHandler
                0x0000000008000c20                HSEM1_IRQHandler
                0x0000000008000c20                EXTI0_IRQHandler
                0x0000000008000c20                I2C2_EV_IRQHandler
                0x0000000008000c20                DMA1_Stream2_IRQHandler
                0x0000000008000c20                FPU_IRQHandler
                0x0000000008000c20                OTG_HS_WKUP_IRQHandler
                0x0000000008000c20                FDCAN1_IT1_IRQHandler
                0x0000000008000c20                LTDC_ER_IRQHandler
                0x0000000008000c20                DMA2_Stream2_IRQHandler
                0x0000000008000c20                HRTIM1_TIME_IRQHandler
                0x0000000008000c20                SPI1_IRQHandler
                0x0000000008000c20                TIM6_DAC_IRQHandler
                0x0000000008000c20                DCMI_IRQHandler
                0x0000000008000c20                HRTIM1_TIMC_IRQHandler
                0x0000000008000c20                DMA2_Stream3_IRQHandler
                0x0000000008000c20                SAI2_IRQHandler
                0x0000000008000c20                DFSDM1_FLT3_IRQHandler
                0x0000000008000c20                USART6_IRQHandler
                0x0000000008000c20                TIM17_IRQHandler
                0x0000000008000c20                USART3_IRQHandler
                0x0000000008000c20                BDMA_Channel7_IRQHandler
                0x0000000008000c20                CRYP_IRQHandler
                0x0000000008000c20                LPTIM5_IRQHandler
                0x0000000008000c20                UART5_IRQHandler
                0x0000000008000c20                ADC3_IRQHandler
                0x0000000008000c20                DMA2_Stream0_IRQHandler
                0x0000000008000c20                TIM4_IRQHandler
                0x0000000008000c20                BDMA_Channel2_IRQHandler
                0x0000000008000c20                QUADSPI_IRQHandler
                0x0000000008000c20                I2C1_EV_IRQHandler
                0x0000000008000c20                DMA1_Stream6_IRQHandler
                0x0000000008000c20                DMAMUX1_OVR_IRQHandler
                0x0000000008000c20                DMA1_Stream1_IRQHandler
                0x0000000008000c20                TIM16_IRQHandler
                0x0000000008000c20                UART4_IRQHandler
                0x0000000008000c20                BDMA_Channel5_IRQHandler
                0x0000000008000c20                TIM3_IRQHandler
                0x0000000008000c20                RCC_IRQHandler
                0x0000000008000c20                TIM8_BRK_TIM12_IRQHandler
                0x0000000008000c20                TIM1_TRG_COM_IRQHandler
                0x0000000008000c20                Default_Handler
                0x0000000008000c20                ECC_IRQHandler
                0x0000000008000c20                CEC_IRQHandler
                0x0000000008000c20                BDMA_Channel0_IRQHandler
                0x0000000008000c20                ADC_IRQHandler
                0x0000000008000c20                DMA1_Stream7_IRQHandler
                0x0000000008000c20                HRTIM1_TIMA_IRQHandler
                0x0000000008000c20                SPI5_IRQHandler
                0x0000000008000c20                TIM7_IRQHandler
                0x0000000008000c20                SDMMC1_IRQHandler
                0x0000000008000c20                TIM5_IRQHandler
                0x0000000008000c20                DMA2_Stream7_IRQHandler
                0x0000000008000c20                TIM15_IRQHandler
                0x0000000008000c20                PVD_AVD_IRQHandler
                0x0000000008000c20                I2C3_EV_IRQHandler
                0x0000000008000c20                EXTI9_5_IRQHandler
                0x0000000008000c20                RTC_WKUP_IRQHandler
                0x0000000008000c20                LTDC_IRQHandler
                0x0000000008000c20                SAI3_IRQHandler
                0x0000000008000c20                ETH_WKUP_IRQHandler
                0x0000000008000c20                SPDIF_RX_IRQHandler
                0x0000000008000c20                SPI2_IRQHandler
                0x0000000008000c20                OTG_HS_EP1_IN_IRQHandler
                0x0000000008000c20                DMA1_Stream0_IRQHandler
                0x0000000008000c20                CRS_IRQHandler
                0x0000000008000c20                EXTI4_IRQHandler
                0x0000000008000c20                HRTIM1_TIMB_IRQHandler
                0x0000000008000c20                FDCAN2_IT1_IRQHandler
                0x0000000008000c20                ETH_IRQHandler
                0x0000000008000c20                TIM1_UP_IRQHandler
                0x0000000008000c20                BDMA_Channel4_IRQHandler
                0x0000000008000c20                OTG_HS_EP1_OUT_IRQHandler
                0x0000000008000c20                WWDG_IRQHandler
                0x0000000008000c20                SPI6_IRQHandler
                0x0000000008000c20                MDIOS_IRQHandler
                0x0000000008000c20                I2C4_EV_IRQHandler
                0x0000000008000c20                FDCAN2_IT0_IRQHandler
                0x0000000008000c20                LPUART1_IRQHandler
                0x0000000008000c20                FDCAN1_IT0_IRQHandler
                0x0000000008000c20                TIM2_IRQHandler
                0x0000000008000c20                OTG_FS_WKUP_IRQHandler
                0x0000000008000c20                DMA2D_IRQHandler
                0x0000000008000c20                TIM1_BRK_IRQHandler
                0x0000000008000c20                EXTI1_IRQHandler
                0x0000000008000c20                SDMMC2_IRQHandler
                0x0000000008000c20                OTG_FS_EP1_OUT_IRQHandler
                0x0000000008000c20                BDMA_Channel3_IRQHandler
                0x0000000008000c20                UART7_IRQHandler
                0x0000000008000c20                MDIOS_WKUP_IRQHandler
                0x0000000008000c20                USART2_IRQHandler
                0x0000000008000c20                DFSDM1_FLT0_IRQHandler
                0x0000000008000c20                SAI4_IRQHandler
                0x0000000008000c20                I2C2_ER_IRQHandler
                0x0000000008000c20                DMA2_Stream1_IRQHandler
                0x0000000008000c20                FLASH_IRQHandler
                0x0000000008000c20                DMA2_Stream4_IRQHandler
                0x0000000008000c20                USART1_IRQHandler
                0x0000000008000c20                OTG_FS_IRQHandler
                0x0000000008000c20                SPI3_IRQHandler
                0x0000000008000c20                WAKEUP_PIN_IRQHandler
                0x0000000008000c20                DMA1_Stream4_IRQHandler
                0x0000000008000c20                OTG_FS_EP1_IN_IRQHandler
                0x0000000008000c20                I2C1_ER_IRQHandler
                0x0000000008000c20                FMC_IRQHandler
                0x0000000008000c20                FDCAN_CAL_IRQHandler
                0x0000000008000c20                SWPMI1_IRQHandler
                0x0000000008000c20                COMP1_IRQHandler
                0x0000000008000c20                LPTIM1_IRQHandler
                0x0000000008000c20                I2C4_ER_IRQHandler
                0x0000000008000c20                DMA2_Stream6_IRQHandler
                0x0000000008000c20                SAI1_IRQHandler
                0x0000000008000c20                DMA1_Stream3_IRQHandler
 *fill*         0x0000000008000c22        0x2 
 .text.HAL_Init
                0x0000000008000c24       0x78 ./Drivers/STM32H7xx_HAL_Driver/Src/stm32h7xx_hal.o
                0x0000000008000c24                HAL_Init
 .text.HAL_InitTick
                0x0000000008000c9c       0x6c ./Drivers/STM32H7xx_HAL_Driver/Src/stm32h7xx_hal.o
                0x0000000008000c9c                HAL_InitTick
 .text.HAL_IncTick
                0x0000000008000d08       0x28 ./Drivers/STM32H7xx_HAL_Driver/Src/stm32h7xx_hal.o
                0x0000000008000d08                HAL_IncTick
 .text.HAL_GetTick
                0x0000000008000d30       0x18 ./Drivers/STM32H7xx_HAL_Driver/Src/stm32h7xx_hal.o
                0x0000000008000d30                HAL_GetTick
 .text.HAL_Delay
                0x0000000008000d48       0x48 ./Drivers/STM32H7xx_HAL_Driver/Src/stm32h7xx_hal.o
                0x0000000008000d48                HAL_Delay
 .text.HAL_GetREVID
                0x0000000008000d90       0x18 ./Drivers/STM32H7xx_HAL_Driver/Src/stm32h7xx_hal.o
                0x0000000008000d90                HAL_GetREVID
 .text.__NVIC_SetPriorityGrouping
                0x0000000008000da8       0x48 ./Drivers/STM32H7xx_HAL_Driver/Src/stm32h7xx_hal_cortex.o
 .text.__NVIC_GetPriorityGrouping
                0x0000000008000df0       0x1c ./Drivers/STM32H7xx_HAL_Driver/Src/stm32h7xx_hal_cortex.o
 .text.__NVIC_EnableIRQ
                0x0000000008000e0c       0x3c ./Drivers/STM32H7xx_HAL_Driver/Src/stm32h7xx_hal_cortex.o
 .text.__NVIC_SetPriority
                0x0000000008000e48       0x54 ./Drivers/STM32H7xx_HAL_Driver/Src/stm32h7xx_hal_cortex.o
 .text.NVIC_EncodePriority
                0x0000000008000e9c       0x66 ./Drivers/STM32H7xx_HAL_Driver/Src/stm32h7xx_hal_cortex.o
 *fill*         0x0000000008000f02        0x2 
 .text.SysTick_Config
                0x0000000008000f04       0x44 ./Drivers/STM32H7xx_HAL_Driver/Src/stm32h7xx_hal_cortex.o
 .text.HAL_NVIC_SetPriorityGrouping
                0x0000000008000f48       0x16 ./Drivers/STM32H7xx_HAL_Driver/Src/stm32h7xx_hal_cortex.o
                0x0000000008000f48                HAL_NVIC_SetPriorityGrouping
 .text.HAL_NVIC_SetPriority
                0x0000000008000f5e       0x34 ./Drivers/STM32H7xx_HAL_Driver/Src/stm32h7xx_hal_cortex.o
                0x0000000008000f5e                HAL_NVIC_SetPriority
 .text.HAL_NVIC_EnableIRQ
                0x0000000008000f92       0x1c ./Drivers/STM32H7xx_HAL_Driver/Src/stm32h7xx_hal_cortex.o
                0x0000000008000f92                HAL_NVIC_EnableIRQ
 .text.HAL_SYSTICK_Config
                0x0000000008000fae       0x18 ./Drivers/STM32H7xx_HAL_Driver/Src/stm32h7xx_hal_cortex.o
                0x0000000008000fae                HAL_SYSTICK_Config
 *fill*         0x0000000008000fc6        0x2 
 .text.HAL_DMA_Abort_IT
                0x0000000008000fc8      0x48c ./Drivers/STM32H7xx_HAL_Driver/Src/stm32h7xx_hal_dma.o
                0x0000000008000fc8                HAL_DMA_Abort_IT
 .text.HAL_GPIO_Init
                0x0000000008001454      0x360 ./Drivers/STM32H7xx_HAL_Driver/Src/stm32h7xx_hal_gpio.o
                0x0000000008001454                HAL_GPIO_Init
 .text.HAL_GPIO_WritePin
                0x00000000080017b4       0x32 ./Drivers/STM32H7xx_HAL_Driver/Src/stm32h7xx_hal_gpio.o
                0x00000000080017b4                HAL_GPIO_WritePin
 .text.HAL_GPIO_EXTI_IRQHandler
                0x00000000080017e6       0x34 ./Drivers/STM32H7xx_HAL_Driver/Src/stm32h7xx_hal_gpio.o
                0x00000000080017e6                HAL_GPIO_EXTI_IRQHandler
 .text.HAL_PCD_Init
                0x000000000800181a      0x248 ./Drivers/STM32H7xx_HAL_Driver/Src/stm32h7xx_hal_pcd.o
                0x000000000800181a                HAL_PCD_Init
 .text.HAL_PCD_Start
                0x0000000008001a62       0x66 ./Drivers/STM32H7xx_HAL_Driver/Src/stm32h7xx_hal_pcd.o
                0x0000000008001a62                HAL_PCD_Start
 .text.HAL_PCD_IRQHandler
                0x0000000008001ac8      0x998 ./Drivers/STM32H7xx_HAL_Driver/Src/stm32h7xx_hal_pcd.o
                0x0000000008001ac8                HAL_PCD_IRQHandler
 .text.HAL_PCD_SetAddress
                0x0000000008002460       0x4a ./Drivers/STM32H7xx_HAL_Driver/Src/stm32h7xx_hal_pcd.o
                0x0000000008002460                HAL_PCD_SetAddress
 .text.HAL_PCD_EP_Open
                0x00000000080024aa       0xd0 ./Drivers/STM32H7xx_HAL_Driver/Src/stm32h7xx_hal_pcd.o
                0x00000000080024aa                HAL_PCD_EP_Open
 .text.HAL_PCD_EP_Close
                0x000000000800257a       0x94 ./Drivers/STM32H7xx_HAL_Driver/Src/stm32h7xx_hal_pcd.o
                0x000000000800257a                HAL_PCD_EP_Close
 .text.HAL_PCD_EP_Receive
                0x000000000800260e       0x96 ./Drivers/STM32H7xx_HAL_Driver/Src/stm32h7xx_hal_pcd.o
                0x000000000800260e                HAL_PCD_EP_Receive
 .text.HAL_PCD_EP_GetRxCount
                0x00000000080026a4       0x30 ./Drivers/STM32H7xx_HAL_Driver/Src/stm32h7xx_hal_pcd.o
                0x00000000080026a4                HAL_PCD_EP_GetRxCount
 .text.HAL_PCD_EP_Transmit
                0x00000000080026d4       0x94 ./Drivers/STM32H7xx_HAL_Driver/Src/stm32h7xx_hal_pcd.o
                0x00000000080026d4                HAL_PCD_EP_Transmit
 .text.HAL_PCD_EP_SetStall
                0x0000000008002768       0xc8 ./Drivers/STM32H7xx_HAL_Driver/Src/stm32h7xx_hal_pcd.o
                0x0000000008002768                HAL_PCD_EP_SetStall
 .text.HAL_PCD_EP_ClrStall
                0x0000000008002830       0xac ./Drivers/STM32H7xx_HAL_Driver/Src/stm32h7xx_hal_pcd.o
                0x0000000008002830                HAL_PCD_EP_ClrStall
 .text.HAL_PCD_EP_Abort
                0x00000000080028dc       0x62 ./Drivers/STM32H7xx_HAL_Driver/Src/stm32h7xx_hal_pcd.o
                0x00000000080028dc                HAL_PCD_EP_Abort
 .text.PCD_WriteEmptyTxFifo
                0x000000000800293e      0x11a ./Drivers/STM32H7xx_HAL_Driver/Src/stm32h7xx_hal_pcd.o
 .text.PCD_EP_OutXfrComplete_int
                0x0000000008002a58      0x1d0 ./Drivers/STM32H7xx_HAL_Driver/Src/stm32h7xx_hal_pcd.o
 .text.PCD_EP_OutSetupPacket_int
                0x0000000008002c28       0x8c ./Drivers/STM32H7xx_HAL_Driver/Src/stm32h7xx_hal_pcd.o
 .text.HAL_PCDEx_SetTxFiFo
                0x0000000008002cb4       0x8e ./Drivers/STM32H7xx_HAL_Driver/Src/stm32h7xx_hal_pcd_ex.o
                0x0000000008002cb4                HAL_PCDEx_SetTxFiFo
 .text.HAL_PCDEx_SetRxFiFo
                0x0000000008002d42       0x22 ./Drivers/STM32H7xx_HAL_Driver/Src/stm32h7xx_hal_pcd_ex.o
                0x0000000008002d42                HAL_PCDEx_SetRxFiFo
 .text.HAL_PCDEx_ActivateLPM
                0x0000000008002d64       0x48 ./Drivers/STM32H7xx_HAL_Driver/Src/stm32h7xx_hal_pcd_ex.o
                0x0000000008002d64                HAL_PCDEx_ActivateLPM
 .text.HAL_PCDEx_LPM_Callback
                0x0000000008002dac       0x18 ./Drivers/STM32H7xx_HAL_Driver/Src/stm32h7xx_hal_pcd_ex.o
                0x0000000008002dac                HAL_PCDEx_LPM_Callback
 .text.HAL_PWREx_ConfigSupply
                0x0000000008002dc4       0x74 ./Drivers/STM32H7xx_HAL_Driver/Src/stm32h7xx_hal_pwr_ex.o
                0x0000000008002dc4                HAL_PWREx_ConfigSupply
 .text.HAL_PWREx_EnableUSBVoltageDetector
                0x0000000008002e38       0x20 ./Drivers/STM32H7xx_HAL_Driver/Src/stm32h7xx_hal_pwr_ex.o
                0x0000000008002e38                HAL_PWREx_EnableUSBVoltageDetector
 .text.HAL_RCC_OscConfig
                0x0000000008002e58      0x85c ./Drivers/STM32H7xx_HAL_Driver/Src/stm32h7xx_hal_rcc.o
                0x0000000008002e58                HAL_RCC_OscConfig
 .text.HAL_RCC_ClockConfig
                0x00000000080036b4      0x36c ./Drivers/STM32H7xx_HAL_Driver/Src/stm32h7xx_hal_rcc.o
                0x00000000080036b4                HAL_RCC_ClockConfig
 .text.HAL_RCC_GetSysClockFreq
                0x0000000008003a20      0x2f4 ./Drivers/STM32H7xx_HAL_Driver/Src/stm32h7xx_hal_rcc.o
                0x0000000008003a20                HAL_RCC_GetSysClockFreq
 .text.HAL_RCC_GetHCLKFreq
                0x0000000008003d14       0x60 ./Drivers/STM32H7xx_HAL_Driver/Src/stm32h7xx_hal_rcc.o
                0x0000000008003d14                HAL_RCC_GetHCLKFreq
 .text.HAL_RCCEx_PeriphCLKConfig
                0x0000000008003d74      0xe8c ./Drivers/STM32H7xx_HAL_Driver/Src/stm32h7xx_hal_rcc_ex.o
                0x0000000008003d74                HAL_RCCEx_PeriphCLKConfig
 .text.RCCEx_PLL2_Config
                0x0000000008004c00      0x164 ./Drivers/STM32H7xx_HAL_Driver/Src/stm32h7xx_hal_rcc_ex.o
 .text.RCCEx_PLL3_Config
                0x0000000008004d64      0x164 ./Drivers/STM32H7xx_HAL_Driver/Src/stm32h7xx_hal_rcc_ex.o
 .text.HAL_SPI_Init
                0x0000000008004ec8      0x20c ./Drivers/STM32H7xx_HAL_Driver/Src/stm32h7xx_hal_spi.o
                0x0000000008004ec8                HAL_SPI_Init
 .text.HAL_SPI_Transmit
                0x00000000080050d4      0x3e4 ./Drivers/STM32H7xx_HAL_Driver/Src/stm32h7xx_hal_spi.o
                0x00000000080050d4                HAL_SPI_Transmit
 .text.HAL_SPI_TransmitReceive_IT
                0x00000000080054b8      0x354 ./Drivers/STM32H7xx_HAL_Driver/Src/stm32h7xx_hal_spi.o
                0x00000000080054b8                HAL_SPI_TransmitReceive_IT
 .text.HAL_SPI_IRQHandler
                0x000000000800580c      0x398 ./Drivers/STM32H7xx_HAL_Driver/Src/stm32h7xx_hal_spi.o
                0x000000000800580c                HAL_SPI_IRQHandler
 .text.HAL_SPI_TxCpltCallback
                0x0000000008005ba4       0x14 ./Drivers/STM32H7xx_HAL_Driver/Src/stm32h7xx_hal_spi.o
                0x0000000008005ba4                HAL_SPI_TxCpltCallback
 .text.HAL_SPI_RxCpltCallback
                0x0000000008005bb8       0x14 ./Drivers/STM32H7xx_HAL_Driver/Src/stm32h7xx_hal_spi.o
                0x0000000008005bb8                HAL_SPI_RxCpltCallback
 .text.HAL_SPI_ErrorCallback
                0x0000000008005bcc       0x14 ./Drivers/STM32H7xx_HAL_Driver/Src/stm32h7xx_hal_spi.o
                0x0000000008005bcc                HAL_SPI_ErrorCallback
 .text.SPI_DMAAbortOnError
                0x0000000008005be0       0x34 ./Drivers/STM32H7xx_HAL_Driver/Src/stm32h7xx_hal_spi.o
 .text.SPI_RxISR_8BIT
                0x0000000008005c14       0x5e ./Drivers/STM32H7xx_HAL_Driver/Src/stm32h7xx_hal_spi.o
 .text.SPI_RxISR_16BIT
                0x0000000008005c72       0x60 ./Drivers/STM32H7xx_HAL_Driver/Src/stm32h7xx_hal_spi.o
 .text.SPI_RxISR_32BIT
                0x0000000008005cd2       0x58 ./Drivers/STM32H7xx_HAL_Driver/Src/stm32h7xx_hal_spi.o
 .text.SPI_TxISR_8BIT
                0x0000000008005d2a       0x5a ./Drivers/STM32H7xx_HAL_Driver/Src/stm32h7xx_hal_spi.o
 .text.SPI_TxISR_16BIT
                0x0000000008005d84       0x5e ./Drivers/STM32H7xx_HAL_Driver/Src/stm32h7xx_hal_spi.o
 .text.SPI_TxISR_32BIT
                0x0000000008005de2       0x58 ./Drivers/STM32H7xx_HAL_Driver/Src/stm32h7xx_hal_spi.o
 *fill*         0x0000000008005e3a        0x2 
 .text.SPI_CloseTransfer
                0x0000000008005e3c      0x140 ./Drivers/STM32H7xx_HAL_Driver/Src/stm32h7xx_hal_spi.o
 .text.SPI_WaitOnFlagUntilTimeout
                0x0000000008005f7c       0x5c ./Drivers/STM32H7xx_HAL_Driver/Src/stm32h7xx_hal_spi.o
 .text.SPI_GetPacketSize
                0x0000000008005fd8       0x36 ./Drivers/STM32H7xx_HAL_Driver/Src/stm32h7xx_hal_spi.o
 *fill*         0x000000000800600e        0x2 
 .text.USB_CoreInit
                0x0000000008006010       0xdc ./Drivers/STM32H7xx_HAL_Driver/Src/stm32h7xx_ll_usb.o
                0x0000000008006010                USB_CoreInit
 .text.USB_SetTurnaroundTime
                0x00000000080060ec      0x144 ./Drivers/STM32H7xx_HAL_Driver/Src/stm32h7xx_ll_usb.o
                0x00000000080060ec                USB_SetTurnaroundTime
 .text.USB_EnableGlobalInt
                0x0000000008006230       0x22 ./Drivers/STM32H7xx_HAL_Driver/Src/stm32h7xx_ll_usb.o
                0x0000000008006230                USB_EnableGlobalInt
 .text.USB_DisableGlobalInt
                0x0000000008006252       0x22 ./Drivers/STM32H7xx_HAL_Driver/Src/stm32h7xx_ll_usb.o
                0x0000000008006252                USB_DisableGlobalInt
 .text.USB_SetCurrentMode
                0x0000000008006274       0x98 ./Drivers/STM32H7xx_HAL_Driver/Src/stm32h7xx_ll_usb.o
                0x0000000008006274                USB_SetCurrentMode
 .text.USB_DevInit
                0x000000000800630c      0x2bc ./Drivers/STM32H7xx_HAL_Driver/Src/stm32h7xx_ll_usb.o
                0x000000000800630c                USB_DevInit
 .text.USB_FlushTxFifo
                0x00000000080065c8       0x68 ./Drivers/STM32H7xx_HAL_Driver/Src/stm32h7xx_ll_usb.o
                0x00000000080065c8                USB_FlushTxFifo
 .text.USB_FlushRxFifo
                0x0000000008006630       0x60 ./Drivers/STM32H7xx_HAL_Driver/Src/stm32h7xx_ll_usb.o
                0x0000000008006630                USB_FlushRxFifo
 .text.USB_SetDevSpeed
                0x0000000008006690       0x32 ./Drivers/STM32H7xx_HAL_Driver/Src/stm32h7xx_ll_usb.o
                0x0000000008006690                USB_SetDevSpeed
 .text.USB_GetDevSpeed
                0x00000000080066c2       0x4a ./Drivers/STM32H7xx_HAL_Driver/Src/stm32h7xx_ll_usb.o
                0x00000000080066c2                USB_GetDevSpeed
 .text.USB_ActivateEndpoint
                0x000000000800670c      0x110 ./Drivers/STM32H7xx_HAL_Driver/Src/stm32h7xx_ll_usb.o
                0x000000000800670c                USB_ActivateEndpoint
 .text.USB_DeactivateEndpoint
                0x000000000800681c      0x1b8 ./Drivers/STM32H7xx_HAL_Driver/Src/stm32h7xx_ll_usb.o
                0x000000000800681c                USB_DeactivateEndpoint
 .text.USB_EPStartXfer
                0x00000000080069d4      0x4a0 ./Drivers/STM32H7xx_HAL_Driver/Src/stm32h7xx_ll_usb.o
                0x00000000080069d4                USB_EPStartXfer
 .text.USB_EP0StartXfer
                0x0000000008006e74      0x2b8 ./Drivers/STM32H7xx_HAL_Driver/Src/stm32h7xx_ll_usb.o
                0x0000000008006e74                USB_EP0StartXfer
 .text.USB_EPStopXfer
                0x000000000800712c      0x154 ./Drivers/STM32H7xx_HAL_Driver/Src/stm32h7xx_ll_usb.o
                0x000000000800712c                USB_EPStopXfer
 .text.USB_WritePacket
                0x0000000008007280       0x7c ./Drivers/STM32H7xx_HAL_Driver/Src/stm32h7xx_ll_usb.o
                0x0000000008007280                USB_WritePacket
 .text.USB_ReadPacket
                0x00000000080072fc       0xb0 ./Drivers/STM32H7xx_HAL_Driver/Src/stm32h7xx_ll_usb.o
                0x00000000080072fc                USB_ReadPacket
 .text.USB_EPSetStall
                0x00000000080073ac       0xdc ./Drivers/STM32H7xx_HAL_Driver/Src/stm32h7xx_ll_usb.o
                0x00000000080073ac                USB_EPSetStall
 .text.USB_EPClearStall
                0x0000000008007488       0xcc ./Drivers/STM32H7xx_HAL_Driver/Src/stm32h7xx_ll_usb.o
                0x0000000008007488                USB_EPClearStall
 .text.USB_SetDevAddress
                0x0000000008007554       0x4c ./Drivers/STM32H7xx_HAL_Driver/Src/stm32h7xx_ll_usb.o
                0x0000000008007554                USB_SetDevAddress
 .text.USB_DevConnect
                0x00000000080075a0       0x42 ./Drivers/STM32H7xx_HAL_Driver/Src/stm32h7xx_ll_usb.o
                0x00000000080075a0                USB_DevConnect
 .text.USB_DevDisconnect
                0x00000000080075e2       0x42 ./Drivers/STM32H7xx_HAL_Driver/Src/stm32h7xx_ll_usb.o
                0x00000000080075e2                USB_DevDisconnect
 .text.USB_ReadInterrupts
                0x0000000008007624       0x26 ./Drivers/STM32H7xx_HAL_Driver/Src/stm32h7xx_ll_usb.o
                0x0000000008007624                USB_ReadInterrupts
 .text.USB_ReadDevAllOutEpInterrupt
                0x000000000800764a       0x34 ./Drivers/STM32H7xx_HAL_Driver/Src/stm32h7xx_ll_usb.o
                0x000000000800764a                USB_ReadDevAllOutEpInterrupt
 .text.USB_ReadDevAllInEpInterrupt
                0x000000000800767e       0x34 ./Drivers/STM32H7xx_HAL_Driver/Src/stm32h7xx_ll_usb.o
                0x000000000800767e                USB_ReadDevAllInEpInterrupt
 .text.USB_ReadDevOutEPInterrupt
                0x00000000080076b2       0x3c ./Drivers/STM32H7xx_HAL_Driver/Src/stm32h7xx_ll_usb.o
                0x00000000080076b2                USB_ReadDevOutEPInterrupt
 .text.USB_ReadDevInEPInterrupt
                0x00000000080076ee       0x5c ./Drivers/STM32H7xx_HAL_Driver/Src/stm32h7xx_ll_usb.o
                0x00000000080076ee                USB_ReadDevInEPInterrupt
 .text.USB_GetMode
                0x000000000800774a       0x1c ./Drivers/STM32H7xx_HAL_Driver/Src/stm32h7xx_ll_usb.o
                0x000000000800774a                USB_GetMode
 *fill*         0x0000000008007766        0x2 
 .text.USB_ActivateSetup
                0x0000000008007768       0x48 ./Drivers/STM32H7xx_HAL_Driver/Src/stm32h7xx_ll_usb.o
                0x0000000008007768                USB_ActivateSetup
 .text.USB_EP0_OutStart
                0x00000000080077b0       0xbc ./Drivers/STM32H7xx_HAL_Driver/Src/stm32h7xx_ll_usb.o
                0x00000000080077b0                USB_EP0_OutStart
 .text.USB_CoreReset
                0x000000000800786c       0x68 ./Drivers/STM32H7xx_HAL_Driver/Src/stm32h7xx_ll_usb.o
 .text.USBD_CDC_Init
                0x00000000080078d4      0x1f0 ./Middlewares/ST/STM32_USB_Device_Library/Class/CDC/Src/usbd_cdc.o
 .text.USBD_CDC_DeInit
                0x0000000008007ac4      0x104 ./Middlewares/ST/STM32_USB_Device_Library/Class/CDC/Src/usbd_cdc.o
 .text.USBD_CDC_Setup
                0x0000000008007bc8      0x1b8 ./Middlewares/ST/STM32_USB_Device_Library/Class/CDC/Src/usbd_cdc.o
 .text.USBD_CDC_DataIn
                0x0000000008007d80       0xfe ./Middlewares/ST/STM32_USB_Device_Library/Class/CDC/Src/usbd_cdc.o
 .text.USBD_CDC_DataOut
                0x0000000008007e7e       0x70 ./Middlewares/ST/STM32_USB_Device_Library/Class/CDC/Src/usbd_cdc.o
 .text.USBD_CDC_EP0_RxReady
                0x0000000008007eee       0x76 ./Middlewares/ST/STM32_USB_Device_Library/Class/CDC/Src/usbd_cdc.o
 .text.USBD_CDC_GetFSCfgDesc
                0x0000000008007f64       0x70 ./Middlewares/ST/STM32_USB_Device_Library/Class/CDC/Src/usbd_cdc.o
 .text.USBD_CDC_GetHSCfgDesc
                0x0000000008007fd4       0x70 ./Middlewares/ST/STM32_USB_Device_Library/Class/CDC/Src/usbd_cdc.o
 .text.USBD_CDC_GetOtherSpeedCfgDesc
                0x0000000008008044       0x70 ./Middlewares/ST/STM32_USB_Device_Library/Class/CDC/Src/usbd_cdc.o
 .text.USBD_CDC_GetDeviceQualifierDescriptor
                0x00000000080080b4       0x20 ./Middlewares/ST/STM32_USB_Device_Library/Class/CDC/Src/usbd_cdc.o
                0x00000000080080b4                USBD_CDC_GetDeviceQualifierDescriptor
 .text.USBD_CDC_RegisterInterface
                0x00000000080080d4       0x34 ./Middlewares/ST/STM32_USB_Device_Library/Class/CDC/Src/usbd_cdc.o
                0x00000000080080d4                USBD_CDC_RegisterInterface
 .text.USBD_CDC_SetTxBuffer
                0x0000000008008108       0x44 ./Middlewares/ST/STM32_USB_Device_Library/Class/CDC/Src/usbd_cdc.o
                0x0000000008008108                USBD_CDC_SetTxBuffer
 .text.USBD_CDC_SetRxBuffer
                0x000000000800814c       0x3a ./Middlewares/ST/STM32_USB_Device_Library/Class/CDC/Src/usbd_cdc.o
                0x000000000800814c                USBD_CDC_SetRxBuffer
 *fill*         0x0000000008008186        0x2 
 .text.USBD_CDC_TransmitPacket
                0x0000000008008188       0x8c ./Middlewares/ST/STM32_USB_Device_Library/Class/CDC/Src/usbd_cdc.o
                0x0000000008008188                USBD_CDC_TransmitPacket
 .text.USBD_CDC_ReceivePacket
                0x0000000008008214       0x6c ./Middlewares/ST/STM32_USB_Device_Library/Class/CDC/Src/usbd_cdc.o
                0x0000000008008214                USBD_CDC_ReceivePacket
 .text.USBD_Init
                0x0000000008008280       0x60 ./Middlewares/ST/STM32_USB_Device_Library/Core/Src/usbd_core.o
                0x0000000008008280                USBD_Init
 .text.USBD_RegisterClass
                0x00000000080082e0       0x6c ./Middlewares/ST/STM32_USB_Device_Library/Core/Src/usbd_core.o
                0x00000000080082e0                USBD_RegisterClass
 .text.USBD_Start
                0x000000000800834c       0x18 ./Middlewares/ST/STM32_USB_Device_Library/Core/Src/usbd_core.o
                0x000000000800834c                USBD_Start
 .text.USBD_RunTestMode
                0x0000000008008364       0x16 ./Middlewares/ST/STM32_USB_Device_Library/Core/Src/usbd_core.o
                0x0000000008008364                USBD_RunTestMode
 .text.USBD_SetClassConfig
                0x000000000800837a       0x38 ./Middlewares/ST/STM32_USB_Device_Library/Core/Src/usbd_core.o
                0x000000000800837a                USBD_SetClassConfig
 .text.USBD_ClrClassConfig
                0x00000000080083b2       0x34 ./Middlewares/ST/STM32_USB_Device_Library/Core/Src/usbd_core.o
                0x00000000080083b2                USBD_ClrClassConfig
 .text.USBD_LL_SetupStage
                0x00000000080083e6       0xaa ./Middlewares/ST/STM32_USB_Device_Library/Core/Src/usbd_core.o
                0x00000000080083e6                USBD_LL_SetupStage
 .text.USBD_LL_DataOutStage
                0x0000000008008490      0x166 ./Middlewares/ST/STM32_USB_Device_Library/Core/Src/usbd_core.o
                0x0000000008008490                USBD_LL_DataOutStage
 .text.USBD_LL_DataInStage
                0x00000000080085f6      0x164 ./Middlewares/ST/STM32_USB_Device_Library/Core/Src/usbd_core.o
                0x00000000080085f6                USBD_LL_DataInStage
 .text.USBD_LL_Reset
                0x000000000800875a       0xa4 ./Middlewares/ST/STM32_USB_Device_Library/Core/Src/usbd_core.o
                0x000000000800875a                USBD_LL_Reset
 .text.USBD_LL_SetSpeed
                0x00000000080087fe       0x20 ./Middlewares/ST/STM32_USB_Device_Library/Core/Src/usbd_core.o
                0x00000000080087fe                USBD_LL_SetSpeed
 .text.USBD_LL_Suspend
                0x000000000800881e       0x2c ./Middlewares/ST/STM32_USB_Device_Library/Core/Src/usbd_core.o
                0x000000000800881e                USBD_LL_Suspend
 .text.USBD_LL_Resume
                0x000000000800884a       0x30 ./Middlewares/ST/STM32_USB_Device_Library/Core/Src/usbd_core.o
                0x000000000800884a                USBD_LL_Resume
 .text.USBD_LL_SOF
                0x000000000800887a       0x40 ./Middlewares/ST/STM32_USB_Device_Library/Core/Src/usbd_core.o
                0x000000000800887a                USBD_LL_SOF
 .text.USBD_LL_IsoINIncomplete
                0x00000000080088ba       0x64 ./Middlewares/ST/STM32_USB_Device_Library/Core/Src/usbd_core.o
                0x00000000080088ba                USBD_LL_IsoINIncomplete
 .text.USBD_LL_IsoOUTIncomplete
                0x000000000800891e       0x64 ./Middlewares/ST/STM32_USB_Device_Library/Core/Src/usbd_core.o
                0x000000000800891e                USBD_LL_IsoOUTIncomplete
 .text.USBD_LL_DevConnected
                0x0000000008008982       0x16 ./Middlewares/ST/STM32_USB_Device_Library/Core/Src/usbd_core.o
                0x0000000008008982                USBD_LL_DevConnected
 .text.USBD_LL_DevDisconnected
                0x0000000008008998       0x46 ./Middlewares/ST/STM32_USB_Device_Library/Core/Src/usbd_core.o
                0x0000000008008998                USBD_LL_DevDisconnected
 .text.USBD_CoreFindIF
                0x00000000080089de       0x1a ./Middlewares/ST/STM32_USB_Device_Library/Core/Src/usbd_core.o
                0x00000000080089de                USBD_CoreFindIF
 .text.USBD_CoreFindEP
                0x00000000080089f8       0x1a ./Middlewares/ST/STM32_USB_Device_Library/Core/Src/usbd_core.o
                0x00000000080089f8                USBD_CoreFindEP
 .text.USBD_GetEpDesc
                0x0000000008008a12       0x74 ./Middlewares/ST/STM32_USB_Device_Library/Core/Src/usbd_core.o
                0x0000000008008a12                USBD_GetEpDesc
 .text.USBD_GetNextDesc
                0x0000000008008a86       0x3a ./Middlewares/ST/STM32_USB_Device_Library/Core/Src/usbd_core.o
                0x0000000008008a86                USBD_GetNextDesc
 .text.SWAPBYTE
                0x0000000008008ac0       0x3c ./Middlewares/ST/STM32_USB_Device_Library/Core/Src/usbd_ctlreq.o
 .text.USBD_StdDevReq
                0x0000000008008afc       0xe4 ./Middlewares/ST/STM32_USB_Device_Library/Core/Src/usbd_ctlreq.o
                0x0000000008008afc                USBD_StdDevReq
 .text.USBD_StdItfReq
                0x0000000008008be0       0xd8 ./Middlewares/ST/STM32_USB_Device_Library/Core/Src/usbd_ctlreq.o
                0x0000000008008be0                USBD_StdItfReq
 .text.USBD_StdEPReq
                0x0000000008008cb8      0x33a ./Middlewares/ST/STM32_USB_Device_Library/Core/Src/usbd_ctlreq.o
                0x0000000008008cb8                USBD_StdEPReq
 *fill*         0x0000000008008ff2        0x2 
 .text.USBD_GetDescriptor
                0x0000000008008ff4      0x2d4 ./Middlewares/ST/STM32_USB_Device_Library/Core/Src/usbd_ctlreq.o
 .text.USBD_SetAddress
                0x00000000080092c8       0x88 ./Middlewares/ST/STM32_USB_Device_Library/Core/Src/usbd_ctlreq.o
 .text.USBD_SetConfig
                0x0000000008009350      0x154 ./Middlewares/ST/STM32_USB_Device_Library/Core/Src/usbd_ctlreq.o
 .text.USBD_GetConfig
                0x00000000080094a4       0x6c ./Middlewares/ST/STM32_USB_Device_Library/Core/Src/usbd_ctlreq.o
 .text.USBD_GetStatus
                0x0000000008009510       0x68 ./Middlewares/ST/STM32_USB_Device_Library/Core/Src/usbd_ctlreq.o
 .text.USBD_SetFeature
                0x0000000008009578       0x52 ./Middlewares/ST/STM32_USB_Device_Library/Core/Src/usbd_ctlreq.o
 .text.USBD_ClrFeature
                0x00000000080095ca       0x44 ./Middlewares/ST/STM32_USB_Device_Library/Core/Src/usbd_ctlreq.o
 .text.USBD_ParseSetupRequest
                0x000000000800960e       0x74 ./Middlewares/ST/STM32_USB_Device_Library/Core/Src/usbd_ctlreq.o
                0x000000000800960e                USBD_ParseSetupRequest
 .text.USBD_CtlError
                0x0000000008009682       0x22 ./Middlewares/ST/STM32_USB_Device_Library/Core/Src/usbd_ctlreq.o
                0x0000000008009682                USBD_CtlError
 .text.USBD_GetString
                0x00000000080096a4       0x8c ./Middlewares/ST/STM32_USB_Device_Library/Core/Src/usbd_ctlreq.o
                0x00000000080096a4                USBD_GetString
 .text.USBD_GetLen
                0x0000000008009730       0x34 ./Middlewares/ST/STM32_USB_Device_Library/Core/Src/usbd_ctlreq.o
 .text.USBD_CtlSendData
                0x0000000008009764       0x36 ./Middlewares/ST/STM32_USB_Device_Library/Core/Src/usbd_ioreq.o
                0x0000000008009764                USBD_CtlSendData
 .text.USBD_CtlContinueSendData
                0x000000000800979a       0x22 ./Middlewares/ST/STM32_USB_Device_Library/Core/Src/usbd_ioreq.o
                0x000000000800979a                USBD_CtlContinueSendData
 .text.USBD_CtlPrepareRx
                0x00000000080097bc       0x3a ./Middlewares/ST/STM32_USB_Device_Library/Core/Src/usbd_ioreq.o
                0x00000000080097bc                USBD_CtlPrepareRx
 .text.USBD_CtlContinueRx
                0x00000000080097f6       0x22 ./Middlewares/ST/STM32_USB_Device_Library/Core/Src/usbd_ioreq.o
                0x00000000080097f6                USBD_CtlContinueRx
 .text.USBD_CtlSendStatus
                0x0000000008009818       0x26 ./Middlewares/ST/STM32_USB_Device_Library/Core/Src/usbd_ioreq.o
                0x0000000008009818                USBD_CtlSendStatus
 .text.USBD_CtlReceiveStatus
                0x000000000800983e       0x26 ./Middlewares/ST/STM32_USB_Device_Library/Core/Src/usbd_ioreq.o
                0x000000000800983e                USBD_CtlReceiveStatus
 .text.MX_USB_DEVICE_Init
                0x0000000008009864       0x64 ./USB_DEVICE/App/usb_device.o
                0x0000000008009864                MX_USB_DEVICE_Init
 .text.CDC_Init_HS
                0x00000000080098c8       0x28 ./USB_DEVICE/App/usbd_cdc_if.o
 .text.CDC_DeInit_HS
                0x00000000080098f0       0x10 ./USB_DEVICE/App/usbd_cdc_if.o
 .text.CDC_Control_HS
                0x0000000008009900       0xbc ./USB_DEVICE/App/usbd_cdc_if.o
 .text.CDC_Receive_HS
                0x00000000080099bc       0x28 ./USB_DEVICE/App/usbd_cdc_if.o
 .text.CDC_Transmit_HS
                0x00000000080099e4       0x4c ./USB_DEVICE/App/usbd_cdc_if.o
                0x00000000080099e4                CDC_Transmit_HS
 .text.CDC_TransmitCplt_HS
                0x0000000008009a30       0x22 ./USB_DEVICE/App/usbd_cdc_if.o
 *fill*         0x0000000008009a52        0x2 
 .text.USBD_HS_DeviceDescriptor
                0x0000000008009a54       0x24 ./USB_DEVICE/App/usbd_desc.o
                0x0000000008009a54                USBD_HS_DeviceDescriptor
 .text.USBD_HS_LangIDStrDescriptor
                0x0000000008009a78       0x24 ./USB_DEVICE/App/usbd_desc.o
                0x0000000008009a78                USBD_HS_LangIDStrDescriptor
 .text.USBD_HS_ProductStrDescriptor
                0x0000000008009a9c       0x3c ./USB_DEVICE/App/usbd_desc.o
                0x0000000008009a9c                USBD_HS_ProductStrDescriptor
 .text.USBD_HS_ManufacturerStrDescriptor
                0x0000000008009ad8       0x28 ./USB_DEVICE/App/usbd_desc.o
                0x0000000008009ad8                USBD_HS_ManufacturerStrDescriptor
 .text.USBD_HS_SerialStrDescriptor
                0x0000000008009b00       0x24 ./USB_DEVICE/App/usbd_desc.o
                0x0000000008009b00                USBD_HS_SerialStrDescriptor
 .text.USBD_HS_ConfigStrDescriptor
                0x0000000008009b24       0x3c ./USB_DEVICE/App/usbd_desc.o
                0x0000000008009b24                USBD_HS_ConfigStrDescriptor
 .text.USBD_HS_InterfaceStrDescriptor
                0x0000000008009b60       0x3c ./USB_DEVICE/App/usbd_desc.o
                0x0000000008009b60                USBD_HS_InterfaceStrDescriptor
 .text.Get_SerialNum
                0x0000000008009b9c       0x58 ./USB_DEVICE/App/usbd_desc.o
 .text.IntToUnicode
                0x0000000008009bf4       0x7e ./USB_DEVICE/App/usbd_desc.o
 *fill*         0x0000000008009c72        0x2 
 .text.HAL_PCD_MspInit
                0x0000000008009c74      0x19c ./USB_DEVICE/Target/usbd_conf.o
                0x0000000008009c74                HAL_PCD_MspInit
 .text.HAL_PCD_SetupStageCallback
                0x0000000008009e10       0x24 ./USB_DEVICE/Target/usbd_conf.o
                0x0000000008009e10                HAL_PCD_SetupStageCallback
 .text.HAL_PCD_DataOutStageCallback
                0x0000000008009e34       0x36 ./USB_DEVICE/Target/usbd_conf.o
                0x0000000008009e34                HAL_PCD_DataOutStageCallback
 .text.HAL_PCD_DataInStageCallback
                0x0000000008009e6a       0x34 ./USB_DEVICE/Target/usbd_conf.o
                0x0000000008009e6a                HAL_PCD_DataInStageCallback
 .text.HAL_PCD_SOFCallback
                0x0000000008009e9e       0x1c ./USB_DEVICE/Target/usbd_conf.o
                0x0000000008009e9e                HAL_PCD_SOFCallback
 .text.HAL_PCD_ResetCallback
                0x0000000008009eba       0x50 ./USB_DEVICE/Target/usbd_conf.o
                0x0000000008009eba                HAL_PCD_ResetCallback
 *fill*         0x0000000008009f0a        0x2 
 .text.HAL_PCD_SuspendCallback
                0x0000000008009f0c       0x4c ./USB_DEVICE/Target/usbd_conf.o
                0x0000000008009f0c                HAL_PCD_SuspendCallback
 .text.HAL_PCD_ResumeCallback
                0x0000000008009f58       0x1c ./USB_DEVICE/Target/usbd_conf.o
                0x0000000008009f58                HAL_PCD_ResumeCallback
 .text.HAL_PCD_ISOOUTIncompleteCallback
                0x0000000008009f74       0x24 ./USB_DEVICE/Target/usbd_conf.o
                0x0000000008009f74                HAL_PCD_ISOOUTIncompleteCallback
 .text.HAL_PCD_ISOINIncompleteCallback
                0x0000000008009f98       0x24 ./USB_DEVICE/Target/usbd_conf.o
                0x0000000008009f98                HAL_PCD_ISOINIncompleteCallback
 .text.HAL_PCD_ConnectCallback
                0x0000000008009fbc       0x1c ./USB_DEVICE/Target/usbd_conf.o
                0x0000000008009fbc                HAL_PCD_ConnectCallback
 .text.HAL_PCD_DisconnectCallback
                0x0000000008009fd8       0x1c ./USB_DEVICE/Target/usbd_conf.o
                0x0000000008009fd8                HAL_PCD_DisconnectCallback
 .text.USBD_LL_Init
                0x0000000008009ff4       0xa4 ./USB_DEVICE/Target/usbd_conf.o
                0x0000000008009ff4                USBD_LL_Init
 .text.USBD_LL_Start
                0x000000000800a098       0x36 ./USB_DEVICE/Target/usbd_conf.o
                0x000000000800a098                USBD_LL_Start
 .text.USBD_LL_OpenEP
                0x000000000800a0ce       0x4c ./USB_DEVICE/Target/usbd_conf.o
                0x000000000800a0ce                USBD_LL_OpenEP
 .text.USBD_LL_CloseEP
                0x000000000800a11a       0x3e ./USB_DEVICE/Target/usbd_conf.o
                0x000000000800a11a                USBD_LL_CloseEP
 .text.USBD_LL_StallEP
                0x000000000800a158       0x3e ./USB_DEVICE/Target/usbd_conf.o
                0x000000000800a158                USBD_LL_StallEP
 .text.USBD_LL_ClearStallEP
                0x000000000800a196       0x3e ./USB_DEVICE/Target/usbd_conf.o
                0x000000000800a196                USBD_LL_ClearStallEP
 .text.USBD_LL_IsStallEP
                0x000000000800a1d4       0x58 ./USB_DEVICE/Target/usbd_conf.o
                0x000000000800a1d4                USBD_LL_IsStallEP
 .text.USBD_LL_SetUSBAddress
                0x000000000800a22c       0x3e ./USB_DEVICE/Target/usbd_conf.o
                0x000000000800a22c                USBD_LL_SetUSBAddress
 .text.USBD_LL_Transmit
                0x000000000800a26a       0x42 ./USB_DEVICE/Target/usbd_conf.o
                0x000000000800a26a                USBD_LL_Transmit
 .text.USBD_LL_PrepareReceive
                0x000000000800a2ac       0x42 ./USB_DEVICE/Target/usbd_conf.o
                0x000000000800a2ac                USBD_LL_PrepareReceive
 .text.USBD_LL_GetRxDataSize
                0x000000000800a2ee       0x26 ./USB_DEVICE/Target/usbd_conf.o
                0x000000000800a2ee                USBD_LL_GetRxDataSize
 .text.USBD_static_malloc
                0x000000000800a314       0x1c ./USB_DEVICE/Target/usbd_conf.o
                0x000000000800a314                USBD_static_malloc
 .text.USBD_static_free
                0x000000000800a330       0x14 ./USB_DEVICE/Target/usbd_conf.o
                0x000000000800a330                USBD_static_free
 .text.USBD_Get_USB_Status
                0x000000000800a344       0x58 ./USB_DEVICE/Target/usbd_conf.o
                0x000000000800a344                USBD_Get_USB_Status
 .text.__errno  0x000000000800a39c        0xc c:/st/stm32cubeide_1.6.1/stm32cubeide/plugins/com.st.stm32cube.ide.mcu.externaltools.gnu-tools-for-stm32.10.3-2021.10.win32_1.0.0.202111181127/tools/bin/../lib/gcc/arm-none-eabi/10.3.1/../../../../arm-none-eabi/lib/thumb/v7e-m+dp/hard\libc_nano.a(lib_a-errno.o)
                0x000000000800a39c                __errno
 .text.__libc_init_array
                0x000000000800a3a8       0x48 c:/st/stm32cubeide_1.6.1/stm32cubeide/plugins/com.st.stm32cube.ide.mcu.externaltools.gnu-tools-for-stm32.10.3-2021.10.win32_1.0.0.202111181127/tools/bin/../lib/gcc/arm-none-eabi/10.3.1/../../../../arm-none-eabi/lib/thumb/v7e-m+dp/hard\libc_nano.a(lib_a-init.o)
                0x000000000800a3a8                __libc_init_array
 .text.memset   0x000000000800a3f0       0x10 c:/st/stm32cubeide_1.6.1/stm32cubeide/plugins/com.st.stm32cube.ide.mcu.externaltools.gnu-tools-for-stm32.10.3-2021.10.win32_1.0.0.202111181127/tools/bin/../lib/gcc/arm-none-eabi/10.3.1/../../../../arm-none-eabi/lib/thumb/v7e-m+dp/hard\libc_nano.a(lib_a-memset.o)
                0x000000000800a3f0                memset
 .text.sprintf  0x000000000800a400       0x40 c:/st/stm32cubeide_1.6.1/stm32cubeide/plugins/com.st.stm32cube.ide.mcu.externaltools.gnu-tools-for-stm32.10.3-2021.10.win32_1.0.0.202111181127/tools/bin/../lib/gcc/arm-none-eabi/10.3.1/../../../../arm-none-eabi/lib/thumb/v7e-m+dp/hard\libc_nano.a(lib_a-sprintf.o)
                0x000000000800a400                siprintf
                0x000000000800a400                sprintf
 .text.__ssputs_r
                0x000000000800a440       0xb6 c:/st/stm32cubeide_1.6.1/stm32cubeide/plugins/com.st.stm32cube.ide.mcu.externaltools.gnu-tools-for-stm32.10.3-2021.10.win32_1.0.0.202111181127/tools/bin/../lib/gcc/arm-none-eabi/10.3.1/../../../../arm-none-eabi/lib/thumb/v7e-m+dp/hard\libc_nano.a(lib_a-nano-svfprintf.o)
                0x000000000800a440                __ssputs_r
 *fill*         0x000000000800a4f6        0x2 
 .text._svfprintf_r
                0x000000000800a4f8      0x200 c:/st/stm32cubeide_1.6.1/stm32cubeide/plugins/com.st.stm32cube.ide.mcu.externaltools.gnu-tools-for-stm32.10.3-2021.10.win32_1.0.0.202111181127/tools/bin/../lib/gcc/arm-none-eabi/10.3.1/../../../../arm-none-eabi/lib/thumb/v7e-m+dp/hard\libc_nano.a(lib_a-nano-svfprintf.o)
                0x000000000800a4f8                _svfiprintf_r
                0x000000000800a4f8                _svfprintf_r
 .text._printf_common
                0x000000000800a6f8       0xda c:/st/stm32cubeide_1.6.1/stm32cubeide/plugins/com.st.stm32cube.ide.mcu.externaltools.gnu-tools-for-stm32.10.3-2021.10.win32_1.0.0.202111181127/tools/bin/../lib/gcc/arm-none-eabi/10.3.1/../../../../arm-none-eabi/lib/thumb/v7e-m+dp/hard\libc_nano.a(lib_a-nano-vfprintf_i.o)
                0x000000000800a6f8                _printf_common
 *fill*         0x000000000800a7d2        0x2 
 .text._printf_i
                0x000000000800a7d4      0x24c c:/st/stm32cubeide_1.6.1/stm32cubeide/plugins/com.st.stm32cube.ide.mcu.externaltools.gnu-tools-for-stm32.10.3-2021.10.win32_1.0.0.202111181127/tools/bin/../lib/gcc/arm-none-eabi/10.3.1/../../../../arm-none-eabi/lib/thumb/v7e-m+dp/hard\libc_nano.a(lib_a-nano-vfprintf_i.o)
                0x000000000800a7d4                _printf_i
 .text.memcpy   0x000000000800aa20       0x1c c:/st/stm32cubeide_1.6.1/stm32cubeide/plugins/com.st.stm32cube.ide.mcu.externaltools.gnu-tools-for-stm32.10.3-2021.10.win32_1.0.0.202111181127/tools/bin/../lib/gcc/arm-none-eabi/10.3.1/../../../../arm-none-eabi/lib/thumb/v7e-m+dp/hard\libc_nano.a(lib_a-memcpy-stub.o)
                0x000000000800aa20                memcpy
 .text.memmove  0x000000000800aa3c       0x34 c:/st/stm32cubeide_1.6.1/stm32cubeide/plugins/com.st.stm32cube.ide.mcu.externaltools.gnu-tools-for-stm32.10.3-2021.10.win32_1.0.0.202111181127/tools/bin/../lib/gcc/arm-none-eabi/10.3.1/../../../../arm-none-eabi/lib/thumb/v7e-m+dp/hard\libc_nano.a(lib_a-memmove.o)
                0x000000000800aa3c                memmove
 .text._free_r  0x000000000800aa70       0x98 c:/st/stm32cubeide_1.6.1/stm32cubeide/plugins/com.st.stm32cube.ide.mcu.externaltools.gnu-tools-for-stm32.10.3-2021.10.win32_1.0.0.202111181127/tools/bin/../lib/gcc/arm-none-eabi/10.3.1/../../../../arm-none-eabi/lib/thumb/v7e-m+dp/hard\libc_nano.a(lib_a-nano-freer.o)
                0x000000000800aa70                _free_r
 .text.sbrk_aligned
                0x000000000800ab08       0x40 c:/st/stm32cubeide_1.6.1/stm32cubeide/plugins/com.st.stm32cube.ide.mcu.externaltools.gnu-tools-for-stm32.10.3-2021.10.win32_1.0.0.202111181127/tools/bin/../lib/gcc/arm-none-eabi/10.3.1/../../../../arm-none-eabi/lib/thumb/v7e-m+dp/hard\libc_nano.a(lib_a-nano-mallocr.o)
 .text._malloc_r
                0x000000000800ab48       0xe8 c:/st/stm32cubeide_1.6.1/stm32cubeide/plugins/com.st.stm32cube.ide.mcu.externaltools.gnu-tools-for-stm32.10.3-2021.10.win32_1.0.0.202111181127/tools/bin/../lib/gcc/arm-none-eabi/10.3.1/../../../../arm-none-eabi/lib/thumb/v7e-m+dp/hard\libc_nano.a(lib_a-nano-mallocr.o)
                0x000000000800ab48                _malloc_r
 .text._realloc_r
                0x000000000800ac30       0x5e c:/st/stm32cubeide_1.6.1/stm32cubeide/plugins/com.st.stm32cube.ide.mcu.externaltools.gnu-tools-for-stm32.10.3-2021.10.win32_1.0.0.202111181127/tools/bin/../lib/gcc/arm-none-eabi/10.3.1/../../../../arm-none-eabi/lib/thumb/v7e-m+dp/hard\libc_nano.a(lib_a-nano-reallocr.o)
                0x000000000800ac30                _realloc_r
 *fill*         0x000000000800ac8e        0x2 
 .text._sbrk_r  0x000000000800ac90       0x20 c:/st/stm32cubeide_1.6.1/stm32cubeide/plugins/com.st.stm32cube.ide.mcu.externaltools.gnu-tools-for-stm32.10.3-2021.10.win32_1.0.0.202111181127/tools/bin/../lib/gcc/arm-none-eabi/10.3.1/../../../../arm-none-eabi/lib/thumb/v7e-m+dp/hard\libc_nano.a(lib_a-sbrkr.o)
                0x000000000800ac90                _sbrk_r
 .text.__malloc_lock
                0x000000000800acb0        0xc c:/st/stm32cubeide_1.6.1/stm32cubeide/plugins/com.st.stm32cube.ide.mcu.externaltools.gnu-tools-for-stm32.10.3-2021.10.win32_1.0.0.202111181127/tools/bin/../lib/gcc/arm-none-eabi/10.3.1/../../../../arm-none-eabi/lib/thumb/v7e-m+dp/hard\libc_nano.a(lib_a-mlock.o)
                0x000000000800acb0                __malloc_lock
 .text.__malloc_unlock
                0x000000000800acbc        0xc c:/st/stm32cubeide_1.6.1/stm32cubeide/plugins/com.st.stm32cube.ide.mcu.externaltools.gnu-tools-for-stm32.10.3-2021.10.win32_1.0.0.202111181127/tools/bin/../lib/gcc/arm-none-eabi/10.3.1/../../../../arm-none-eabi/lib/thumb/v7e-m+dp/hard\libc_nano.a(lib_a-mlock.o)
                0x000000000800acbc                __malloc_unlock
 .text._malloc_usable_size_r
                0x000000000800acc8       0x10 c:/st/stm32cubeide_1.6.1/stm32cubeide/plugins/com.st.stm32cube.ide.mcu.externaltools.gnu-tools-for-stm32.10.3-2021.10.win32_1.0.0.202111181127/tools/bin/../lib/gcc/arm-none-eabi/10.3.1/../../../../arm-none-eabi/lib/thumb/v7e-m+dp/hard\libc_nano.a(lib_a-nano-msizer.o)
                0x000000000800acc8                _malloc_usable_size_r
 .text.__retarget_lock_acquire_recursive
                0x000000000800acd8        0x2 c:/st/stm32cubeide_1.6.1/stm32cubeide/plugins/com.st.stm32cube.ide.mcu.externaltools.gnu-tools-for-stm32.10.3-2021.10.win32_1.0.0.202111181127/tools/bin/../lib/gcc/arm-none-eabi/10.3.1/../../../../arm-none-eabi/lib/thumb/v7e-m+dp/hard\libc_nano.a(lib_a-lock.o)
                0x000000000800acd8                __retarget_lock_acquire_recursive
 .text.__retarget_lock_release_recursive
                0x000000000800acda        0x2 c:/st/stm32cubeide_1.6.1/stm32cubeide/plugins/com.st.stm32cube.ide.mcu.externaltools.gnu-tools-for-stm32.10.3-2021.10.win32_1.0.0.202111181127/tools/bin/../lib/gcc/arm-none-eabi/10.3.1/../../../../arm-none-eabi/lib/thumb/v7e-m+dp/hard\libc_nano.a(lib_a-lock.o)
                0x000000000800acda                __retarget_lock_release_recursive
 *(.glue_7)
 .glue_7        0x000000000800acdc        0x0 linker stubs
 *(.glue_7t)
 .glue_7t       0x000000000800acdc        0x0 linker stubs
 *(.eh_frame)
 .eh_frame      0x000000000800acdc        0x0 c:/st/stm32cubeide_1.6.1/stm32cubeide/plugins/com.st.stm32cube.ide.mcu.externaltools.gnu-tools-for-stm32.10.3-2021.10.win32_1.0.0.202111181127/tools/bin/../lib/gcc/arm-none-eabi/10.3.1/thumb/v7e-m+dp/hard/crtbegin.o
 *(.init)
 .init          0x000000000800acdc        0x4 c:/st/stm32cubeide_1.6.1/stm32cubeide/plugins/com.st.stm32cube.ide.mcu.externaltools.gnu-tools-for-stm32.10.3-2021.10.win32_1.0.0.202111181127/tools/bin/../lib/gcc/arm-none-eabi/10.3.1/thumb/v7e-m+dp/hard/crti.o
                0x000000000800acdc                _init
 .init          0x000000000800ace0        0x8 c:/st/stm32cubeide_1.6.1/stm32cubeide/plugins/com.st.stm32cube.ide.mcu.externaltools.gnu-tools-for-stm32.10.3-2021.10.win32_1.0.0.202111181127/tools/bin/../lib/gcc/arm-none-eabi/10.3.1/thumb/v7e-m+dp/hard/crtn.o
 *(.fini)
 .fini          0x000000000800ace8        0x4 c:/st/stm32cubeide_1.6.1/stm32cubeide/plugins/com.st.stm32cube.ide.mcu.externaltools.gnu-tools-for-stm32.10.3-2021.10.win32_1.0.0.202111181127/tools/bin/../lib/gcc/arm-none-eabi/10.3.1/thumb/v7e-m+dp/hard/crti.o
                0x000000000800ace8                _fini
 .fini          0x000000000800acec        0x8 c:/st/stm32cubeide_1.6.1/stm32cubeide/plugins/com.st.stm32cube.ide.mcu.externaltools.gnu-tools-for-stm32.10.3-2021.10.win32_1.0.0.202111181127/tools/bin/../lib/gcc/arm-none-eabi/10.3.1/thumb/v7e-m+dp/hard/crtn.o
                0x000000000800acf4                . = ALIGN (0x4)
                0x000000000800acf4                _etext = .

.vfp11_veneer   0x000000000800acf4        0x0
 .vfp11_veneer  0x000000000800acf4        0x0 linker stubs

.v4_bx          0x000000000800acf4        0x0
 .v4_bx         0x000000000800acf4        0x0 linker stubs

.iplt           0x000000000800acf4        0x0
 .iplt          0x000000000800acf4        0x0 c:/st/stm32cubeide_1.6.1/stm32cubeide/plugins/com.st.stm32cube.ide.mcu.externaltools.gnu-tools-for-stm32.10.3-2021.10.win32_1.0.0.202111181127/tools/bin/../lib/gcc/arm-none-eabi/10.3.1/thumb/v7e-m+dp/hard/crtbegin.o

.rodata         0x000000000800acf4       0xb8
                0x000000000800acf4                . = ALIGN (0x4)
 *(.rodata)
 .rodata        0x000000000800acf4       0x2c ./Core/Src/main.o
 .rodata        0x000000000800ad20       0x46 ./USB_DEVICE/App/usbd_desc.o
 *(.rodata*)
 *fill*         0x000000000800ad66        0x2 
 .rodata.D1CorePrescTable
                0x000000000800ad68       0x10 ./Core/Src/system_stm32h7xx.o
                0x000000000800ad68                D1CorePrescTable
 .rodata._svfprintf_r.str1.1
                0x000000000800ad78       0x11 c:/st/stm32cubeide_1.6.1/stm32cubeide/plugins/com.st.stm32cube.ide.mcu.externaltools.gnu-tools-for-stm32.10.3-2021.10.win32_1.0.0.202111181127/tools/bin/../lib/gcc/arm-none-eabi/10.3.1/../../../../arm-none-eabi/lib/thumb/v7e-m+dp/hard\libc_nano.a(lib_a-nano-svfprintf.o)
 .rodata._printf_i.str1.1
                0x000000000800ad89       0x22 c:/st/stm32cubeide_1.6.1/stm32cubeide/plugins/com.st.stm32cube.ide.mcu.externaltools.gnu-tools-for-stm32.10.3-2021.10.win32_1.0.0.202111181127/tools/bin/../lib/gcc/arm-none-eabi/10.3.1/../../../../arm-none-eabi/lib/thumb/v7e-m+dp/hard\libc_nano.a(lib_a-nano-vfprintf_i.o)
                0x000000000800adac                . = ALIGN (0x4)
 *fill*         0x000000000800adab        0x1 

.rel.dyn        0x000000000800adac        0x0
 .rel.iplt      0x000000000800adac        0x0 c:/st/stm32cubeide_1.6.1/stm32cubeide/plugins/com.st.stm32cube.ide.mcu.externaltools.gnu-tools-for-stm32.10.3-2021.10.win32_1.0.0.202111181127/tools/bin/../lib/gcc/arm-none-eabi/10.3.1/thumb/v7e-m+dp/hard/crtbegin.o

.ARM.extab
 *(.ARM.extab* .gnu.linkonce.armextab.*)

.ARM            0x000000000800adac        0x0
                0x000000000800adac                __exidx_start = .
 *(.ARM.exidx*)
                0x000000000800adac                __exidx_end = .

.preinit_array  0x000000000800adac        0x0
                0x000000000800adac                PROVIDE (__preinit_array_start = .)
 *(.preinit_array*)
                0x000000000800adac                PROVIDE (__preinit_array_end = .)

.init_array     0x000000000800adac        0x4
                0x000000000800adac                PROVIDE (__init_array_start = .)
 *(SORT_BY_NAME(.init_array.*))
 *(.init_array*)
 .init_array    0x000000000800adac        0x4 c:/st/stm32cubeide_1.6.1/stm32cubeide/plugins/com.st.stm32cube.ide.mcu.externaltools.gnu-tools-for-stm32.10.3-2021.10.win32_1.0.0.202111181127/tools/bin/../lib/gcc/arm-none-eabi/10.3.1/thumb/v7e-m+dp/hard/crtbegin.o
                0x000000000800adb0                PROVIDE (__init_array_end = .)

.fini_array     0x000000000800adb0        0x4
                [!provide]                        PROVIDE (__fini_array_start = .)
 *(SORT_BY_NAME(.fini_array.*))
 *(.fini_array*)
 .fini_array    0x000000000800adb0        0x4 c:/st/stm32cubeide_1.6.1/stm32cubeide/plugins/com.st.stm32cube.ide.mcu.externaltools.gnu-tools-for-stm32.10.3-2021.10.win32_1.0.0.202111181127/tools/bin/../lib/gcc/arm-none-eabi/10.3.1/thumb/v7e-m+dp/hard/crtbegin.o
                [!provide]                        PROVIDE (__fini_array_end = .)
                0x000000000800adb4                _sidata = LOADADDR (.data)

.data           0x0000000024000000      0x164 load address 0x000000000800adb4
                0x0000000024000000                . = ALIGN (0x4)
                0x0000000024000000                _sdata = .
 *(.data)
 *(.data*)
 .data.SystemCoreClock
                0x0000000024000000        0x4 ./Core/Src/system_stm32h7xx.o
                0x0000000024000000                SystemCoreClock
 .data.SystemD2Clock
                0x0000000024000004        0x4 ./Core/Src/system_stm32h7xx.o
                0x0000000024000004                SystemD2Clock
 .data.uwTickPrio
                0x0000000024000008        0x4 ./Drivers/STM32H7xx_HAL_Driver/Src/stm32h7xx_hal.o
                0x0000000024000008                uwTickPrio
 .data.uwTickFreq
                0x000000002400000c        0x1 ./Drivers/STM32H7xx_HAL_Driver/Src/stm32h7xx_hal.o
                0x000000002400000c                uwTickFreq
 *fill*         0x000000002400000d        0x3 
 .data.USBD_CDC_DeviceQualifierDesc
                0x0000000024000010        0xa ./Middlewares/ST/STM32_USB_Device_Library/Class/CDC/Src/usbd_cdc.o
 *fill*         0x000000002400001a        0x2 
 .data.USBD_CDC
                0x000000002400001c       0x38 ./Middlewares/ST/STM32_USB_Device_Library/Class/CDC/Src/usbd_cdc.o
                0x000000002400001c                USBD_CDC
 .data.USBD_CDC_CfgDesc
                0x0000000024000054       0x43 ./Middlewares/ST/STM32_USB_Device_Library/Class/CDC/Src/usbd_cdc.o
 .data.CDCInEpAdd
                0x0000000024000097        0x1 ./Middlewares/ST/STM32_USB_Device_Library/Class/CDC/Src/usbd_cdc.o
 .data.CDCOutEpAdd
                0x0000000024000098        0x1 ./Middlewares/ST/STM32_USB_Device_Library/Class/CDC/Src/usbd_cdc.o
 .data.CDCCmdEpAdd
                0x0000000024000099        0x1 ./Middlewares/ST/STM32_USB_Device_Library/Class/CDC/Src/usbd_cdc.o
 *fill*         0x000000002400009a        0x2 
 .data.USBD_Interface_fops_HS
                0x000000002400009c       0x14 ./USB_DEVICE/App/usbd_cdc_if.o
                0x000000002400009c                USBD_Interface_fops_HS
 .data.HS_Desc  0x00000000240000b0       0x1c ./USB_DEVICE/App/usbd_desc.o
                0x00000000240000b0                HS_Desc
 .data.USBD_HS_DeviceDesc
                0x00000000240000cc       0x12 ./USB_DEVICE/App/usbd_desc.o
                0x00000000240000cc                USBD_HS_DeviceDesc
 *fill*         0x00000000240000de        0x2 
 .data.USBD_LangIDDesc
                0x00000000240000e0        0x4 ./USB_DEVICE/App/usbd_desc.o
                0x00000000240000e0                USBD_LangIDDesc
 .data.USBD_StringSerial
                0x00000000240000e4       0x1a ./USB_DEVICE/App/usbd_desc.o
                0x00000000240000e4                USBD_StringSerial
 *fill*         0x00000000240000fe        0x2 
 .data._impure_ptr
                0x0000000024000100        0x4 c:/st/stm32cubeide_1.6.1/stm32cubeide/plugins/com.st.stm32cube.ide.mcu.externaltools.gnu-tools-for-stm32.10.3-2021.10.win32_1.0.0.202111181127/tools/bin/../lib/gcc/arm-none-eabi/10.3.1/../../../../arm-none-eabi/lib/thumb/v7e-m+dp/hard\libc_nano.a(lib_a-impure.o)
                0x0000000024000100                _impure_ptr
 .data.impure_data
                0x0000000024000104       0x60 c:/st/stm32cubeide_1.6.1/stm32cubeide/plugins/com.st.stm32cube.ide.mcu.externaltools.gnu-tools-for-stm32.10.3-2021.10.win32_1.0.0.202111181127/tools/bin/../lib/gcc/arm-none-eabi/10.3.1/../../../../arm-none-eabi/lib/thumb/v7e-m+dp/hard\libc_nano.a(lib_a-impure.o)
 *(.RamFunc)
 *(.RamFunc*)
                0x0000000024000164                . = ALIGN (0x4)
                0x0000000024000164                _edata = .

.igot.plt       0x0000000024000164        0x0 load address 0x000000000800af18
 .igot.plt      0x0000000024000164        0x0 c:/st/stm32cubeide_1.6.1/stm32cubeide/plugins/com.st.stm32cube.ide.mcu.externaltools.gnu-tools-for-stm32.10.3-2021.10.win32_1.0.0.202111181127/tools/bin/../lib/gcc/arm-none-eabi/10.3.1/thumb/v7e-m+dp/hard/crtbegin.o
                0x0000000024000164                . = ALIGN (0x4)

.bss            0x0000000024000164     0x1ccc load address 0x000000000800af18
                0x0000000024000164                _sbss = .
                0x0000000024000164                __bss_start__ = _sbss
 *(.bss)
 .bss           0x0000000024000164       0x1c c:/st/stm32cubeide_1.6.1/stm32cubeide/plugins/com.st.stm32cube.ide.mcu.externaltools.gnu-tools-for-stm32.10.3-2021.10.win32_1.0.0.202111181127/tools/bin/../lib/gcc/arm-none-eabi/10.3.1/thumb/v7e-m+dp/hard/crtbegin.o
 *(.bss*)
 .bss.SPI_flag  0x0000000024000180        0x1 ./Core/Src/main.o
                0x0000000024000180                SPI_flag
 .bss.INT_flag  0x0000000024000181        0x1 ./Core/Src/main.o
                0x0000000024000181                INT_flag
 *fill*         0x0000000024000182        0x2 
 .bss.hspi4     0x0000000024000184       0x88 ./Core/Src/spi.o
                0x0000000024000184                hspi4
 .bss.__sbrk_heap_end
                0x000000002400020c        0x4 ./Core/Src/sysmem.o
 .bss.uwTick    0x0000000024000210        0x4 ./Drivers/STM32H7xx_HAL_Driver/Src/stm32h7xx_hal.o
                0x0000000024000210                uwTick
 .bss.cfgidx.0  0x0000000024000214        0x1 ./Middlewares/ST/STM32_USB_Device_Library/Core/Src/usbd_ctlreq.o
 *fill*         0x0000000024000215        0x3 
 .bss.hUsbDeviceHS
                0x0000000024000218      0x2dc ./USB_DEVICE/App/usb_device.o
                0x0000000024000218                hUsbDeviceHS
 .bss.UserRxBufferHS
                0x00000000240004f4      0x800 ./USB_DEVICE/App/usbd_cdc_if.o
                0x00000000240004f4                UserRxBufferHS
 .bss.UserTxBufferHS
                0x0000000024000cf4      0x800 ./USB_DEVICE/App/usbd_cdc_if.o
                0x0000000024000cf4                UserTxBufferHS
 .bss.USBD_StrDesc
                0x00000000240014f4      0x200 ./USB_DEVICE/App/usbd_desc.o
                0x00000000240014f4                USBD_StrDesc
 .bss.hpcd_USB_OTG_HS
                0x00000000240016f4      0x50c ./USB_DEVICE/Target/usbd_conf.o
                0x00000000240016f4                hpcd_USB_OTG_HS
 .bss.mem.0     0x0000000024001c00      0x220 ./USB_DEVICE/Target/usbd_conf.o
 .bss.__malloc_free_list
                0x0000000024001e20        0x4 c:/st/stm32cubeide_1.6.1/stm32cubeide/plugins/com.st.stm32cube.ide.mcu.externaltools.gnu-tools-for-stm32.10.3-2021.10.win32_1.0.0.202111181127/tools/bin/../lib/gcc/arm-none-eabi/10.3.1/../../../../arm-none-eabi/lib/thumb/v7e-m+dp/hard\libc_nano.a(lib_a-nano-mallocr.o)
                0x0000000024001e20                __malloc_free_list
 .bss.__malloc_sbrk_start
                0x0000000024001e24        0x4 c:/st/stm32cubeide_1.6.1/stm32cubeide/plugins/com.st.stm32cube.ide.mcu.externaltools.gnu-tools-for-stm32.10.3-2021.10.win32_1.0.0.202111181127/tools/bin/../lib/gcc/arm-none-eabi/10.3.1/../../../../arm-none-eabi/lib/thumb/v7e-m+dp/hard\libc_nano.a(lib_a-nano-mallocr.o)
                0x0000000024001e24                __malloc_sbrk_start
 .bss.errno     0x0000000024001e28        0x4 c:/st/stm32cubeide_1.6.1/stm32cubeide/plugins/com.st.stm32cube.ide.mcu.externaltools.gnu-tools-for-stm32.10.3-2021.10.win32_1.0.0.202111181127/tools/bin/../lib/gcc/arm-none-eabi/10.3.1/../../../../arm-none-eabi/lib/thumb/v7e-m+dp/hard\libc_nano.a(lib_a-reent.o)
                0x0000000024001e28                errno
 .bss.__lock___malloc_recursive_mutex
                0x0000000024001e2c        0x1 c:/st/stm32cubeide_1.6.1/stm32cubeide/plugins/com.st.stm32cube.ide.mcu.externaltools.gnu-tools-for-stm32.10.3-2021.10.win32_1.0.0.202111181127/tools/bin/../lib/gcc/arm-none-eabi/10.3.1/../../../../arm-none-eabi/lib/thumb/v7e-m+dp/hard\libc_nano.a(lib_a-lock.o)
                0x0000000024001e2c                __lock___malloc_recursive_mutex
 *(COMMON)
                0x0000000024001e30                . = ALIGN (0x4)
 *fill*         0x0000000024001e2d        0x3 
                0x0000000024001e30                _ebss = .
                0x0000000024001e30                __bss_end__ = _ebss

._user_heap_stack
                0x0000000024001e30      0x600 load address 0x000000000800af18
                0x0000000024001e30                . = ALIGN (0x8)
                [!provide]                        PROVIDE (end = .)
                0x0000000024001e30                PROVIDE (_end = .)
                0x0000000024002030                . = (. + _Min_Heap_Size)
 *fill*         0x0000000024001e30      0x200 
                0x0000000024002430                . = (. + _Min_Stack_Size)
 *fill*         0x0000000024002030      0x400 
                0x0000000024002430                . = ALIGN (0x8)

/DISCARD/
 libc.a(*)
 libm.a(*)
 libgcc.a(*)

.ARM.attributes
                0x0000000000000000       0x2e
 *(.ARM.attributes)
 .ARM.attributes
                0x0000000000000000       0x1e c:/st/stm32cubeide_1.6.1/stm32cubeide/plugins/com.st.stm32cube.ide.mcu.externaltools.gnu-tools-for-stm32.10.3-2021.10.win32_1.0.0.202111181127/tools/bin/../lib/gcc/arm-none-eabi/10.3.1/thumb/v7e-m+dp/hard/crti.o
 .ARM.attributes
                0x000000000000001e       0x32 c:/st/stm32cubeide_1.6.1/stm32cubeide/plugins/com.st.stm32cube.ide.mcu.externaltools.gnu-tools-for-stm32.10.3-2021.10.win32_1.0.0.202111181127/tools/bin/../lib/gcc/arm-none-eabi/10.3.1/thumb/v7e-m+dp/hard/crtbegin.o
 .ARM.attributes
                0x0000000000000050       0x32 ./Core/Src/gpio.o
 .ARM.attributes
                0x0000000000000082       0x32 ./Core/Src/imu.o
 .ARM.attributes
                0x00000000000000b4       0x32 ./Core/Src/main.o
 .ARM.attributes
                0x00000000000000e6       0x32 ./Core/Src/spi.o
 .ARM.attributes
                0x0000000000000118       0x32 ./Core/Src/stm32h7xx_hal_msp.o
 .ARM.attributes
                0x000000000000014a       0x32 ./Core/Src/stm32h7xx_it.o
 .ARM.attributes
                0x000000000000017c       0x32 ./Core/Src/sysmem.o
 .ARM.attributes
                0x00000000000001ae       0x32 ./Core/Src/system_stm32h7xx.o
 .ARM.attributes
                0x00000000000001e0       0x21 ./Core/Startup/startup_stm32h753vitx.o
 .ARM.attributes
                0x0000000000000201       0x32 ./Drivers/STM32H7xx_HAL_Driver/Src/stm32h7xx_hal.o
 .ARM.attributes
                0x0000000000000233       0x32 ./Drivers/STM32H7xx_HAL_Driver/Src/stm32h7xx_hal_cortex.o
 .ARM.attributes
                0x0000000000000265       0x32 ./Drivers/STM32H7xx_HAL_Driver/Src/stm32h7xx_hal_dma.o
 .ARM.attributes
                0x0000000000000297       0x32 ./Drivers/STM32H7xx_HAL_Driver/Src/stm32h7xx_hal_gpio.o
 .ARM.attributes
                0x00000000000002c9       0x32 ./Drivers/STM32H7xx_HAL_Driver/Src/stm32h7xx_hal_pcd.o
 .ARM.attributes
                0x00000000000002fb       0x32 ./Drivers/STM32H7xx_HAL_Driver/Src/stm32h7xx_hal_pcd_ex.o
 .ARM.attributes
                0x000000000000032d       0x32 ./Drivers/STM32H7xx_HAL_Driver/Src/stm32h7xx_hal_pwr_ex.o
 .ARM.attributes
                0x000000000000035f       0x32 ./Drivers/STM32H7xx_HAL_Driver/Src/stm32h7xx_hal_rcc.o
 .ARM.attributes
                0x0000000000000391       0x32 ./Drivers/STM32H7xx_HAL_Driver/Src/stm32h7xx_hal_rcc_ex.o
 .ARM.attributes
                0x00000000000003c3       0x32 ./Drivers/STM32H7xx_HAL_Driver/Src/stm32h7xx_hal_spi.o
 .ARM.attributes
                0x00000000000003f5       0x32 ./Drivers/STM32H7xx_HAL_Driver/Src/stm32h7xx_ll_usb.o
 .ARM.attributes
                0x0000000000000427       0x32 ./Middlewares/ST/STM32_USB_Device_Library/Class/CDC/Src/usbd_cdc.o
 .ARM.attributes
                0x0000000000000459       0x32 ./Middlewares/ST/STM32_USB_Device_Library/Core/Src/usbd_core.o
 .ARM.attributes
                0x000000000000048b       0x32 ./Middlewares/ST/STM32_USB_Device_Library/Core/Src/usbd_ctlreq.o
 .ARM.attributes
                0x00000000000004bd       0x32 ./Middlewares/ST/STM32_USB_Device_Library/Core/Src/usbd_ioreq.o
 .ARM.attributes
                0x00000000000004ef       0x32 ./USB_DEVICE/App/usb_device.o
 .ARM.attributes
                0x0000000000000521       0x32 ./USB_DEVICE/App/usbd_cdc_if.o
 .ARM.attributes
                0x0000000000000553       0x32 ./USB_DEVICE/App/usbd_desc.o
 .ARM.attributes
                0x0000000000000585       0x32 ./USB_DEVICE/Target/usbd_conf.o
 .ARM.attributes
                0x00000000000005b7       0x32 c:/st/stm32cubeide_1.6.1/stm32cubeide/plugins/com.st.stm32cube.ide.mcu.externaltools.gnu-tools-for-stm32.10.3-2021.10.win32_1.0.0.202111181127/tools/bin/../lib/gcc/arm-none-eabi/10.3.1/../../../../arm-none-eabi/lib/thumb/v7e-m+dp/hard\libc_nano.a(lib_a-errno.o)
 .ARM.attributes
                0x00000000000005e9       0x32 c:/st/stm32cubeide_1.6.1/stm32cubeide/plugins/com.st.stm32cube.ide.mcu.externaltools.gnu-tools-for-stm32.10.3-2021.10.win32_1.0.0.202111181127/tools/bin/../lib/gcc/arm-none-eabi/10.3.1/../../../../arm-none-eabi/lib/thumb/v7e-m+dp/hard\libc_nano.a(lib_a-impure.o)
 .ARM.attributes
                0x000000000000061b       0x32 c:/st/stm32cubeide_1.6.1/stm32cubeide/plugins/com.st.stm32cube.ide.mcu.externaltools.gnu-tools-for-stm32.10.3-2021.10.win32_1.0.0.202111181127/tools/bin/../lib/gcc/arm-none-eabi/10.3.1/../../../../arm-none-eabi/lib/thumb/v7e-m+dp/hard\libc_nano.a(lib_a-init.o)
 .ARM.attributes
                0x000000000000064d       0x32 c:/st/stm32cubeide_1.6.1/stm32cubeide/plugins/com.st.stm32cube.ide.mcu.externaltools.gnu-tools-for-stm32.10.3-2021.10.win32_1.0.0.202111181127/tools/bin/../lib/gcc/arm-none-eabi/10.3.1/../../../../arm-none-eabi/lib/thumb/v7e-m+dp/hard\libc_nano.a(lib_a-memset.o)
 .ARM.attributes
                0x000000000000067f       0x32 c:/st/stm32cubeide_1.6.1/stm32cubeide/plugins/com.st.stm32cube.ide.mcu.externaltools.gnu-tools-for-stm32.10.3-2021.10.win32_1.0.0.202111181127/tools/bin/../lib/gcc/arm-none-eabi/10.3.1/../../../../arm-none-eabi/lib/thumb/v7e-m+dp/hard\libc_nano.a(lib_a-sprintf.o)
 .ARM.attributes
                0x00000000000006b1       0x17 c:/st/stm32cubeide_1.6.1/stm32cubeide/plugins/com.st.stm32cube.ide.mcu.externaltools.gnu-tools-for-stm32.10.3-2021.10.win32_1.0.0.202111181127/tools/bin/../lib/gcc/arm-none-eabi/10.3.1/../../../../arm-none-eabi/lib/thumb/v7e-m+dp/hard\libc_nano.a(lib_a-strlen.o)
 .ARM.attributes
                0x00000000000006c8       0x32 c:/st/stm32cubeide_1.6.1/stm32cubeide/plugins/com.st.stm32cube.ide.mcu.externaltools.gnu-tools-for-stm32.10.3-2021.10.win32_1.0.0.202111181127/tools/bin/../lib/gcc/arm-none-eabi/10.3.1/../../../../arm-none-eabi/lib/thumb/v7e-m+dp/hard\libc_nano.a(lib_a-nano-svfprintf.o)
 .ARM.attributes
                0x00000000000006fa       0x32 c:/st/stm32cubeide_1.6.1/stm32cubeide/plugins/com.st.stm32cube.ide.mcu.externaltools.gnu-tools-for-stm32.10.3-2021.10.win32_1.0.0.202111181127/tools/bin/../lib/gcc/arm-none-eabi/10.3.1/../../../../arm-none-eabi/lib/thumb/v7e-m+dp/hard\libc_nano.a(lib_a-nano-vfprintf_i.o)
 .ARM.attributes
                0x000000000000072c       0x1c c:/st/stm32cubeide_1.6.1/stm32cubeide/plugins/com.st.stm32cube.ide.mcu.externaltools.gnu-tools-for-stm32.10.3-2021.10.win32_1.0.0.202111181127/tools/bin/../lib/gcc/arm-none-eabi/10.3.1/../../../../arm-none-eabi/lib/thumb/v7e-m+dp/hard\libc_nano.a(lib_a-memchr.o)
 .ARM.attributes
                0x0000000000000748       0x32 c:/st/stm32cubeide_1.6.1/stm32cubeide/plugins/com.st.stm32cube.ide.mcu.externaltools.gnu-tools-for-stm32.10.3-2021.10.win32_1.0.0.202111181127/tools/bin/../lib/gcc/arm-none-eabi/10.3.1/../../../../arm-none-eabi/lib/thumb/v7e-m+dp/hard\libc_nano.a(lib_a-memcpy-stub.o)
 .ARM.attributes
                0x000000000000077a       0x32 c:/st/stm32cubeide_1.6.1/stm32cubeide/plugins/com.st.stm32cube.ide.mcu.externaltools.gnu-tools-for-stm32.10.3-2021.10.win32_1.0.0.202111181127/tools/bin/../lib/gcc/arm-none-eabi/10.3.1/../../../../arm-none-eabi/lib/thumb/v7e-m+dp/hard\libc_nano.a(lib_a-memmove.o)
 .ARM.attributes
                0x00000000000007ac       0x32 c:/st/stm32cubeide_1.6.1/stm32cubeide/plugins/com.st.stm32cube.ide.mcu.externaltools.gnu-tools-for-stm32.10.3-2021.10.win32_1.0.0.202111181127/tools/bin/../lib/gcc/arm-none-eabi/10.3.1/../../../../arm-none-eabi/lib/thumb/v7e-m+dp/hard\libc_nano.a(lib_a-nano-freer.o)
 .ARM.attributes
                0x00000000000007de       0x32 c:/st/stm32cubeide_1.6.1/stm32cubeide/plugins/com.st.stm32cube.ide.mcu.externaltools.gnu-tools-for-stm32.10.3-2021.10.win32_1.0.0.202111181127/tools/bin/../lib/gcc/arm-none-eabi/10.3.1/../../../../arm-none-eabi/lib/thumb/v7e-m+dp/hard\libc_nano.a(lib_a-nano-mallocr.o)
 .ARM.attributes
                0x0000000000000810       0x32 c:/st/stm32cubeide_1.6.1/stm32cubeide/plugins/com.st.stm32cube.ide.mcu.externaltools.gnu-tools-for-stm32.10.3-2021.10.win32_1.0.0.202111181127/tools/bin/../lib/gcc/arm-none-eabi/10.3.1/../../../../arm-none-eabi/lib/thumb/v7e-m+dp/hard\libc_nano.a(lib_a-nano-reallocr.o)
 .ARM.attributes
                0x0000000000000842       0x32 c:/st/stm32cubeide_1.6.1/stm32cubeide/plugins/com.st.stm32cube.ide.mcu.externaltools.gnu-tools-for-stm32.10.3-2021.10.win32_1.0.0.202111181127/tools/bin/../lib/gcc/arm-none-eabi/10.3.1/../../../../arm-none-eabi/lib/thumb/v7e-m+dp/hard\libc_nano.a(lib_a-sbrkr.o)
 .ARM.attributes
                0x0000000000000874       0x32 c:/st/stm32cubeide_1.6.1/stm32cubeide/plugins/com.st.stm32cube.ide.mcu.externaltools.gnu-tools-for-stm32.10.3-2021.10.win32_1.0.0.202111181127/tools/bin/../lib/gcc/arm-none-eabi/10.3.1/../../../../arm-none-eabi/lib/thumb/v7e-m+dp/hard\libc_nano.a(lib_a-mlock.o)
 .ARM.attributes
                0x00000000000008a6       0x32 c:/st/stm32cubeide_1.6.1/stm32cubeide/plugins/com.st.stm32cube.ide.mcu.externaltools.gnu-tools-for-stm32.10.3-2021.10.win32_1.0.0.202111181127/tools/bin/../lib/gcc/arm-none-eabi/10.3.1/../../../../arm-none-eabi/lib/thumb/v7e-m+dp/hard\libc_nano.a(lib_a-nano-msizer.o)
 .ARM.attributes
                0x00000000000008d8       0x32 c:/st/stm32cubeide_1.6.1/stm32cubeide/plugins/com.st.stm32cube.ide.mcu.externaltools.gnu-tools-for-stm32.10.3-2021.10.win32_1.0.0.202111181127/tools/bin/../lib/gcc/arm-none-eabi/10.3.1/../../../../arm-none-eabi/lib/thumb/v7e-m+dp/hard\libc_nano.a(lib_a-reent.o)
 .ARM.attributes
                0x000000000000090a       0x32 c:/st/stm32cubeide_1.6.1/stm32cubeide/plugins/com.st.stm32cube.ide.mcu.externaltools.gnu-tools-for-stm32.10.3-2021.10.win32_1.0.0.202111181127/tools/bin/../lib/gcc/arm-none-eabi/10.3.1/../../../../arm-none-eabi/lib/thumb/v7e-m+dp/hard\libc_nano.a(lib_a-lock.o)
 .ARM.attributes
                0x000000000000093c       0x1e c:/st/stm32cubeide_1.6.1/stm32cubeide/plugins/com.st.stm32cube.ide.mcu.externaltools.gnu-tools-for-stm32.10.3-2021.10.win32_1.0.0.202111181127/tools/bin/../lib/gcc/arm-none-eabi/10.3.1/thumb/v7e-m+dp/hard/crtn.o
OUTPUT(NUsense_USB_0.elf elf32-littlearm)
LOAD linker stubs
LOAD c:/st/stm32cubeide_1.6.1/stm32cubeide/plugins/com.st.stm32cube.ide.mcu.externaltools.gnu-tools-for-stm32.10.3-2021.10.win32_1.0.0.202111181127/tools/bin/../lib/gcc/arm-none-eabi/10.3.1/../../../../arm-none-eabi/lib/thumb/v7e-m+dp/hard\libc.a
LOAD c:/st/stm32cubeide_1.6.1/stm32cubeide/plugins/com.st.stm32cube.ide.mcu.externaltools.gnu-tools-for-stm32.10.3-2021.10.win32_1.0.0.202111181127/tools/bin/../lib/gcc/arm-none-eabi/10.3.1/../../../../arm-none-eabi/lib/thumb/v7e-m+dp/hard\libm.a
LOAD c:/st/stm32cubeide_1.6.1/stm32cubeide/plugins/com.st.stm32cube.ide.mcu.externaltools.gnu-tools-for-stm32.10.3-2021.10.win32_1.0.0.202111181127/tools/bin/../lib/gcc/arm-none-eabi/10.3.1/thumb/v7e-m+dp/hard\libgcc.a

.debug_info     0x0000000000000000    0x18b4a
 .debug_info    0x0000000000000000      0xa54 ./Core/Src/gpio.o
 .debug_info    0x0000000000000a54      0xafb ./Core/Src/imu.o
 .debug_info    0x000000000000154f      0x9cf ./Core/Src/main.o
 .debug_info    0x0000000000001f1e     0x1498 ./Core/Src/spi.o
 .debug_info    0x00000000000033b6      0x4a4 ./Core/Src/stm32h7xx_hal_msp.o
 .debug_info    0x000000000000385a      0xddc ./Core/Src/stm32h7xx_it.o
 .debug_info    0x0000000000004636      0x171 ./Core/Src/sysmem.o
 .debug_info    0x00000000000047a7      0xd07 ./Core/Src/system_stm32h7xx.o
 .debug_info    0x00000000000054ae       0x22 ./Core/Startup/startup_stm32h753vitx.o
 .debug_info    0x00000000000054d0     0x15dd ./Drivers/STM32H7xx_HAL_Driver/Src/stm32h7xx_hal.o
 .debug_info    0x0000000000006aad     0x1173 ./Drivers/STM32H7xx_HAL_Driver/Src/stm32h7xx_hal_cortex.o
 .debug_info    0x0000000000007c20      0xcd5 ./Drivers/STM32H7xx_HAL_Driver/Src/stm32h7xx_hal_dma.o
 .debug_info    0x00000000000088f5      0xd28 ./Drivers/STM32H7xx_HAL_Driver/Src/stm32h7xx_hal_gpio.o
 .debug_info    0x000000000000961d     0x169b ./Drivers/STM32H7xx_HAL_Driver/Src/stm32h7xx_hal_pcd.o
 .debug_info    0x000000000000acb8      0x8fb ./Drivers/STM32H7xx_HAL_Driver/Src/stm32h7xx_hal_pcd_ex.o
 .debug_info    0x000000000000b5b3     0x109d ./Drivers/STM32H7xx_HAL_Driver/Src/stm32h7xx_hal_pwr_ex.o
 .debug_info    0x000000000000c650      0xf4a ./Drivers/STM32H7xx_HAL_Driver/Src/stm32h7xx_hal_rcc.o
 .debug_info    0x000000000000d59a     0x12b4 ./Drivers/STM32H7xx_HAL_Driver/Src/stm32h7xx_hal_rcc_ex.o
 .debug_info    0x000000000000e84e     0x15ce ./Drivers/STM32H7xx_HAL_Driver/Src/stm32h7xx_hal_spi.o
 .debug_info    0x000000000000fe1c     0x1b2b ./Drivers/STM32H7xx_HAL_Driver/Src/stm32h7xx_ll_usb.o
 .debug_info    0x0000000000011947     0x1398 ./Middlewares/ST/STM32_USB_Device_Library/Class/CDC/Src/usbd_cdc.o
 .debug_info    0x0000000000012cdf      0xef5 ./Middlewares/ST/STM32_USB_Device_Library/Core/Src/usbd_core.o
 .debug_info    0x0000000000013bd4      0xb8d ./Middlewares/ST/STM32_USB_Device_Library/Core/Src/usbd_ctlreq.o
 .debug_info    0x0000000000014761      0x7e8 ./Middlewares/ST/STM32_USB_Device_Library/Core/Src/usbd_ioreq.o
 .debug_info    0x0000000000014f49      0x781 ./USB_DEVICE/App/usb_device.o
 .debug_info    0x00000000000156ca      0x97d ./USB_DEVICE/App/usbd_cdc_if.o
 .debug_info    0x0000000000016047      0x49d ./USB_DEVICE/App/usbd_desc.o
 .debug_info    0x00000000000164e4     0x2666 ./USB_DEVICE/Target/usbd_conf.o

.debug_abbrev   0x0000000000000000     0x3b21
 .debug_abbrev  0x0000000000000000      0x184 ./Core/Src/gpio.o
 .debug_abbrev  0x0000000000000184      0x1f7 ./Core/Src/imu.o
 .debug_abbrev  0x000000000000037b      0x296 ./Core/Src/main.o
 .debug_abbrev  0x0000000000000611      0x21e ./Core/Src/spi.o
 .debug_abbrev  0x000000000000082f       0xda ./Core/Src/stm32h7xx_hal_msp.o
 .debug_abbrev  0x0000000000000909      0x1c2 ./Core/Src/stm32h7xx_it.o
 .debug_abbrev  0x0000000000000acb       0xbb ./Core/Src/sysmem.o
 .debug_abbrev  0x0000000000000b86      0x147 ./Core/Src/system_stm32h7xx.o
 .debug_abbrev  0x0000000000000ccd       0x12 ./Core/Startup/startup_stm32h753vitx.o
 .debug_abbrev  0x0000000000000cdf      0x289 ./Drivers/STM32H7xx_HAL_Driver/Src/stm32h7xx_hal.o
 .debug_abbrev  0x0000000000000f68      0x329 ./Drivers/STM32H7xx_HAL_Driver/Src/stm32h7xx_hal_cortex.o
 .debug_abbrev  0x0000000000001291      0x239 ./Drivers/STM32H7xx_HAL_Driver/Src/stm32h7xx_hal_dma.o
 .debug_abbrev  0x00000000000014ca      0x1ec ./Drivers/STM32H7xx_HAL_Driver/Src/stm32h7xx_hal_gpio.o
 .debug_abbrev  0x00000000000016b6      0x2d2 ./Drivers/STM32H7xx_HAL_Driver/Src/stm32h7xx_hal_pcd.o
 .debug_abbrev  0x0000000000001988      0x24a ./Drivers/STM32H7xx_HAL_Driver/Src/stm32h7xx_hal_pcd_ex.o
 .debug_abbrev  0x0000000000001bd2      0x28f ./Drivers/STM32H7xx_HAL_Driver/Src/stm32h7xx_hal_pwr_ex.o
 .debug_abbrev  0x0000000000001e61      0x2b8 ./Drivers/STM32H7xx_HAL_Driver/Src/stm32h7xx_hal_rcc.o
 .debug_abbrev  0x0000000000002119      0x25c ./Drivers/STM32H7xx_HAL_Driver/Src/stm32h7xx_hal_rcc_ex.o