Archive member included to satisfy reference by file (symbol)

D:/STM32CubeIDE_1.13.2/STM32CubeIDE/plugins/com.st.stm32cube.ide.mcu.externaltools.gnu-tools-for-stm32.11.3.rel1.win32_1.1.1.202309131626/tools/bin/../lib/gcc/arm-none-eabi/11.3.1/../../../../arm-none-eabi/lib/thumb/v7e-m+fp/hard\libc_nano.a(libc_a-exit.o)
                              D:/STM32CubeIDE_1.13.2/STM32CubeIDE/plugins/com.st.stm32cube.ide.mcu.externaltools.gnu-tools-for-stm32.11.3.rel1.win32_1.1.1.202309131626/tools/bin/../lib/gcc/arm-none-eabi/11.3.1/../../../../arm-none-eabi/lib/thumb/v7e-m+fp/hard/crt0.o (exit)
D:/STM32CubeIDE_1.13.2/STM32CubeIDE/plugins/com.st.stm32cube.ide.mcu.externaltools.gnu-tools-for-stm32.11.3.rel1.win32_1.1.1.202309131626/tools/bin/../lib/gcc/arm-none-eabi/11.3.1/../../../../arm-none-eabi/lib/thumb/v7e-m+fp/hard\libc_nano.a(libc_a-findfp.o)
                              D:/STM32CubeIDE_1.13.2/STM32CubeIDE/plugins/com.st.stm32cube.ide.mcu.externaltools.gnu-tools-for-stm32.11.3.rel1.win32_1.1.1.202309131626/tools/bin/../lib/gcc/arm-none-eabi/11.3.1/../../../../arm-none-eabi/lib/thumb/v7e-m+fp/hard\libc_nano.a(libc_a-exit.o) (__stdio_exit_handler)
D:/STM32CubeIDE_1.13.2/STM32CubeIDE/plugins/com.st.stm32cube.ide.mcu.externaltools.gnu-tools-for-stm32.11.3.rel1.win32_1.1.1.202309131626/tools/bin/../lib/gcc/arm-none-eabi/11.3.1/../../../../arm-none-eabi/lib/thumb/v7e-m+fp/hard\libc_nano.a(libc_a-fwalk.o)
                              D:/STM32CubeIDE_1.13.2/STM32CubeIDE/plugins/com.st.stm32cube.ide.mcu.externaltools.gnu-tools-for-stm32.11.3.rel1.win32_1.1.1.202309131626/tools/bin/../lib/gcc/arm-none-eabi/11.3.1/../../../../arm-none-eabi/lib/thumb/v7e-m+fp/hard\libc_nano.a(libc_a-findfp.o) (_fwalk_sglue)
D:/STM32CubeIDE_1.13.2/STM32CubeIDE/plugins/com.st.stm32cube.ide.mcu.externaltools.gnu-tools-for-stm32.11.3.rel1.win32_1.1.1.202309131626/tools/bin/../lib/gcc/arm-none-eabi/11.3.1/../../../../arm-none-eabi/lib/thumb/v7e-m+fp/hard\libc_nano.a(libc_a-stdio.o)
                              D:/STM32CubeIDE_1.13.2/STM32CubeIDE/plugins/com.st.stm32cube.ide.mcu.externaltools.gnu-tools-for-stm32.11.3.rel1.win32_1.1.1.202309131626/tools/bin/../lib/gcc/arm-none-eabi/11.3.1/../../../../arm-none-eabi/lib/thumb/v7e-m+fp/hard\libc_nano.a(libc_a-findfp.o) (__sread)
D:/STM32CubeIDE_1.13.2/STM32CubeIDE/plugins/com.st.stm32cube.ide.mcu.externaltools.gnu-tools-for-stm32.11.3.rel1.win32_1.1.1.202309131626/tools/bin/../lib/gcc/arm-none-eabi/11.3.1/../../../../arm-none-eabi/lib/thumb/v7e-m+fp/hard\libc_nano.a(libc_a-memset.o)
                              D:/STM32CubeIDE_1.13.2/STM32CubeIDE/plugins/com.st.stm32cube.ide.mcu.externaltools.gnu-tools-for-stm32.11.3.rel1.win32_1.1.1.202309131626/tools/bin/../lib/gcc/arm-none-eabi/11.3.1/../../../../arm-none-eabi/lib/thumb/v7e-m+fp/hard/crt0.o (memset)
D:/STM32CubeIDE_1.13.2/STM32CubeIDE/plugins/com.st.stm32cube.ide.mcu.externaltools.gnu-tools-for-stm32.11.3.rel1.win32_1.1.1.202309131626/tools/bin/../lib/gcc/arm-none-eabi/11.3.1/../../../../arm-none-eabi/lib/thumb/v7e-m+fp/hard\libc_nano.a(libc_a-closer.o)
                              D:/STM32CubeIDE_1.13.2/STM32CubeIDE/plugins/com.st.stm32cube.ide.mcu.externaltools.gnu-tools-for-stm32.11.3.rel1.win32_1.1.1.202309131626/tools/bin/../lib/gcc/arm-none-eabi/11.3.1/../../../../arm-none-eabi/lib/thumb/v7e-m+fp/hard\libc_nano.a(libc_a-stdio.o) (_close_r)
D:/STM32CubeIDE_1.13.2/STM32CubeIDE/plugins/com.st.stm32cube.ide.mcu.externaltools.gnu-tools-for-stm32.11.3.rel1.win32_1.1.1.202309131626/tools/bin/../lib/gcc/arm-none-eabi/11.3.1/../../../../arm-none-eabi/lib/thumb/v7e-m+fp/hard\libc_nano.a(libc_a-reent.o)
                              D:/STM32CubeIDE_1.13.2/STM32CubeIDE/plugins/com.st.stm32cube.ide.mcu.externaltools.gnu-tools-for-stm32.11.3.rel1.win32_1.1.1.202309131626/tools/bin/../lib/gcc/arm-none-eabi/11.3.1/../../../../arm-none-eabi/lib/thumb/v7e-m+fp/hard\libc_nano.a(libc_a-closer.o) (errno)
D:/STM32CubeIDE_1.13.2/STM32CubeIDE/plugins/com.st.stm32cube.ide.mcu.externaltools.gnu-tools-for-stm32.11.3.rel1.win32_1.1.1.202309131626/tools/bin/../lib/gcc/arm-none-eabi/11.3.1/../../../../arm-none-eabi/lib/thumb/v7e-m+fp/hard\libc_nano.a(libc_a-impure.o)
                              D:/STM32CubeIDE_1.13.2/STM32CubeIDE/plugins/com.st.stm32cube.ide.mcu.externaltools.gnu-tools-for-stm32.11.3.rel1.win32_1.1.1.202309131626/tools/bin/../lib/gcc/arm-none-eabi/11.3.1/../../../../arm-none-eabi/lib/thumb/v7e-m+fp/hard\libc_nano.a(libc_a-reent.o) (_impure_ptr)
D:/STM32CubeIDE_1.13.2/STM32CubeIDE/plugins/com.st.stm32cube.ide.mcu.externaltools.gnu-tools-for-stm32.11.3.rel1.win32_1.1.1.202309131626/tools/bin/../lib/gcc/arm-none-eabi/11.3.1/../../../../arm-none-eabi/lib/thumb/v7e-m+fp/hard\libc_nano.a(libc_a-lseekr.o)
[...]
Memory Configuration

Name             Origin             Length             Attributes
RAM              0x0000000020000000 0x0000000000008000 xrw
FLASH            0x0000000008000000 0x0000000000040000 xr
*default*        0x0000000000000000 0xffffffffffffffff

Linker script and memory map

LOAD D:/STM32CubeIDE_1.13.2/STM32CubeIDE/plugins/com.st.stm32cube.ide.mcu.externaltools.gnu-tools-for-stm32.11.3.rel1.win32_1.1.1.202309131626/tools/bin/../lib/gcc/arm-none-eabi/11.3.1/thumb/v7e-m+fp/hard/crti.o
LOAD D:/STM32CubeIDE_1.13.2/STM32CubeIDE/plugins/com.st.stm32cube.ide.mcu.externaltools.gnu-tools-for-stm32.11.3.rel1.win32_1.1.1.202309131626/tools/bin/../lib/gcc/arm-none-eabi/11.3.1/thumb/v7e-m+fp/hard/crtbegin.o
LOAD D:/STM32CubeIDE_1.13.2/STM32CubeIDE/plugins/com.st.stm32cube.ide.mcu.externaltools.gnu-tools-for-stm32.11.3.rel1.win32_1.1.1.202309131626/tools/bin/../lib/gcc/arm-none-eabi/11.3.1/../../../../arm-none-eabi/lib/thumb/v7e-m+fp/hard/crt0.o
LOAD ./Core/Src/adc.o
LOAD ./Core/Src/dma.o
LOAD ./Core/Src/gpio.o
LOAD ./Core/Src/imu.o
LOAD ./Core/Src/main.o
LOAD ./Core/Src/spi.o
LOAD ./Core/Src/stm32f3xx_hal_msp.o
LOAD ./Core/Src/stm32f3xx_it.o
LOAD ./Core/Src/syscalls.o
LOAD ./Core/Src/sysmem.o
LOAD ./Core/Src/system_stm32f3xx.o
LOAD ./Core/Src/tim.o
LOAD ./Core/Src/usart.o
LOAD ./Core/Src/usb.o
LOAD ./Core/Startup/startup_stm32f373rctx.o
LOAD ./Drivers/STM32F3xx_HAL_Driver/Src/stm32f3xx_hal.o
LOAD ./Drivers/STM32F3xx_HAL_Driver/Src/stm32f3xx_hal_adc.o
LOAD ./Drivers/STM32F3xx_HAL_Driver/Src/stm32f3xx_hal_adc_ex.o
LOAD ./Drivers/STM32F3xx_HAL_Driver/Src/stm32f3xx_hal_cortex.o
LOAD ./Drivers/STM32F3xx_HAL_Driver/Src/stm32f3xx_hal_dma.o
LOAD ./Drivers/STM32F3xx_HAL_Driver/Src/stm32f3xx_hal_exti.o
LOAD ./Drivers/STM32F3xx_HAL_Driver/Src/stm32f3xx_hal_flash.o
LOAD ./Drivers/STM32F3xx_HAL_Driver/Src/stm32f3xx_hal_flash_ex.o
LOAD ./Drivers/STM32F3xx_HAL_Driver/Src/stm32f3xx_hal_gpio.o
LOAD ./Drivers/STM32F3xx_HAL_Driver/Src/stm32f3xx_hal_i2c.o
LOAD ./Drivers/STM32F3xx_HAL_Driver/Src/stm32f3xx_hal_i2c_ex.o
LOAD ./Drivers/STM32F3xx_HAL_Driver/Src/stm32f3xx_hal_pcd.o
LOAD ./Drivers/STM32F3xx_HAL_Driver/Src/stm32f3xx_hal_pcd_ex.o
LOAD ./Drivers/STM32F3xx_HAL_Driver/Src/stm32f3xx_hal_pwr.o
LOAD ./Drivers/STM32F3xx_HAL_Driver/Src/stm32f3xx_hal_pwr_ex.o
LOAD ./Drivers/STM32F3xx_HAL_Driver/Src/stm32f3xx_hal_rcc.o
LOAD ./Drivers/STM32F3xx_HAL_Driver/Src/stm32f3xx_hal_rcc_ex.o
LOAD ./Drivers/STM32F3xx_HAL_Driver/Src/stm32f3xx_hal_spi.o
LOAD ./Drivers/STM32F3xx_HAL_Driver/Src/stm32f3xx_hal_spi_ex.o
LOAD ./Drivers/STM32F3xx_HAL_Driver/Src/stm32f3xx_hal_tim.o
LOAD ./Drivers/STM32F3xx_HAL_Driver/Src/stm32f3xx_hal_tim_ex.o
LOAD ./Drivers/STM32F3xx_HAL_Driver/Src/stm32f3xx_hal_uart.o
LOAD ./Drivers/STM32F3xx_HAL_Driver/Src/stm32f3xx_hal_uart_ex.o
LOAD ./Drivers/STM32F3xx_HAL_Driver/Src/stm32f3xx_ll_usb.o
START GROUP
LOAD D:/STM32CubeIDE_1.13.2/STM32CubeIDE/plugins/com.st.stm32cube.ide.mcu.externaltools.gnu-tools-for-stm32.11.3.rel1.win32_1.1.1.202309131626/tools/bin/../lib/gcc/arm-none-eabi/11.3.1/../../../../arm-none-eabi/lib/thumb/v7e-m+fp/hard\libc_nano.a
LOAD D:/STM32CubeIDE_1.13.2/STM32CubeIDE/plugins/com.st.stm32cube.ide.mcu.externaltools.gnu-tools-for-stm32.11.3.rel1.win32_1.1.1.202309131626/tools/bin/../lib/gcc/arm-none-eabi/11.3.1/../../../../arm-none-eabi/lib/thumb/v7e-m+fp/hard\libm.a
END GROUP
START GROUP
LOAD D:/STM32CubeIDE_1.13.2/STM32CubeIDE/plugins/com.st.stm32cube.ide.mcu.externaltools.gnu-tools-for-stm32.11.3.rel1.win32_1.1.1.202309131626/tools/bin/../lib/gcc/arm-none-eabi/11.3.1/thumb/v7e-m+fp/hard\libgcc.a
LOAD D:/STM32CubeIDE_1.13.2/STM32CubeIDE/plugins/com.st.stm32cube.ide.mcu.externaltools.gnu-tools-for-stm32.11.3.rel1.win32_1.1.1.202309131626/tools/bin/../lib/gcc/arm-none-eabi/11.3.1/../../../../arm-none-eabi/lib/thumb/v7e-m+fp/hard\libc_nano.a
END GROUP
START GROUP
LOAD D:/STM32CubeIDE_1.13.2/STM32CubeIDE/plugins/com.st.stm32cube.ide.mcu.externaltools.gnu-tools-for-stm32.11.3.rel1.win32_1.1.1.202309131626/tools/bin/../lib/gcc/arm-none-eabi/11.3.1/thumb/v7e-m+fp/hard\libgcc.a
LOAD D:/STM32CubeIDE_1.13.2/STM32CubeIDE/plugins/com.st.stm32cube.ide.mcu.externaltools.gnu-tools-for-stm32.11.3.rel1.win32_1.1.1.202309131626/tools/bin/../lib/gcc/arm-none-eabi/11.3.1/../../../../arm-none-eabi/lib/thumb/v7e-m+fp/hard\libc_nano.a
LOAD D:/STM32CubeIDE_1.13.2/STM32CubeIDE/plugins/com.st.stm32cube.ide.mcu.externaltools.gnu-tools-for-stm32.11.3.rel1.win32_1.1.1.202309131626/tools/bin/../lib/gcc/arm-none-eabi/11.3.1/../../../../arm-none-eabi/lib/thumb/v7e-m+fp/hard\libnosys.a
END GROUP
START GROUP
LOAD D:/STM32CubeIDE_1.13.2/STM32CubeIDE/plugins/com.st.stm32cube.ide.mcu.externaltools.gnu-tools-for-stm32.11.3.rel1.win32_1.1.1.202309131626/tools/bin/../lib/gcc/arm-none-eabi/11.3.1/thumb/v7e-m+fp/hard\libgcc.a
LOAD D:/STM32CubeIDE_1.13.2/STM32CubeIDE/plugins/com.st.stm32cube.ide.mcu.externaltools.gnu-tools-for-stm32.11.3.rel1.win32_1.1.1.202309131626/tools/bin/../lib/gcc/arm-none-eabi/11.3.1/../../../../arm-none-eabi/lib/thumb/v7e-m+fp/hard\libc_nano.a
LOAD D:/STM32CubeIDE_1.13.2/STM32CubeIDE/plugins/com.st.stm32cube.ide.mcu.externaltools.gnu-tools-for-stm32.11.3.rel1.win32_1.1.1.202309131626/tools/bin/../lib/gcc/arm-none-eabi/11.3.1/../../../../arm-none-eabi/lib/thumb/v7e-m+fp/hard\libnosys.a
END GROUP
LOAD D:/STM32CubeIDE_1.13.2/STM32CubeIDE/plugins/com.st.stm32cube.ide.mcu.externaltools.gnu-tools-for-stm32.11.3.rel1.win32_1.1.1.202309131626/tools/bin/../lib/gcc/arm-none-eabi/11.3.1/thumb/v7e-m+fp/hard/crtend.o
LOAD D:/STM32CubeIDE_1.13.2/STM32CubeIDE/plugins/com.st.stm32cube.ide.mcu.externaltools.gnu-tools-for-stm32.11.3.rel1.win32_1.1.1.202309131626/tools/bin/../lib/gcc/arm-none-eabi/11.3.1/thumb/v7e-m+fp/hard/crtn.o
                0x0000000020008000                _estack = (ORIGIN (RAM) + LENGTH (RAM))
                0x0000000000000200                _Min_Heap_Size = 0x200
                0x0000000000000400                _Min_Stack_Size = 0x400

.isr_vector     0x0000000008000000      0x188
                0x0000000008000000                . = ALIGN (0x4)
 *(.isr_vector)
 .isr_vector    0x0000000008000000      0x188 ./Core/Startup/startup_stm32f373rctx.o
                0x0000000008000000                g_pfnVectors
                0x0000000008000188                . = ALIGN (0x4)

.text           0x0000000008000188     0x5730
                0x0000000008000188                . = ALIGN (0x4)
 *(.text)
 .text          0x0000000008000188       0x40 D:/STM32CubeIDE_1.13.2/STM32CubeIDE/plugins/com.st.stm32cube.ide.mcu.externaltools.gnu-tools-for-stm32.11.3.rel1.win32_1.1.1.202309131626/tools/bin/../lib/gcc/arm-none-eabi/11.3.1/thumb/v7e-m+fp/hard/crtbegin.o
 *(.text*)
 .text.MX_ADC1_Init
                0x00000000080001c8       0x7c ./Core/Src/adc.o
                0x00000000080001c8                MX_ADC1_Init
 .text.HAL_ADC_MspInit
                0x0000000008000244       0xe8 ./Core/Src/adc.o
                0x0000000008000244                HAL_ADC_MspInit
 .text.MX_DMA_Init
                0x000000000800032c       0x3c ./Core/Src/dma.o
                0x000000000800032c                MX_DMA_Init
 .text.MX_GPIO_Init
                0x0000000008000368      0x1f0 ./Core/Src/gpio.o
                0x0000000008000368                MX_GPIO_Init
 .text.NUfsr_IMU_Transmit
                0x0000000008000558       0x44 ./Core/Src/imu.o
                0x0000000008000558                NUfsr_IMU_Transmit
 .text.NUfsr_IMU_Init
                0x000000000800059c       0x58 ./Core/Src/imu.o
                0x000000000800059c                NUfsr_IMU_Init
 .text.main     0x00000000080005f4       0x9c ./Core/Src/main.o
                0x00000000080005f4                main
 .text.SystemClock_Config
                0x0000000008000690       0xc0 ./Core/Src/main.o
                0x0000000008000690                SystemClock_Config
 .text.MX_NVIC_Init
                0x0000000008000750       0x18 ./Core/Src/main.o
 .text.Error_Handler
                0x0000000008000768        0xa ./Core/Src/main.o
                0x0000000008000768                Error_Handler
 *fill*         0x0000000008000772        0x2 
 .text.MX_SPI1_Init
                0x0000000008000774       0x7c ./Core/Src/spi.o
                0x0000000008000774                MX_SPI1_Init
 .text.HAL_SPI_MspInit
                0x00000000080007f0       0x98 ./Core/Src/spi.o
                0x00000000080007f0                HAL_SPI_MspInit
 .text.HAL_MspInit
                0x0000000008000888       0x48 ./Core/Src/stm32f3xx_hal_msp.o
                0x0000000008000888                HAL_MspInit
 .text.NMI_Handler
                0x00000000080008d0        0x6 ./Core/Src/stm32f3xx_it.o
                0x00000000080008d0                NMI_Handler
 .text.HardFault_Handler
                0x00000000080008d6        0x6 ./Core/Src/stm32f3xx_it.o
                0x00000000080008d6                HardFault_Handler
 .text.MemManage_Handler
                0x00000000080008dc        0x6 ./Core/Src/stm32f3xx_it.o
                0x00000000080008dc                MemManage_Handler
 .text.BusFault_Handler
                0x00000000080008e2        0x6 ./Core/Src/stm32f3xx_it.o
                0x00000000080008e2                BusFault_Handler
 .text.UsageFault_Handler
                0x00000000080008e8        0x6 ./Core/Src/stm32f3xx_it.o
                0x00000000080008e8                UsageFault_Handler
 .text.SVC_Handler
                0x00000000080008ee        0xe ./Core/Src/stm32f3xx_it.o
                0x00000000080008ee                SVC_Handler
 .text.DebugMon_Handler
                0x00000000080008fc        0xe ./Core/Src/stm32f3xx_it.o
                0x00000000080008fc                DebugMon_Handler
 .text.PendSV_Handler
                0x000000000800090a        0xe ./Core/Src/stm32f3xx_it.o
                0x000000000800090a                PendSV_Handler
 .text.SysTick_Handler
                0x0000000008000918        0xc ./Core/Src/stm32f3xx_it.o
                0x0000000008000918                SysTick_Handler
 .text.DMA1_Channel1_IRQHandler
                0x0000000008000924       0x14 ./Core/Src/stm32f3xx_it.o
                0x0000000008000924                DMA1_Channel1_IRQHandler
 .text.ADC1_IRQHandler
                0x0000000008000938       0x14 ./Core/Src/stm32f3xx_it.o
                0x0000000008000938                ADC1_IRQHandler
 .text.EXTI9_5_IRQHandler
                0x000000000800094c       0x30 ./Core/Src/stm32f3xx_it.o
                0x000000000800094c                EXTI9_5_IRQHandler
 .text.SPI1_IRQHandler
                0x000000000800097c       0x14 ./Core/Src/stm32f3xx_it.o
                0x000000000800097c                SPI1_IRQHandler
 .text.USART1_IRQHandler
                0x0000000008000990       0x14 ./Core/Src/stm32f3xx_it.o
                0x0000000008000990                USART1_IRQHandler
 .text.SystemInit
                0x00000000080009a4       0x24 ./Core/Src/system_stm32f3xx.o
                0x00000000080009a4                SystemInit
 .text.MX_TIM3_Init
                0x00000000080009c8       0x9c ./Core/Src/tim.o
                0x00000000080009c8                MX_TIM3_Init
 .text.HAL_TIM_Base_MspInit
                0x0000000008000a64       0x40 ./Core/Src/tim.o
                0x0000000008000a64                HAL_TIM_Base_MspInit
 .text.MX_USART1_UART_Init
                0x0000000008000aa4       0x60 ./Core/Src/usart.o
                0x0000000008000aa4                MX_USART1_UART_Init
 .text.HAL_UART_MspInit
                0x0000000008000b04       0x98 ./Core/Src/usart.o
                0x0000000008000b04                HAL_UART_MspInit
 .text.HAL_UART_TxCpltCallback
                0x0000000008000b9c       0x20 ./Core/Src/usart.o
                0x0000000008000b9c                HAL_UART_TxCpltCallback
 .text.MX_USB_PCD_Init
                0x0000000008000bbc       0x44 ./Core/Src/usb.o
                0x0000000008000bbc                MX_USB_PCD_Init
 .text.HAL_PCD_MspInit
                0x0000000008000c00       0x88 ./Core/Src/usb.o
                0x0000000008000c00                HAL_PCD_MspInit
 .text.Reset_Handler
                0x0000000008000c88       0x50 ./Core/Startup/startup_stm32f373rctx.o
                0x0000000008000c88                Reset_Handler
 .text.Default_Handler
                0x0000000008000cd8        0x2 ./Core/Startup/startup_stm32f373rctx.o
                0x0000000008000cd8                RTC_Alarm_IRQHandler
                0x0000000008000cd8                USB_HP_IRQHandler
                0x0000000008000cd8                PVD_IRQHandler
                0x0000000008000cd8                TAMP_STAMP_IRQHandler
                0x0000000008000cd8                EXTI3_IRQHandler
                0x0000000008000cd8                EXTI0_IRQHandler
                0x0000000008000cd8                I2C2_EV_IRQHandler
                0x0000000008000cd8                FPU_IRQHandler
                0x0000000008000cd8                CAN_TX_IRQHandler
                0x0000000008000cd8                CAN_SCE_IRQHandler
                0x0000000008000cd8                DMA2_Channel2_IRQHandler
                0x0000000008000cd8                DMA1_Channel4_IRQHandler
                0x0000000008000cd8                TIM17_IRQHandler
                0x0000000008000cd8                USART3_IRQHandler
                0x0000000008000cd8                DMA1_Channel7_IRQHandler
                0x0000000008000cd8                TIM4_IRQHandler
                0x0000000008000cd8                CAN_RX1_IRQHandler
                0x0000000008000cd8                DMA2_Channel1_IRQHandler
                0x0000000008000cd8                I2C1_EV_IRQHandler
                0x0000000008000cd8                DMA1_Channel6_IRQHandler
                0x0000000008000cd8                TIM16_IRQHandler
                0x0000000008000cd8                DMA2_Channel4_IRQHandler
                0x0000000008000cd8                TIM3_IRQHandler
                0x0000000008000cd8                RCC_IRQHandler
                0x0000000008000cd8                Default_Handler
                0x0000000008000cd8                CEC_IRQHandler
                0x0000000008000cd8                EXTI15_10_IRQHandler
                0x0000000008000cd8                TIM14_IRQHandler
                0x0000000008000cd8                TIM13_IRQHandler
                0x0000000008000cd8                TIM12_IRQHandler
                0x0000000008000cd8                TIM7_IRQHandler
                0x0000000008000cd8                TIM5_IRQHandler
                0x0000000008000cd8                SDADC2_IRQHandler
                0x0000000008000cd8                TIM15_IRQHandler
                0x0000000008000cd8                TIM6_DAC1_IRQHandler
                0x0000000008000cd8                RTC_WKUP_IRQHandler
                0x0000000008000cd8                SPI2_IRQHandler
                0x0000000008000cd8                DMA2_Channel5_IRQHandler
                0x0000000008000cd8                DMA1_Channel5_IRQHandler
                0x0000000008000cd8                USB_LP_IRQHandler
                0x0000000008000cd8                EXTI4_IRQHandler
                0x0000000008000cd8                COMP1_2_IRQHandler
                0x0000000008000cd8                TIM18_DAC2_IRQHandler
                0x0000000008000cd8                DMA1_Channel3_IRQHandler
                0x0000000008000cd8                WWDG_IRQHandler
                0x0000000008000cd8                SDADC1_IRQHandler
                0x0000000008000cd8                TIM2_IRQHandler
                0x0000000008000cd8                EXTI1_IRQHandler
                0x0000000008000cd8                SDADC3_IRQHandler
                0x0000000008000cd8                USART2_IRQHandler
                0x0000000008000cd8                TIM19_IRQHandler
                0x0000000008000cd8                I2C2_ER_IRQHandler
                0x0000000008000cd8                DMA1_Channel2_IRQHandler
                0x0000000008000cd8                FLASH_IRQHandler
                0x0000000008000cd8                SPI3_IRQHandler
                0x0000000008000cd8                CAN_RX0_IRQHandler
                0x0000000008000cd8                I2C1_ER_IRQHandler
                0x0000000008000cd8                USBWakeUp_IRQHandler
                0x0000000008000cd8                DMA2_Channel3_IRQHandler
                0x0000000008000cd8                EXTI2_TSC_IRQHandler
 *fill*         0x0000000008000cda        0x2 
 .text.HAL_Init
                0x0000000008000cdc       0x2c ./Drivers/STM32F3xx_HAL_Driver/Src/stm32f3xx_hal.o
                0x0000000008000cdc                HAL_Init
 .text.HAL_InitTick
                0x0000000008000d08       0x60 ./Drivers/STM32F3xx_HAL_Driver/Src/stm32f3xx_hal.o
                0x0000000008000d08                HAL_InitTick
 .text.HAL_IncTick
                0x0000000008000d68       0x28 ./Drivers/STM32F3xx_HAL_Driver/Src/stm32f3xx_hal.o
                0x0000000008000d68                HAL_IncTick
 .text.HAL_GetTick
                0x0000000008000d90       0x18 ./Drivers/STM32F3xx_HAL_Driver/Src/stm32f3xx_hal.o
                0x0000000008000d90                HAL_GetTick
 .text.HAL_Delay
                0x0000000008000da8       0x48 ./Drivers/STM32F3xx_HAL_Driver/Src/stm32f3xx_hal.o
                0x0000000008000da8                HAL_Delay
 .text.HAL_ADC_ConvCpltCallback
                0x0000000008000df0       0x14 ./Drivers/STM32F3xx_HAL_Driver/Src/stm32f3xx_hal_adc.o
                0x0000000008000df0                HAL_ADC_ConvCpltCallback
 .text.HAL_ADC_ConvHalfCpltCallback
                0x0000000008000e04       0x14 ./Drivers/STM32F3xx_HAL_Driver/Src/stm32f3xx_hal_adc.o
                0x0000000008000e04                HAL_ADC_ConvHalfCpltCallback
 .text.HAL_ADC_LevelOutOfWindowCallback
                0x0000000008000e18       0x14 ./Drivers/STM32F3xx_HAL_Driver/Src/stm32f3xx_hal_adc.o
                0x0000000008000e18                HAL_ADC_LevelOutOfWindowCallback
 .text.HAL_ADC_ErrorCallback
                0x0000000008000e2c       0x14 ./Drivers/STM32F3xx_HAL_Driver/Src/stm32f3xx_hal_adc.o
                0x0000000008000e2c                HAL_ADC_ErrorCallback
 .text.HAL_ADC_Init
                0x0000000008000e40      0x1b0 ./Drivers/STM32F3xx_HAL_Driver/Src/stm32f3xx_hal_adc_ex.o
                0x0000000008000e40                HAL_ADC_Init
 .text.HAL_ADC_Start_DMA
                0x0000000008000ff0      0x120 ./Drivers/STM32F3xx_HAL_Driver/Src/stm32f3xx_hal_adc_ex.o
                0x0000000008000ff0                HAL_ADC_Start_DMA
 .text.HAL_ADC_IRQHandler
                0x0000000008001110      0x17e ./Drivers/STM32F3xx_HAL_Driver/Src/stm32f3xx_hal_adc_ex.o
                0x0000000008001110                HAL_ADC_IRQHandler
 .text.HAL_ADCEx_InjectedConvCpltCallback
                0x000000000800128e       0x14 ./Drivers/STM32F3xx_HAL_Driver/Src/stm32f3xx_hal_adc_ex.o
                0x000000000800128e                HAL_ADCEx_InjectedConvCpltCallback
 *fill*         0x00000000080012a2        0x2 
 .text.HAL_ADC_ConfigChannel
                0x00000000080012a4      0x1e0 ./Drivers/STM32F3xx_HAL_Driver/Src/stm32f3xx_hal_adc_ex.o
                0x00000000080012a4                HAL_ADC_ConfigChannel
 .text.ADC_DMAConvCplt
                0x0000000008001484       0x7c ./Drivers/STM32F3xx_HAL_Driver/Src/stm32f3xx_hal_adc_ex.o
 .text.ADC_DMAHalfConvCplt
                0x0000000008001500       0x1c ./Drivers/STM32F3xx_HAL_Driver/Src/stm32f3xx_hal_adc_ex.o
 .text.ADC_DMAError
                0x000000000800151c       0x34 ./Drivers/STM32F3xx_HAL_Driver/Src/stm32f3xx_hal_adc_ex.o
 .text.ADC_Enable
                0x0000000008001550       0xb4 ./Drivers/STM32F3xx_HAL_Driver/Src/stm32f3xx_hal_adc_ex.o
 .text.ADC_ConversionStop_Disable
                0x0000000008001604       0x82 ./Drivers/STM32F3xx_HAL_Driver/Src/stm32f3xx_hal_adc_ex.o
 *fill*         0x0000000008001686        0x2 
 .text.__NVIC_SetPriorityGrouping
                0x0000000008001688       0x48 ./Drivers/STM32F3xx_HAL_Driver/Src/stm32f3xx_hal_cortex.o
 .text.__NVIC_GetPriorityGrouping
                0x00000000080016d0       0x1c ./Drivers/STM32F3xx_HAL_Driver/Src/stm32f3xx_hal_cortex.o
 .text.__NVIC_EnableIRQ
                0x00000000080016ec       0x3c ./Drivers/STM32F3xx_HAL_Driver/Src/stm32f3xx_hal_cortex.o
 .text.__NVIC_SetPriority
                0x0000000008001728       0x54 ./Drivers/STM32F3xx_HAL_Driver/Src/stm32f3xx_hal_cortex.o
 .text.NVIC_EncodePriority
                0x000000000800177c       0x66 ./Drivers/STM32F3xx_HAL_Driver/Src/stm32f3xx_hal_cortex.o
 *fill*         0x00000000080017e2        0x2 
 .text.SysTick_Config
                0x00000000080017e4       0x44 ./Drivers/STM32F3xx_HAL_Driver/Src/stm32f3xx_hal_cortex.o
 .text.HAL_NVIC_SetPriorityGrouping
                0x0000000008001828       0x16 ./Drivers/STM32F3xx_HAL_Driver/Src/stm32f3xx_hal_cortex.o
                0x0000000008001828                HAL_NVIC_SetPriorityGrouping
 .text.HAL_NVIC_SetPriority
                0x000000000800183e       0x38 ./Drivers/STM32F3xx_HAL_Driver/Src/stm32f3xx_hal_cortex.o
                0x000000000800183e                HAL_NVIC_SetPriority
 .text.HAL_NVIC_EnableIRQ
                0x0000000008001876       0x1c ./Drivers/STM32F3xx_HAL_Driver/Src/stm32f3xx_hal_cortex.o
                0x0000000008001876                HAL_NVIC_EnableIRQ
 .text.HAL_SYSTICK_Config
                0x0000000008001892       0x18 ./Drivers/STM32F3xx_HAL_Driver/Src/stm32f3xx_hal_cortex.o
                0x0000000008001892                HAL_SYSTICK_Config
 .text.HAL_DMA_Init
                0x00000000080018aa       0x8e ./Drivers/STM32F3xx_HAL_Driver/Src/stm32f3xx_hal_dma.o
                0x00000000080018aa                HAL_DMA_Init
 .text.HAL_DMA_Start_IT
                0x0000000008001938       0xbe ./Drivers/STM32F3xx_HAL_Driver/Src/stm32f3xx_hal_dma.o
                0x0000000008001938                HAL_DMA_Start_IT
 .text.HAL_DMA_Abort
                0x00000000080019f6       0x72 ./Drivers/STM32F3xx_HAL_Driver/Src/stm32f3xx_hal_dma.o
                0x00000000080019f6                HAL_DMA_Abort
 .text.HAL_DMA_Abort_IT
                0x0000000008001a68       0x7c ./Drivers/STM32F3xx_HAL_Driver/Src/stm32f3xx_hal_dma.o
                0x0000000008001a68                HAL_DMA_Abort_IT
 .text.HAL_DMA_IRQHandler
                0x0000000008001ae4      0x146 ./Drivers/STM32F3xx_HAL_Driver/Src/stm32f3xx_hal_dma.o
                0x0000000008001ae4                HAL_DMA_IRQHandler
 .text.DMA_SetConfig
                0x0000000008001c2a       0x5c ./Drivers/STM32F3xx_HAL_Driver/Src/stm32f3xx_hal_dma.o
 *fill*         0x0000000008001c86        0x2 
 .text.DMA_CalcBaseAndBitshift
                0x0000000008001c88       0x78 ./Drivers/STM32F3xx_HAL_Driver/Src/stm32f3xx_hal_dma.o
 .text.HAL_GPIO_Init
                0x0000000008001d00      0x2f4 ./Drivers/STM32F3xx_HAL_Driver/Src/stm32f3xx_hal_gpio.o
                0x0000000008001d00                HAL_GPIO_Init
 .text.HAL_GPIO_WritePin
                0x0000000008001ff4       0x30 ./Drivers/STM32F3xx_HAL_Driver/Src/stm32f3xx_hal_gpio.o
                0x0000000008001ff4                HAL_GPIO_WritePin
 .text.HAL_GPIO_TogglePin
                0x0000000008002024       0x34 ./Drivers/STM32F3xx_HAL_Driver/Src/stm32f3xx_hal_gpio.o
                0x0000000008002024                HAL_GPIO_TogglePin
 .text.HAL_GPIO_EXTI_IRQHandler
                0x0000000008002058       0x30 ./Drivers/STM32F3xx_HAL_Driver/Src/stm32f3xx_hal_gpio.o
                0x0000000008002058                HAL_GPIO_EXTI_IRQHandler
 .text.HAL_GPIO_EXTI_Callback
                0x0000000008002088       0x16 ./Drivers/STM32F3xx_HAL_Driver/Src/stm32f3xx_hal_gpio.o
                0x0000000008002088                HAL_GPIO_EXTI_Callback
 .text.HAL_PCD_Init
                0x000000000800209e      0x1a4 ./Drivers/STM32F3xx_HAL_Driver/Src/stm32f3xx_hal_pcd.o
                0x000000000800209e                HAL_PCD_Init
 *fill*         0x0000000008002242        0x2 
 .text.HAL_RCC_OscConfig
                0x0000000008002244     0x107c ./Drivers/STM32F3xx_HAL_Driver/Src/stm32f3xx_hal_rcc.o
                0x0000000008002244                HAL_RCC_OscConfig
 .text.HAL_RCC_ClockConfig
                0x00000000080032c0      0x2f8 ./Drivers/STM32F3xx_HAL_Driver/Src/stm32f3xx_hal_rcc.o
                0x00000000080032c0                HAL_RCC_ClockConfig
 .text.HAL_RCC_GetSysClockFreq
                0x00000000080035b8       0xd8 ./Drivers/STM32F3xx_HAL_Driver/Src/stm32f3xx_hal_rcc.o
                0x00000000080035b8                HAL_RCC_GetSysClockFreq
 .text.HAL_RCC_GetHCLKFreq
                0x0000000008003690       0x18 ./Drivers/STM32F3xx_HAL_Driver/Src/stm32f3xx_hal_rcc.o
                0x0000000008003690                HAL_RCC_GetHCLKFreq
 .text.HAL_RCC_GetPCLK1Freq
                0x00000000080036a8       0x44 ./Drivers/STM32F3xx_HAL_Driver/Src/stm32f3xx_hal_rcc.o
                0x00000000080036a8                HAL_RCC_GetPCLK1Freq
 .text.HAL_RCC_GetPCLK2Freq
                0x00000000080036ec       0x44 ./Drivers/STM32F3xx_HAL_Driver/Src/stm32f3xx_hal_rcc.o
                0x00000000080036ec                HAL_RCC_GetPCLK2Freq
 .text.HAL_RCCEx_PeriphCLKConfig
                0x0000000008003730      0x2e8 ./Drivers/STM32F3xx_HAL_Driver/Src/stm32f3xx_hal_rcc_ex.o
                0x0000000008003730                HAL_RCCEx_PeriphCLKConfig
 .text.HAL_SPI_Init
                0x0000000008003a18      0x156 ./Drivers/STM32F3xx_HAL_Driver/Src/stm32f3xx_hal_spi.o
                0x0000000008003a18                HAL_SPI_Init
 .text.HAL_SPI_Transmit
                0x0000000008003b6e      0x2ea ./Drivers/STM32F3xx_HAL_Driver/Src/stm32f3xx_hal_spi.o
                0x0000000008003b6e                HAL_SPI_Transmit
 .text.HAL_SPI_IRQHandler
                0x0000000008003e58      0x1e8 ./Drivers/STM32F3xx_HAL_Driver/Src/stm32f3xx_hal_spi.o
                0x0000000008003e58                HAL_SPI_IRQHandler
 .text.HAL_SPI_ErrorCallback
                0x0000000008004040       0x14 ./Drivers/STM32F3xx_HAL_Driver/Src/stm32f3xx_hal_spi.o
                0x0000000008004040                HAL_SPI_ErrorCallback
 .text.SPI_DMAAbortOnError
                0x0000000008004054       0x2a ./Drivers/STM32F3xx_HAL_Driver/Src/stm32f3xx_hal_spi.o
 *fill*         0x000000000800407e        0x2 
 .text.SPI_WaitFlagStateUntilTimeout
                0x0000000008004080      0x110 ./Drivers/STM32F3xx_HAL_Driver/Src/stm32f3xx_hal_spi.o
 .text.SPI_WaitFifoStateUntilTimeout
                0x0000000008004190      0x12c ./Drivers/STM32F3xx_HAL_Driver/Src/stm32f3xx_hal_spi.o
 .text.SPI_EndRxTxTransaction
                0x00000000080042bc       0x8c ./Drivers/STM32F3xx_HAL_Driver/Src/stm32f3xx_hal_spi.o
 .text.HAL_TIM_Base_Init
                0x0000000008004348       0x9e ./Drivers/STM32F3xx_HAL_Driver/Src/stm32f3xx_hal_tim.o
                0x0000000008004348                HAL_TIM_Base_Init
 *fill*         0x00000000080043e6        0x2 
 .text.HAL_TIM_Base_Start
                0x00000000080043e8       0xc0 ./Drivers/STM32F3xx_HAL_Driver/Src/stm32f3xx_hal_tim.o
                0x00000000080043e8                HAL_TIM_Base_Start
 .text.HAL_TIM_ConfigClockSource
                0x00000000080044a8      0x18e ./Drivers/STM32F3xx_HAL_Driver/Src/stm32f3xx_hal_tim.o
                0x00000000080044a8                HAL_TIM_ConfigClockSource
 *fill*         0x0000000008004636        0x2 
 .text.TIM_Base_SetConfig
                0x0000000008004638      0x134 ./Drivers/STM32F3xx_HAL_Driver/Src/stm32f3xx_hal_tim.o
                0x0000000008004638                TIM_Base_SetConfig
 .text.TIM_TI1_ConfigInputStage
                0x000000000800476c       0x5e ./Drivers/STM32F3xx_HAL_Driver/Src/stm32f3xx_hal_tim.o
 .text.TIM_TI2_ConfigInputStage
                0x00000000080047ca       0x60 ./Drivers/STM32F3xx_HAL_Driver/Src/stm32f3xx_hal_tim.o
 .text.TIM_ITRx_SetConfig
                0x000000000800482a       0x36 ./Drivers/STM32F3xx_HAL_Driver/Src/stm32f3xx_hal_tim.o
 .text.TIM_ETR_SetConfig
                0x0000000008004860       0x40 ./Drivers/STM32F3xx_HAL_Driver/Src/stm32f3xx_hal_tim.o
                0x0000000008004860                TIM_ETR_SetConfig
 .text.HAL_TIMEx_MasterConfigSynchronization
                0x00000000080048a0       0xe8 ./Drivers/STM32F3xx_HAL_Driver/Src/stm32f3xx_hal_tim_ex.o
                0x00000000080048a0                HAL_TIMEx_MasterConfigSynchronization
 .text.HAL_UART_Init
                0x0000000008004988       0x9c ./Drivers/STM32F3xx_HAL_Driver/Src/stm32f3xx_hal_uart.o
                0x0000000008004988                HAL_UART_Init
 .text.HAL_UART_IRQHandler
                0x0000000008004a24      0x5cc ./Drivers/STM32F3xx_HAL_Driver/Src/stm32f3xx_hal_uart.o
                0x0000000008004a24                HAL_UART_IRQHandler
 .text.HAL_UART_ErrorCallback
                0x0000000008004ff0       0x14 ./Drivers/STM32F3xx_HAL_Driver/Src/stm32f3xx_hal_uart.o
                0x0000000008004ff0                HAL_UART_ErrorCallback
 .text.HAL_UARTEx_RxEventCallback
                0x0000000008005004       0x18 ./Drivers/STM32F3xx_HAL_Driver/Src/stm32f3xx_hal_uart.o
                0x0000000008005004                HAL_UARTEx_RxEventCallback
 .text.UART_SetConfig
                0x000000000800501c      0x2f4 ./Drivers/STM32F3xx_HAL_Driver/Src/stm32f3xx_hal_uart.o
                0x000000000800501c                UART_SetConfig
 .text.UART_AdvFeatureConfig
                0x0000000008005310      0x144 ./Drivers/STM32F3xx_HAL_Driver/Src/stm32f3xx_hal_uart.o
                0x0000000008005310                UART_AdvFeatureConfig
 .text.UART_CheckIdleState
                0x0000000008005454      0x150 ./Drivers/STM32F3xx_HAL_Driver/Src/stm32f3xx_hal_uart.o
                0x0000000008005454                UART_CheckIdleState
 .text.UART_WaitOnFlagUntilTimeout
                0x00000000080055a4       0xce ./Drivers/STM32F3xx_HAL_Driver/Src/stm32f3xx_hal_uart.o
                0x00000000080055a4                UART_WaitOnFlagUntilTimeout
 .text.UART_EndRxTransfer
                0x0000000008005672       0xc8 ./Drivers/STM32F3xx_HAL_Driver/Src/stm32f3xx_hal_uart.o
 .text.UART_DMAAbortOnError
                0x000000000800573a       0x2c ./Drivers/STM32F3xx_HAL_Driver/Src/stm32f3xx_hal_uart.o
 .text.UART_EndTransmit_IT
                0x0000000008005766       0x54 ./Drivers/STM32F3xx_HAL_Driver/Src/stm32f3xx_hal_uart.o
 .text.HAL_UARTEx_WakeupCallback
                0x00000000080057ba       0x14 ./Drivers/STM32F3xx_HAL_Driver/Src/stm32f3xx_hal_uart_ex.o
                0x00000000080057ba                HAL_UARTEx_WakeupCallback
 .text.USB_DisableGlobalInt
                0x00000000080057ce       0x36 ./Drivers/STM32F3xx_HAL_Driver/Src/stm32f3xx_ll_usb.o
                0x00000000080057ce                USB_DisableGlobalInt
 .text.USB_DevInit
                0x0000000008005804       0x42 ./Drivers/STM32F3xx_HAL_Driver/Src/stm32f3xx_ll_usb.o
                0x0000000008005804                USB_DevInit
 .text.memset   0x0000000008005846       0x10 D:/STM32CubeIDE_1.13.2/STM32CubeIDE/plugins/com.st.stm32cube.ide.mcu.externaltools.gnu-tools-for-stm32.11.3.rel1.win32_1.1.1.202309131626/tools/bin/../lib/gcc/arm-none-eabi/11.3.1/../../../../arm-none-eabi/lib/thumb/v7e-m+fp/hard\libc_nano.a(libc_a-memset.o)
                0x0000000008005846                memset
 *fill*         0x0000000008005856        0x2 
 .text.__libc_init_array
                0x0000000008005858       0x48 D:/STM32CubeIDE_1.13.2/STM32CubeIDE/plugins/com.st.stm32cube.ide.mcu.externaltools.gnu-tools-for-stm32.11.3.rel1.win32_1.1.1.202309131626/tools/bin/../lib/gcc/arm-none-eabi/11.3.1/../../../../arm-none-eabi/lib/thumb/v7e-m+fp/hard\libc_nano.a(libc_a-init.o)
                0x0000000008005858                __libc_init_array
 *(.glue_7)
 .glue_7        0x00000000080058a0        0x0 linker stubs
 *(.glue_7t)
 .glue_7t       0x00000000080058a0        0x0 linker stubs
 *(.eh_frame)
 .eh_frame      0x00000000080058a0        0x0 D:/STM32CubeIDE_1.13.2/STM32CubeIDE/plugins/com.st.stm32cube.ide.mcu.externaltools.gnu-tools-for-stm32.11.3.rel1.win32_1.1.1.202309131626/tools/bin/../lib/gcc/arm-none-eabi/11.3.1/thumb/v7e-m+fp/hard/crtbegin.o
 *(.init)
 .init          0x00000000080058a0        0x4 D:/STM32CubeIDE_1.13.2/STM32CubeIDE/plugins/com.st.stm32cube.ide.mcu.externaltools.gnu-tools-for-stm32.11.3.rel1.win32_1.1.1.202309131626/tools/bin/../lib/gcc/arm-none-eabi/11.3.1/thumb/v7e-m+fp/hard/crti.o
                0x00000000080058a0                _init
 .init          0x00000000080058a4        0x8 D:/STM32CubeIDE_1.13.2/STM32CubeIDE/plugins/com.st.stm32cube.ide.mcu.externaltools.gnu-tools-for-stm32.11.3.rel1.win32_1.1.1.202309131626/tools/bin/../lib/gcc/arm-none-eabi/11.3.1/thumb/v7e-m+fp/hard/crtn.o
 *(.fini)
 .fini          0x00000000080058ac        0x4 D:/STM32CubeIDE_1.13.2/STM32CubeIDE/plugins/com.st.stm32cube.ide.mcu.externaltools.gnu-tools-for-stm32.11.3.rel1.win32_1.1.1.202309131626/tools/bin/../lib/gcc/arm-none-eabi/11.3.1/thumb/v7e-m+fp/hard/crti.o
                0x00000000080058ac                _fini
 .fini          0x00000000080058b0        0x8 D:/STM32CubeIDE_1.13.2/STM32CubeIDE/plugins/com.st.stm32cube.ide.mcu.externaltools.gnu-tools-for-stm32.11.3.rel1.win32_1.1.1.202309131626/tools/bin/../lib/gcc/arm-none-eabi/11.3.1/thumb/v7e-m+fp/hard/crtn.o
                0x00000000080058b8                . = ALIGN (0x4)
                0x00000000080058b8                _etext = .

.vfp11_veneer   0x00000000080058b8        0x0
 .vfp11_veneer  0x00000000080058b8        0x0 linker stubs

.v4_bx          0x00000000080058b8        0x0
 .v4_bx         0x00000000080058b8        0x0 linker stubs

.iplt           0x00000000080058b8        0x0
 .iplt          0x00000000080058b8        0x0 D:/STM32CubeIDE_1.13.2/STM32CubeIDE/plugins/com.st.stm32cube.ide.mcu.externaltools.gnu-tools-for-stm32.11.3.rel1.win32_1.1.1.202309131626/tools/bin/../lib/gcc/arm-none-eabi/11.3.1/thumb/v7e-m+fp/hard/crtbegin.o

.rodata         0x00000000080058b8       0x38
                0x00000000080058b8                . = ALIGN (0x4)
 *(.rodata)
 *(.rodata*)
 .rodata.AHBPrescTable
                0x00000000080058b8       0x10 ./Core/Src/system_stm32f3xx.o
                0x00000000080058b8                AHBPrescTable
 .rodata.APBPrescTable
                0x00000000080058c8        0x8 ./Core/Src/system_stm32f3xx.o
                0x00000000080058c8                APBPrescTable
 .rodata.aPLLMULFactorTable
                0x00000000080058d0       0x10 ./Drivers/STM32F3xx_HAL_Driver/Src/stm32f3xx_hal_rcc.o
 .rodata.aPredivFactorTable
                0x00000000080058e0       0x10 ./Drivers/STM32F3xx_HAL_Driver/Src/stm32f3xx_hal_rcc.o
                0x00000000080058f0                . = ALIGN (0x4)

.rel.dyn        0x00000000080058f0        0x0
 .rel.iplt      0x00000000080058f0        0x0 D:/STM32CubeIDE_1.13.2/STM32CubeIDE/plugins/com.st.stm32cube.ide.mcu.externaltools.gnu-tools-for-stm32.11.3.rel1.win32_1.1.1.202309131626/tools/bin/../lib/gcc/arm-none-eabi/11.3.1/thumb/v7e-m+fp/hard/crtbegin.o

.ARM.extab      0x00000000080058f0        0x0
                0x00000000080058f0                . = ALIGN (0x4)
 *(.ARM.extab* .gnu.linkonce.armextab.*)
                0x00000000080058f0                . = ALIGN (0x4)

.ARM            0x00000000080058f0        0x0
                0x00000000080058f0                . = ALIGN (0x4)
                0x00000000080058f0                __exidx_start = .
 *(.ARM.exidx*)
                0x00000000080058f0                __exidx_end = .
                0x00000000080058f0                . = ALIGN (0x4)

.preinit_array  0x00000000080058f0        0x0
                0x00000000080058f0                . = ALIGN (0x4)
                0x00000000080058f0                PROVIDE (__preinit_array_start = .)
 *(.preinit_array*)
                0x00000000080058f0                PROVIDE (__preinit_array_end = .)
                0x00000000080058f0                . = ALIGN (0x4)

.init_array     0x00000000080058f0        0x4
                0x00000000080058f0                . = ALIGN (0x4)
                0x00000000080058f0                PROVIDE (__init_array_start = .)
 *(SORT_BY_NAME(.init_array.*))
 *(.init_array*)
 .init_array    0x00000000080058f0        0x4 D:/STM32CubeIDE_1.13.2/STM32CubeIDE/plugins/com.st.stm32cube.ide.mcu.externaltools.gnu-tools-for-stm32.11.3.rel1.win32_1.1.1.202309131626/tools/bin/../lib/gcc/arm-none-eabi/11.3.1/thumb/v7e-m+fp/hard/crtbegin.o
                0x00000000080058f4                PROVIDE (__init_array_end = .)
                0x00000000080058f4                . = ALIGN (0x4)

.fini_array     0x00000000080058f4        0x4
                0x00000000080058f4                . = ALIGN (0x4)
                [!provide]                        PROVIDE (__fini_array_start = .)
 *(SORT_BY_NAME(.fini_array.*))
 *(.fini_array*)
 .fini_array    0x00000000080058f4        0x4 D:/STM32CubeIDE_1.13.2/STM32CubeIDE/plugins/com.st.stm32cube.ide.mcu.externaltools.gnu-tools-for-stm32.11.3.rel1.win32_1.1.1.202309131626/tools/bin/../lib/gcc/arm-none-eabi/11.3.1/thumb/v7e-m+fp/hard/crtbegin.o
                [!provide]                        PROVIDE (__fini_array_end = .)
                0x00000000080058f8                . = ALIGN (0x4)
                0x00000000080058f8                _sidata = LOADADDR (.data)

.data           0x0000000020000000        0xc load address 0x00000000080058f8
                0x0000000020000000                . = ALIGN (0x4)
                0x0000000020000000                _sdata = .
 *(.data)
 *(.data*)
 .data.SystemCoreClock
                0x0000000020000000        0x4 ./Core/Src/system_stm32f3xx.o
                0x0000000020000000                SystemCoreClock
 .data.uwTickPrio
                0x0000000020000004        0x4 ./Drivers/STM32F3xx_HAL_Driver/Src/stm32f3xx_hal.o
                0x0000000020000004                uwTickPrio
 .data.uwTickFreq
                0x0000000020000008        0x1 ./Drivers/STM32F3xx_HAL_Driver/Src/stm32f3xx_hal.o
                0x0000000020000008                uwTickFreq
 *(.RamFunc)
 *(.RamFunc*)
                0x000000002000000c                . = ALIGN (0x4)
 *fill*         0x0000000020000009        0x3 
                0x000000002000000c                _edata = .

.igot.plt       0x000000002000000c        0x0 load address 0x0000000008005904
 .igot.plt      0x000000002000000c        0x0 D:/STM32CubeIDE_1.13.2/STM32CubeIDE/plugins/com.st.stm32cube.ide.mcu.externaltools.gnu-tools-for-stm32.11.3.rel1.win32_1.1.1.202309131626/tools/bin/../lib/gcc/arm-none-eabi/11.3.1/thumb/v7e-m+fp/hard/crtbegin.o
                0x000000002000000c                . = ALIGN (0x4)

.bss            0x000000002000000c      0x4bc load address 0x0000000008005904
                0x000000002000000c                _sbss = .
                0x000000002000000c                __bss_start__ = _sbss
 *(.bss)
 .bss           0x000000002000000c       0x1c D:/STM32CubeIDE_1.13.2/STM32CubeIDE/plugins/com.st.stm32cube.ide.mcu.externaltools.gnu-tools-for-stm32.11.3.rel1.win32_1.1.1.202309131626/tools/bin/../lib/gcc/arm-none-eabi/11.3.1/thumb/v7e-m+fp/hard/crtbegin.o
 *(.bss*)
 .bss.hadc1     0x0000000020000028       0x30 ./Core/Src/adc.o
                0x0000000020000028                hadc1
 .bss.hdma_adc1
                0x0000000020000058       0x44 ./Core/Src/adc.o
                0x0000000020000058                hdma_adc1
 .bss.hspi1     0x000000002000009c       0x64 ./Core/Src/spi.o
                0x000000002000009c                hspi1
 .bss.htim3     0x0000000020000100       0x4c ./Core/Src/tim.o
                0x0000000020000100                htim3
 .bss.huart1_ITh
                0x000000002000014c        0x2 ./Core/Src/usart.o
                0x000000002000014c                huart1_ITh
 *fill*         0x000000002000014e        0x2 
 .bss.huart1    0x0000000020000150       0x88 ./Core/Src/usart.o
                0x0000000020000150                huart1
 .bss.hpcd_USB_FS
                0x00000000200001d8      0x2ec ./Core/Src/usb.o
                0x00000000200001d8                hpcd_USB_FS
 .bss.uwTick    0x00000000200004c4        0x4 ./Drivers/STM32F3xx_HAL_Driver/Src/stm32f3xx_hal.o
                0x00000000200004c4                uwTick
 *(COMMON)
                0x00000000200004c8                . = ALIGN (0x4)
                0x00000000200004c8                _ebss = .
                0x00000000200004c8                __bss_end__ = _ebss

._user_heap_stack
                0x00000000200004c8      0x600 load address 0x0000000008005904
                0x00000000200004c8                . = ALIGN (0x8)
                [!provide]                        PROVIDE (end = .)
                0x00000000200004c8                PROVIDE (_end = .)
                0x00000000200006c8                . = (. + _Min_Heap_Size)
 *fill*         0x00000000200004c8      0x200 
                0x0000000020000ac8                . = (. + _Min_Stack_Size)
 *fill*         0x00000000200006c8      0x400 
                0x0000000020000ac8                . = ALIGN (0x8)

/DISCARD/
 libc.a(*)
 libm.a(*)
 libgcc.a(*)

.ARM.attributes
                0x0000000000000000       0x30
 *(.ARM.attributes)
 .ARM.attributes
                0x0000000000000000       0x1e D:/STM32CubeIDE_1.13.2/STM32CubeIDE/plugins/com.st.stm32cube.ide.mcu.externaltools.gnu-tools-for-stm32.11.3.rel1.win32_1.1.1.202309131626/tools/bin/../lib/gcc/arm-none-eabi/11.3.1/thumb/v7e-m+fp/hard/crti.o
 .ARM.attributes
                0x000000000000001e       0x34 D:/STM32CubeIDE_1.13.2/STM32CubeIDE/plugins/com.st.stm32cube.ide.mcu.externaltools.gnu-tools-for-stm32.11.3.rel1.win32_1.1.1.202309131626/tools/bin/../lib/gcc/arm-none-eabi/11.3.1/thumb/v7e-m+fp/hard/crtbegin.o
 .ARM.attributes
                0x0000000000000052       0x34 ./Core/Src/adc.o
 .ARM.attributes
                0x0000000000000086       0x34 ./Core/Src/dma.o
 .ARM.attributes
                0x00000000000000ba       0x34 ./Core/Src/gpio.o
 .ARM.attributes
                0x00000000000000ee       0x34 ./Core/Src/imu.o
 .ARM.attributes
                0x0000000000000122       0x34 ./Core/Src/main.o
 .ARM.attributes
                0x0000000000000156       0x34 ./Core/Src/spi.o
 .ARM.attributes
                0x000000000000018a       0x34 ./Core/Src/stm32f3xx_hal_msp.o
 .ARM.attributes
                0x00000000000001be       0x34 ./Core/Src/stm32f3xx_it.o
 .ARM.attributes
                0x00000000000001f2       0x34 ./Core/Src/system_stm32f3xx.o
 .ARM.attributes
                0x0000000000000226       0x34 ./Core/Src/tim.o
 .ARM.attributes
                0x000000000000025a       0x34 ./Core/Src/usart.o
 .ARM.attributes
                0x000000000000028e       0x34 ./Core/Src/usb.o
 .ARM.attributes
                0x00000000000002c2       0x21 ./Core/Startup/startup_stm32f373rctx.o
 .ARM.attributes
                0x00000000000002e3       0x34 ./Drivers/STM32F3xx_HAL_Driver/Src/stm32f3xx_hal.o
 .ARM.attributes
                0x0000000000000317       0x34 ./Drivers/STM32F3xx_HAL_Driver/Src/stm32f3xx_hal_adc.o
 .ARM.attributes
                0x000000000000034b       0x34 ./Drivers/STM32F3xx_HAL_Driver/Src/stm32f3xx_hal_adc_ex.o
 .ARM.attributes
                0x000000000000037f       0x34 ./Drivers/STM32F3xx_HAL_Driver/Src/stm32f3xx_hal_cortex.o
 .ARM.attributes
                0x00000000000003b3       0x34 ./Drivers/STM32F3xx_HAL_Driver/Src/stm32f3xx_hal_dma.o
 .ARM.attributes
                0x00000000000003e7       0x34 ./Drivers/STM32F3xx_HAL_Driver/Src/stm32f3xx_hal_gpio.o
 .ARM.attributes
                0x000000000000041b       0x34 ./Drivers/STM32F3xx_HAL_Driver/Src/stm32f3xx_hal_pcd.o
 .ARM.attributes
                0x000000000000044f       0x34 ./Drivers/STM32F3xx_HAL_Driver/Src/stm32f3xx_hal_rcc.o
 .ARM.attributes
                0x0000000000000483       0x34 ./Drivers/STM32F3xx_HAL_Driver/Src/stm32f3xx_hal_rcc_ex.o
 .ARM.attributes
                0x00000000000004b7       0x34 ./Drivers/STM32F3xx_HAL_Driver/Src/stm32f3xx_hal_spi.o
 .ARM.attributes
                0x00000000000004eb       0x34 ./Drivers/STM32F3xx_HAL_Driver/Src/stm32f3xx_hal_tim.o
 .ARM.attributes
                0x000000000000051f       0x34 ./Drivers/STM32F3xx_HAL_Driver/Src/stm32f3xx_hal_tim_ex.o
 .ARM.attributes
                0x0000000000000553       0x34 ./Drivers/STM32F3xx_HAL_Driver/Src/stm32f3xx_hal_uart.o
 .ARM.attributes
                0x0000000000000587       0x34 ./Drivers/STM32F3xx_HAL_Driver/Src/stm32f3xx_hal_uart_ex.o
 .ARM.attributes
                0x00000000000005bb       0x34 ./Drivers/STM32F3xx_HAL_Driver/Src/stm32f3xx_ll_usb.o
 .ARM.attributes
                0x00000000000005ef       0x34 D:/STM32CubeIDE_1.13.2/STM32CubeIDE/plugins/com.st.stm32cube.ide.mcu.externaltools.gnu-tools-for-stm32.11.3.rel1.win32_1.1.1.202309131626/tools/bin/../lib/gcc/arm-none-eabi/11.3.1/../../../../arm-none-eabi/lib/thumb/v7e-m+fp/hard\libc_nano.a(libc_a-memset.o)
 .ARM.attributes
                0x0000000000000623       0x34 D:/STM32CubeIDE_1.13.2/STM32CubeIDE/plugins/com.st.stm32cube.ide.mcu.externaltools.gnu-tools-for-stm32.11.3.rel1.win32_1.1.1.202309131626/tools/bin/../lib/gcc/arm-none-eabi/11.3.1/../../../../arm-none-eabi/lib/thumb/v7e-m+fp/hard\libc_nano.a(libc_a-init.o)
 .ARM.attributes
                0x0000000000000657       0x1e D:/STM32CubeIDE_1.13.2/STM32CubeIDE/plugins/com.st.stm32cube.ide.mcu.externaltools.gnu-tools-for-stm32.11.3.rel1.win32_1.1.1.202309131626/tools/bin/../lib/gcc/arm-none-eabi/11.3.1/thumb/v7e-m+fp/hard/crtn.o
OUTPUT(NUFSR.elf elf32-littlearm)
LOAD linker stubs
LOAD D:/STM32CubeIDE_1.13.2/STM32CubeIDE/plugins/com.st.stm32cube.ide.mcu.externaltools.gnu-tools-for-stm32.11.3.rel1.win32_1.1.1.202309131626/tools/bin/../lib/gcc/arm-none-eabi/11.3.1/../../../../arm-none-eabi/lib/thumb/v7e-m+fp/hard\libc.a
LOAD D:/STM32CubeIDE_1.13.2/STM32CubeIDE/plugins/com.st.stm32cube.ide.mcu.externaltools.gnu-tools-for-stm32.11.3.rel1.win32_1.1.1.202309131626/tools/bin/../lib/gcc/arm-none-eabi/11.3.1/../../../../arm-none-eabi/lib/thumb/v7e-m+fp/hard\libm.a
LOAD D:/STM32CubeIDE_1.13.2/STM32CubeIDE/plugins/com.st.stm32cube.ide.mcu.externaltools.gnu-tools-for-stm32.11.3.rel1.win32_1.1.1.202309131626/tools/bin/../lib/gcc/arm-none-eabi/11.3.1/thumb/v7e-m+fp/hard\libgcc.a

.comment        0x0000000000000000       0x43
 .comment       0x0000000000000000       0x43 D:/STM32CubeIDE_1.13.2/STM32CubeIDE/plugins/com.st.stm32cube.ide.mcu.externaltools.gnu-tools-for-stm32.11.3.rel1.win32_1.1.1.202309131626/tools/bin/../lib/gcc/arm-none-eabi/11.3.1/thumb/v7e-m+fp/hard/crtbegin.o
                                         0x44 (size before relaxing)
 .comment       0x0000000000000043       0x44 ./Core/Src/adc.o
 .comment       0x0000000000000043       0x44 ./Core/Src/dma.o
 .comment       0x0000000000000043       0x44 ./Core/Src/gpio.o
 .comment       0x0000000000000043       0x44 ./Core/Src/imu.o
 .comment       0x0000000000000043       0x44 ./Core/Src/main.o
 .comment       0x0000000000000043       0x44 ./Core/Src/spi.o
 .comment       0x0000000000000043       0x44 ./Core/Src/stm32f3xx_hal_msp.o
 .comment       0x0000000000000043       0x44 ./Core/Src/stm32f3xx_it.o
 .comment       0x0000000000000043       0x44 ./Core/Src/system_stm32f3xx.o
 .comment       0x0000000000000043       0x44 ./Core/Src/tim.o
 .comment       0x0000000000000043       0x44 ./Core/Src/usart.o
 .comment       0x0000000000000043       0x44 ./Core/Src/usb.o
 .comment       0x0000000000000043       0x44 ./Drivers/STM32F3xx_HAL_Driver/Src/stm32f3xx_hal.o
 .comment       0x0000000000000043       0x44 ./Drivers/STM32F3xx_HAL_Driver/Src/stm32f3xx_hal_adc.o
 .comment       0x0000000000000043       0x44 ./Drivers/STM32F3xx_HAL_Driver/Src/stm32f3xx_hal_adc_ex.o
 .comment       0x0000000000000043       0x44 ./Drivers/STM32F3xx_HAL_Driver/Src/stm32f3xx_hal_cortex.o
 .comment       0x0000000000000043       0x44 ./Drivers/STM32F3xx_HAL_Driver/Src/stm32f3xx_hal_dma.o
 .comment       0x0000000000000043       0x44 ./Drivers/STM32F3xx_HAL_Driver/Src/stm32f3xx_hal_gpio.o
 .comment       0x0000000000000043       0x44 ./Drivers/STM32F3xx_HAL_Driver/Src/stm32f3xx_hal_pcd.o
 .comment       0x0000000000000043       0x44 ./Drivers/STM32F3xx_HAL_Driver/Src/stm32f3xx_hal_rcc.o
 .comment       0x0000000000000043       0x44 ./Drivers/STM32F3xx_HAL_Driver/Src/stm32f3xx_hal_rcc_ex.o
 .comment       0x0000000000000043       0x44 ./Drivers/STM32F3xx_HAL_Driver/Src/stm32f3xx_hal_spi.o
 .comment       0x0000000000000043       0x44 ./Drivers/STM32F3xx_HAL_Driver/Src/stm32f3xx_hal_tim.o
 .comment       0x0000000000000043       0x44 ./Drivers/STM32F3xx_HAL_Driver/Src/stm32f3xx_hal_tim_ex.o
 .comment       0x0000000000000043       0x44 ./Drivers/STM32F3xx_HAL_Driver/Src/stm32f3xx_hal_uart.o
 .comment       0x0000000000000043       0x44 ./Drivers/STM32F3xx_HAL_Driver/Src/stm32f3xx_hal_uart_ex.o
 .comment       0x0000000000000043       0x44 ./Drivers/STM32F3xx_HAL_Driver/Src/stm32f3xx_ll_usb.o

.debug_info     0x0000000000000000    0x17fe2
 .debug_info    0x0000000000000000      0xab5 ./Core/Src/adc.o
 .debug_info    0x0000000000000ab5      0x371 ./Core/Src/dma.o
 .debug_info    0x0000000000000e26      0x576 ./Core/Src/gpio.o
 .debug_info    0x000000000000139c      0x6cf ./Core/Src/imu.o
 .debug_info    0x0000000000001a6b      0xf0a ./Core/Src/main.o
 .debug_info    0x0000000000002975      0xa6b ./Core/Src/spi.o
 .debug_info    0x00000000000033e0      0x18d ./Core/Src/stm32f3xx_hal_msp.o
 .debug_info    0x000000000000356d      0xd4d ./Core/Src/stm32f3xx_it.o
 .debug_info    0x00000000000042ba      0x407 ./Core/Src/system_stm32f3xx.o
 .debug_info    0x00000000000046c1      0x85d ./Core/Src/tim.o
 .debug_info    0x0000000000004f1e      0xe04 ./Core/Src/usart.o
 .debug_info    0x0000000000005d22      0x813 ./Core/Src/usb.o
 .debug_info    0x0000000000006535       0x23 ./Core/Startup/startup_stm32f373rctx.o
 .debug_info    0x0000000000006558      0x7c8 ./Drivers/STM32F3xx_HAL_Driver/Src/stm32f3xx_hal.o
 .debug_info    0x0000000000006d20      0x993 ./Drivers/STM32F3xx_HAL_Driver/Src/stm32f3xx_hal_adc.o
 .debug_info    0x00000000000076b3      0xf8d ./Drivers/STM32F3xx_HAL_Driver/Src/stm32f3xx_hal_adc_ex.o
 .debug_info    0x0000000000008640      0xca3 ./Drivers/STM32F3xx_HAL_Driver/Src/stm32f3xx_hal_cortex.o
 .debug_info    0x00000000000092e3      0x6e1 ./Drivers/STM32F3xx_HAL_Driver/Src/stm32f3xx_hal_dma.o
 .debug_info    0x00000000000099c4      0x59e ./Drivers/STM32F3xx_HAL_Driver/Src/stm32f3xx_hal_gpio.o
 .debug_info    0x0000000000009f62     0x15cf ./Drivers/STM32F3xx_HAL_Driver/Src/stm32f3xx_hal_pcd.o
 .debug_info    0x000000000000b531     0x14f1 ./Drivers/STM32F3xx_HAL_Driver/Src/stm32f3xx_hal_rcc.o
 .debug_info    0x000000000000ca22      0x5b1 ./Drivers/STM32F3xx_HAL_Driver/Src/stm32f3xx_hal_rcc_ex.o
 .debug_info    0x000000000000cfd3     0x1622 ./Drivers/STM32F3xx_HAL_Driver/Src/stm32f3xx_hal_spi.o
 .debug_info    0x000000000000e5f5     0x2949 ./Drivers/STM32F3xx_HAL_Driver/Src/stm32f3xx_hal_tim.o
 .debug_info    0x0000000000010f3e     0x14a2 ./Drivers/STM32F3xx_HAL_Driver/Src/stm32f3xx_hal_tim_ex.o
 .debug_info    0x00000000000123e0     0x39a8 ./Drivers/STM32F3xx_HAL_Driver/Src/stm32f3xx_hal_uart.o
 .debug_info    0x0000000000015d88      0xc92 ./Drivers/STM32F3xx_HAL_Driver/Src/stm32f3xx_hal_uart_ex.o
 .debug_info    0x0000000000016a1a     0x15c8 ./Drivers/STM32F3xx_HAL_Driver/Src/stm32f3xx_ll_usb.o

.debug_abbrev   0x0000000000000000     0x3908
 .debug_abbrev  0x0000000000000000      0x220 ./Core/Src/adc.o
 .debug_abbrev  0x0000000000000220       0xfc ./Core/Src/dma.o
 .debug_abbrev  0x000000000000031c      0x15a ./Core/Src/gpio.o
 .debug_abbrev  0x0000000000000476      0x1cf ./Core/Src/imu.o
 .debug_abbrev  0x0000000000000645      0x283 ./Core/Src/main.o
 .debug_abbrev  0x00000000000008c8      0x1f7 ./Core/Src/spi.o
 .debug_abbrev  0x0000000000000abf       0xc6 ./Core/Src/stm32f3xx_hal_msp.o
 .debug_abbrev  0x0000000000000b85      0x1c4 ./Core/Src/stm32f3xx_it.o
 .debug_abbrev  0x0000000000000d49      0x11a ./Core/Src/system_stm32f3xx.o
 .debug_abbrev  0x0000000000000e63      0x1d8 ./Core/Src/tim.o
 .debug_abbrev  0x000000000000103b      0x289 ./Core/Src/usart.o
 .debug_abbrev  0x00000000000012c4      0x1f7 ./Core/Src/usb.o
 .debug_abbrev  0x00000000000014bb       0x12 ./Core/Startup/startup_stm32f373rctx.o
 .debug_abbrev  0x00000000000014cd      0x215 ./Drivers/STM32F3xx_HAL_Driver/Src/stm32f3xx_hal.o
 .debug_abbrev  0x00000000000016e2      0x174 ./Drivers/STM32F3xx_HAL_Driver/Src/stm32f3xx_hal_adc.o
 .debug_abbrev  0x0000000000001856      0x268 ./Drivers/STM32F3xx_HAL_Driver/Src/stm32f3xx_hal_adc_ex.o
 .debug_abbrev  0x0000000000001abe      0x329 ./Drivers/STM32F3xx_HAL_Driver/Src/stm32f3xx_hal_cortex.o
 .debug_abbrev  0x0000000000001de7      0x20d ./Drivers/STM32F3xx_HAL_Driver/Src/stm32f3xx_hal_dma.o
 .debug_abbrev  0x0000000000001ff4      0x1ca ./Drivers/STM32F3xx_HAL_Driver/Src/stm32f3xx_hal_gpio.o
 .debug_abbrev  0x00000000000021be      0x2d2 ./Drivers/STM32F3xx_HAL_Driver/Src/stm32f3xx_hal_pcd.o
 .debug_abbrev  0x0000000000002490      0x300 ./Drivers/STM32F3xx_HAL_Driver/Src/stm32f3xx_hal_rcc.o
 .debug_abbrev  0x0000000000002790      0x245 ./Drivers/STM32F3xx_HAL_Driver/Src/stm32f3xx_hal_rcc_ex.o
 .debug_abbrev  0x00000000000029d5      0x269 ./Drivers/STM32F3xx_HAL_Driver/Src/stm32f3xx_hal_spi.o
 .debug_abbrev  0x0000000000002c3e      0x278 ./Drivers/STM32F3xx_HAL_Driver/Src/stm32f3xx_hal_tim.o
 .debug_abbrev  0x0000000000002eb6      0x283 ./Drivers/STM32F3xx_HAL_Driver/Src/stm32f3xx_hal_tim_ex.o
 .debug_abbrev  0x0000000000003139      0x2d1 ./Drivers/STM32F3xx_HAL_Driver/Src/stm32f3xx_hal_uart.o
 .debug_abbrev  0x000000000000340a      0x2bf ./Drivers/STM32F3xx_HAL_Driver/Src/stm32f3xx_hal_uart_ex.o
 .debug_abbrev  0x00000000000036c9      0x23f ./Drivers/STM32F3xx_HAL_Driver/Src/stm32f3xx_ll_usb.o

.debug_aranges  0x0000000000000000     0x13c8
 .debug_aranges
                0x0000000000000000       0x30 ./Core/Src/adc.o
 .debug_aranges
                0x0000000000000030       0x20 ./Core/Src/dma.o
 .debug_aranges
                0x0000000000000050       0x20 ./Core/Src/gpio.o
 .debug_aranges
                0x0000000000000070       0x30 ./Core/Src/imu.o
 .debug_aranges
                0x00000000000000a0       0x38 ./Core/Src/main.o
 .debug_aranges
                0x00000000000000d8       0x30 ./Core/Src/spi.o
 .debug_aranges
                0x0000000000000108       0x20 ./Core/Src/stm32f3xx_hal_msp.o
 .debug_aranges
                0x0000000000000128       0x88 ./Core/Src/stm32f3xx_it.o
 .debug_aranges
                0x00000000000001b0       0x28 ./Core/Src/system_stm32f3xx.o
 .debug_aranges
                0x00000000000001d8       0x30 ./Core/Src/tim.o
 .debug_aranges
                0x0000000000000208       0x70 ./Core/Src/usart.o
 .debug_aranges
                0x0000000000000278       0x30 ./Core/Src/usb.o
 .debug_aranges
                0x00000000000002a8       0x28 ./Core/Startup/startup_stm32f373rctx.o
 .debug_aranges
                0x00000000000002d0       0xe0 ./Drivers/STM32F3xx_HAL_Driver/Src/stm32f3xx_hal.o
 .debug_aranges
                0x00000000000003b0       0xc8 ./Drivers/STM32F3xx_HAL_Driver/Src/stm32f3xx_hal_adc.o
 .debug_aranges
                0x0000000000000478       0xf8 ./Drivers/STM32F3xx_HAL_Driver/Src/stm32f3xx_hal_adc_ex.o
 .debug_aranges
                0x0000000000000570      0x118 ./Drivers/STM32F3xx_HAL_Driver/Src/stm32f3xx_hal_cortex.o
 .debug_aranges
                0x0000000000000688       0x88 ./Drivers/STM32F3xx_HAL_Driver/Src/stm32f3xx_hal_dma.o
 .debug_aranges
                0x0000000000000710       0x58 ./Drivers/STM32F3xx_HAL_Driver/Src/stm32f3xx_hal_gpio.o
 .debug_aranges
                0x0000000000000768      0x140 ./Drivers/STM32F3xx_HAL_Driver/Src/stm32f3xx_hal_pcd.o
 .debug_aranges
                0x00000000000008a8       0x88 ./Drivers/STM32F3xx_HAL_Driver/Src/stm32f3xx_hal_rcc.o
 .debug_aranges
                0x0000000000000930       0x38 ./Drivers/STM32F3xx_HAL_Driver/Src/stm32f3xx_hal_rcc_ex.o
 .debug_aranges
                0x0000000000000968      0x1d8 ./Drivers/STM32F3xx_HAL_Driver/Src/stm32f3xx_hal_spi.o
 .debug_aranges
                0x0000000000000b40      0x3d0 ./Drivers/STM32F3xx_HAL_Driver/Src/stm32f3xx_hal_tim.o
 .debug_aranges
                0x0000000000000f10      0x168 ./Drivers/STM32F3xx_HAL_Driver/Src/stm32f3xx_hal_tim_ex.o
 .debug_aranges
                0x0000000000001078      0x228 ./Drivers/STM32F3xx_HAL_Driver/Src/stm32f3xx_hal_uart.o
 .debug_aranges
                0x00000000000012a0       0x70 ./Drivers/STM32F3xx_HAL_Driver/Src/stm32f3xx_hal_uart_ex.o
 .debug_aranges
                0x0000000000001310       0xb8 ./Drivers/STM32F3xx_HAL_Driver/Src/stm32f3xx_ll_usb.o

.debug_rnglists
                0x0000000000000000      0xf49
 .debug_rnglists
                0x0000000000000000       0x20 ./Core/Src/adc.o
 .debug_rnglists
                0x0000000000000020       0x13 ./Core/Src/dma.o
 .debug_rnglists
                0x0000000000000033       0x14 ./Core/Src/gpio.o
 .debug_rnglists
                0x0000000000000047       0x1f ./Core/Src/imu.o
 .debug_rnglists
                0x0000000000000066       0x27 ./Core/Src/main.o
 .debug_rnglists
                0x000000000000008d       0x20 ./Core/Src/spi.o
 .debug_rnglists
                0x00000000000000ad       0x13 ./Core/Src/stm32f3xx_hal_msp.o
 .debug_rnglists
                0x00000000000000c0       0x61 ./Core/Src/stm32f3xx_it.o
 .debug_rnglists
                0x0000000000000121       0x1a ./Core/Src/system_stm32f3xx.o
 .debug_rnglists
                0x000000000000013b       0x20 ./Core/Src/tim.o
 .debug_rnglists
                0x000000000000015b       0x50 ./Core/Src/usart.o
 .debug_rnglists
                0x00000000000001ab       0x20 ./Core/Src/usb.o
 .debug_rnglists
                0x00000000000001cb       0x19 ./Core/Startup/startup_stm32f373rctx.o
 .debug_rnglists
                0x00000000000001e4       0xa3 ./Drivers/STM32F3xx_HAL_Driver/Src/stm32f3xx_hal.o
 .debug_rnglists
                0x0000000000000287       0x91 ./Drivers/STM32F3xx_HAL_Driver/Src/stm32f3xx_hal_adc.o
 .debug_rnglists
                0x0000000000000318       0xc9 ./Drivers/STM32F3xx_HAL_Driver/Src/stm32f3xx_hal_adc_ex.o
 .debug_rnglists
                0x00000000000003e1       0xce ./Drivers/STM32F3xx_HAL_Driver/Src/stm32f3xx_hal_cortex.o
 .debug_rnglists
                0x00000000000004af       0x69 ./Drivers/STM32F3xx_HAL_Driver/Src/stm32f3xx_hal_dma.o
 .debug_rnglists
                0x0000000000000518       0x3f ./Drivers/STM32F3xx_HAL_Driver/Src/stm32f3xx_hal_gpio.o
 .debug_rnglists
                0x0000000000000557       0xf4 ./Drivers/STM32F3xx_HAL_Driver/Src/stm32f3xx_hal_pcd.o
 .debug_rnglists
                0x000000000000064b       0x66 ./Drivers/STM32F3xx_HAL_Driver/Src/stm32f3xx_hal_rcc.o
 .debug_rnglists
                0x00000000000006b1       0x28 ./Drivers/STM32F3xx_HAL_Driver/Src/stm32f3xx_hal_rcc_ex.o
 .debug_rnglists
                0x00000000000006d9      0x178 ./Drivers/STM32F3xx_HAL_Driver/Src/stm32f3xx_hal_spi.o
 .debug_rnglists
                0x0000000000000851      0x318 ./Drivers/STM32F3xx_HAL_Driver/Src/stm32f3xx_hal_tim.o
 .debug_rnglists
                0x0000000000000b69      0x125 ./Drivers/STM32F3xx_HAL_Driver/Src/stm32f3xx_hal_tim_ex.o
 .debug_rnglists
                0x0000000000000c8e      0x1da ./Drivers/STM32F3xx_HAL_Driver/Src/stm32f3xx_hal_uart.o
 .debug_rnglists
                0x0000000000000e68       0x54 ./Drivers/STM32F3xx_HAL_Driver/Src/stm32f3xx_hal_uart_ex.o
 .debug_rnglists
                0x0000000000000ebc       0x8d ./Drivers/STM32F3xx_HAL_Driver/Src/stm32f3xx_ll_usb.o

.debug_macro    0x0000000000000000    0x1e309
 .debug_macro   0x0000000000000000      0x242 ./Core/Src/adc.o
 .debug_macro   0x0000000000000242      0xaa8 ./Core/Src/adc.o
 .debug_macro   0x0000000000000cea      0x169 ./Core/Src/adc.o
 .debug_macro   0x0000000000000e53       0x2e ./Core/Src/adc.o
 .debug_macro   0x0000000000000e81       0x28 ./Core/Src/adc.o
 .debug_macro   0x0000000000000ea9       0x22 ./Core/Src/adc.o
 .debug_macro   0x0000000000000ecb       0x8e ./Core/Src/adc.o
 .debug_macro   0x0000000000000f59       0x51 ./Core/Src/adc.o
 .debug_macro   0x0000000000000faa      0x103 ./Core/Src/adc.o
 .debug_macro   0x00000000000010ad       0x6a ./Core/Src/adc.o
 .debug_macro   0x0000000000001117      0x1df ./Core/Src/adc.o
 .debug_macro   0x00000000000012f6       0x1c ./Core/Src/adc.o
 .debug_macro   0x0000000000001312       0x22 ./Core/Src/adc.o
 .debug_macro   0x0000000000001334       0xd9 ./Core/Src/adc.o
 .debug_macro   0x000000000000140d     0x102d ./Core/Src/adc.o
 .debug_macro   0x000000000000243a      0x11f ./Core/Src/adc.o
 .debug_macro   0x0000000000002559    0x10709 ./Core/Src/adc.o
 .debug_macro   0x0000000000012c62       0x6d ./Core/Src/adc.o
 .debug_macro   0x0000000000012ccf     0x3566 ./Core/Src/adc.o
 .debug_macro   0x0000000000016235      0x174 ./Core/Src/adc.o
 .debug_macro   0x00000000000163a9       0x55 ./Core/Src/adc.o
 .debug_macro   0x00000000000163fe      0x95a ./Core/Src/adc.o
 .debug_macro   0x0000000000016d58      0x5dc ./Core/Src/adc.o
 .debug_macro   0x0000000000017334      0x1b5 ./Core/Src/adc.o
 .debug_macro   0x00000000000174e9      0x161 ./Core/Src/adc.o
 .debug_macro   0x000000000001764a      0x1ab ./Core/Src/adc.o
 .debug_macro   0x00000000000177f5      0x1bc ./Core/Src/adc.o
 .debug_macro   0x00000000000179b1       0x30 ./Core/Src/adc.o
 .debug_macro   0x00000000000179e1       0x3c ./Core/Src/adc.o
 .debug_macro   0x0000000000017a1d      0x235 ./Core/Src/adc.o
 .debug_macro   0x0000000000017c52      0x504 ./Core/Src/adc.o
 .debug_macro   0x0000000000018156       0x77 ./Core/Src/adc.o
 .debug_macro   0x00000000000181cd       0xc5 ./Core/Src/adc.o
 .debug_macro   0x0000000000018292      0x231 ./Core/Src/adc.o
 .debug_macro   0x00000000000184c3      0x22c ./Core/Src/adc.o
 .debug_macro   0x00000000000186ef       0x5b ./Core/Src/adc.o
 .debug_macro   0x000000000001874a       0xa5 ./Core/Src/adc.o
 .debug_macro   0x00000000000187ef       0x73 ./Core/Src/adc.o
 .debug_macro   0x0000000000018862      0x242 ./Core/Src/adc.o
 .debug_macro   0x0000000000018aa4       0x81 ./Core/Src/adc.o
 .debug_macro   0x0000000000018b25       0xec ./Core/Src/adc.o
 .debug_macro   0x0000000000018c11      0x2fe ./Core/Src/adc.o
 .debug_macro   0x0000000000018f0f      0x8f4 ./Core/Src/adc.o
 .debug_macro   0x0000000000019803       0x41 ./Core/Src/adc.o
 .debug_macro   0x0000000000019844      0x5ba ./Core/Src/adc.o
 .debug_macro   0x0000000000019dfe       0x3e ./Core/Src/adc.o
 .debug_macro   0x0000000000019e3c      0x244 ./Core/Src/adc.o
 .debug_macro   0x000000000001a080      0x106 ./Core/Src/adc.o
 .debug_macro   0x000000000001a186      0x242 ./Core/Src/dma.o
 .debug_macro   0x000000000001a3c8      0x242 ./Core/Src/gpio.o
 .debug_macro   0x000000000001a60a      0x251 ./Core/Src/imu.o
 .debug_macro   0x000000000001a85b      0x372 ./Core/Src/imu.o
 .debug_macro   0x000000000001abcd      0x294 ./Core/Src/main.o
 .debug_macro   0x000000000001ae61       0x22 ./Core/Src/main.o
 .debug_macro   0x000000000001ae83      0x378 ./Core/Src/main.o
 .debug_macro   0x000000000001b1fb      0x242 ./Core/Src/spi.o
 .debug_macro   0x000000000001b43d      0x238 ./Core/Src/stm32f3xx_hal_msp.o
 .debug_macro   0x000000000001b675      0x250 ./Core/Src/stm32f3xx_it.o
 .debug_macro   0x000000000001b8c5      0x229 ./Core/Src/system_stm32f3xx.o
 .debug_macro   0x000000000001baee      0x242 ./Core/Src/tim.o
 .debug_macro   0x000000000001bd30      0x24b ./Core/Src/usart.o
 .debug_macro   0x000000000001bf7b      0x242 ./Core/Src/usb.o
 .debug_macro   0x000000000001c1bd      0x24d ./Drivers/STM32F3xx_HAL_Driver/Src/stm32f3xx_hal.o
 .debug_macro   0x000000000001c40a      0x22a ./Drivers/STM32F3xx_HAL_Driver/Src/stm32f3xx_hal_adc.o
 .debug_macro   0x000000000001c634      0x28c ./Drivers/STM32F3xx_HAL_Driver/Src/stm32f3xx_hal_adc_ex.o
 .debug_macro   0x000000000001c8c0      0x229 ./Drivers/STM32F3xx_HAL_Driver/Src/stm32f3xx_hal_cortex.o
 .debug_macro   0x000000000001cae9      0x229 ./Drivers/STM32F3xx_HAL_Driver/Src/stm32f3xx_hal_dma.o
 .debug_macro   0x000000000001cd12      0x230 ./Drivers/STM32F3xx_HAL_Driver/Src/stm32f3xx_hal_gpio.o
 .debug_macro   0x000000000001cf42      0x235 ./Drivers/STM32F3xx_HAL_Driver/Src/stm32f3xx_hal_pcd.o
 .debug_macro   0x000000000001d177      0x24d ./Drivers/STM32F3xx_HAL_Driver/Src/stm32f3xx_hal_rcc.o
 .debug_macro   0x000000000001d3c4      0x229 ./Drivers/STM32F3xx_HAL_Driver/Src/stm32f3xx_hal_rcc_ex.o
 .debug_macro   0x000000000001d5ed      0x231 ./Drivers/STM32F3xx_HAL_Driver/Src/stm32f3xx_hal_spi.o
 .debug_macro   0x000000000001d81e      0x22a ./Drivers/STM32F3xx_HAL_Driver/Src/stm32f3xx_hal_tim.o
 .debug_macro   0x000000000001da48      0x229 ./Drivers/STM32F3xx_HAL_Driver/Src/stm32f3xx_hal_tim_ex.o
 .debug_macro   0x000000000001dc71      0x246 ./Drivers/STM32F3xx_HAL_Driver/Src/stm32f3xx_hal_uart.o
 .debug_macro   0x000000000001deb7      0x229 ./Drivers/STM32F3xx_HAL_Driver/Src/stm32f3xx_hal_uart_ex.o
 .debug_macro   0x000000000001e0e0      0x229 ./Drivers/STM32F3xx_HAL_Driver/Src/stm32f3xx_ll_usb.o

.debug_line     0x0000000000000000    0x1b02d
 .debug_line    0x0000000000000000      0x8a5 ./Core/Src/adc.o
 .debug_line    0x00000000000008a5      0x80a ./Core/Src/dma.o
 .debug_line    0x00000000000010af      0x876 ./Core/Src/gpio.o
 .debug_line    0x0000000000001925      0x85a ./Core/Src/imu.o
 .debug_line    0x000000000000217f      0x928 ./Core/Src/main.o
 .debug_line    0x0000000000002aa7      0x88a ./Core/Src/spi.o
 .debug_line    0x0000000000003331      0x80f ./Core/Src/stm32f3xx_hal_msp.o
 .debug_line    0x0000000000003b40      0x958 ./Core/Src/stm32f3xx_it.o
 .debug_line    0x0000000000004498      0x885 ./Core/Src/system_stm32f3xx.o
 .debug_line    0x0000000000004d1d      0x879 ./Core/Src/tim.o
 .debug_line    0x0000000000005596      0x9fb ./Core/Src/usart.o
 .debug_line    0x0000000000005f91      0x86e ./Core/Src/usb.o
 .debug_line    0x00000000000067ff       0x7a ./Core/Startup/startup_stm32f373rctx.o
 .debug_line    0x0000000000006879      0xaba ./Drivers/STM32F3xx_HAL_Driver/Src/stm32f3xx_hal.o
 .debug_line    0x0000000000007333      0x9fe ./Drivers/STM32F3xx_HAL_Driver/Src/stm32f3xx_hal_adc.o
 .debug_line    0x0000000000007d31     0x1472 ./Drivers/STM32F3xx_HAL_Driver/Src/stm32f3xx_hal_adc_ex.o
 .debug_line    0x00000000000091a3      0xd7f ./Drivers/STM32F3xx_HAL_Driver/Src/stm32f3xx_hal_cortex.o
 .debug_line    0x0000000000009f22      0xdcc ./Drivers/STM32F3xx_HAL_Driver/Src/stm32f3xx_hal_dma.o
 .debug_line    0x000000000000acee      0xc19 ./Drivers/STM32F3xx_HAL_Driver/Src/stm32f3xx_hal_gpio.o
 .debug_line    0x000000000000b907     0x13fe ./Drivers/STM32F3xx_HAL_Driver/Src/stm32f3xx_hal_pcd.o
 .debug_line    0x000000000000cd05     0x1495 ./Drivers/STM32F3xx_HAL_Driver/Src/stm32f3xx_hal_rcc.o
 .debug_line    0x000000000000e19a      0xcc1 ./Drivers/STM32F3xx_HAL_Driver/Src/stm32f3xx_hal_rcc_ex.o
 .debug_line    0x000000000000ee5b     0x206d ./Drivers/STM32F3xx_HAL_Driver/Src/stm32f3xx_hal_spi.o
 .debug_line    0x0000000000010ec8     0x383a ./Drivers/STM32F3xx_HAL_Driver/Src/stm32f3xx_hal_tim.o
 .debug_line    0x0000000000014702     0x1ad0 ./Drivers/STM32F3xx_HAL_Driver/Src/stm32f3xx_hal_tim_ex.o
 .debug_line    0x00000000000161d2     0x318b ./Drivers/STM32F3xx_HAL_Driver/Src/stm32f3xx_hal_uart.o
 .debug_line    0x000000000001935d      0xc1d ./Drivers/STM32F3xx_HAL_Driver/Src/stm32f3xx_hal_uart_ex.o
 .debug_line    0x0000000000019f7a     0x10b3 ./Drivers/STM32F3xx_HAL_Driver/Src/stm32f3xx_ll_usb.o

.debug_str      0x0000000000000000    0xacf77
 .debug_str     0x0000000000000000    0xa72ea ./Core/Src/adc.o
                                      0xa7b12 (size before relaxing)
 .debug_str     0x00000000000a72ea       0x29 ./Core/Src/dma.o
                                      0xa7665 (size before relaxing)
 .debug_str     0x00000000000a7313       0x68 ./Core/Src/gpio.o
                                      0xa7733 (size before relaxing)
 .debug_str     0x00000000000a737b      0xf2a ./Core/Src/imu.o
                                      0xa835a (size before relaxing)
 .debug_str     0x00000000000a82a5      0x5f1 ./Core/Src/main.o
                                      0xa8d29 (size before relaxing)
 .debug_str     0x00000000000a8896       0x4b ./Core/Src/spi.o
                                      0xa7b79 (size before relaxing)
 .debug_str     0x00000000000a88e1       0x2c ./Core/Src/stm32f3xx_hal_msp.o
                                      0xa7261 (size before relaxing)
 .debug_str     0x00000000000a890d      0x352 ./Core/Src/stm32f3xx_it.o
                                      0xa7ae0 (size before relaxing)
 .debug_str     0x00000000000a8c5f       0xe9 ./Core/Src/system_stm32f3xx.o
                                      0xa6f25 (size before relaxing)
 .debug_str     0x00000000000a8d48      0x13c ./Core/Src/tim.o
                                      0xa7895 (size before relaxing)
 .debug_str     0x00000000000a8e84      0x1fa ./Core/Src/usart.o
                                      0xa7e0b (size before relaxing)
 .debug_str     0x00000000000a907e      0x322 ./Core/Src/usb.o
                                      0xa76ec (size before relaxing)
 .debug_str     0x00000000000a93a0       0x34 ./Core/Startup/startup_stm32f373rctx.o
                                         0x51 (size before relaxing)
 .debug_str     0x00000000000a93d4      0x381 ./Drivers/STM32F3xx_HAL_Driver/Src/stm32f3xx_hal.o
                                      0xa7706 (size before relaxing)
 .debug_str     0x00000000000a9755      0x1d7 ./Drivers/STM32F3xx_HAL_Driver/Src/stm32f3xx_hal_adc.o
                                      0xa73bc (size before relaxing)
 .debug_str     0x00000000000a992c      0x5aa ./Drivers/STM32F3xx_HAL_Driver/Src/stm32f3xx_hal_adc_ex.o
                                      0xa79ab (size before relaxing)
 .debug_str     0x00000000000a9ed6      0x320 ./Drivers/STM32F3xx_HAL_Driver/Src/stm32f3xx_hal_cortex.o
                                      0xa7758 (size before relaxing)
 .debug_str     0x00000000000aa1f6      0x1fa ./Drivers/STM32F3xx_HAL_Driver/Src/stm32f3xx_hal_dma.o
                                      0xa726d (size before relaxing)
 .debug_str     0x00000000000aa3f0       0xcd ./Drivers/STM32F3xx_HAL_Driver/Src/stm32f3xx_hal_gpio.o
                                      0xa706a (size before relaxing)
 .debug_str     0x00000000000aa4bd      0x514 ./Drivers/STM32F3xx_HAL_Driver/Src/stm32f3xx_hal_pcd.o
                                      0xa771d (size before relaxing)
 .debug_str     0x00000000000aa9d1      0x2d1 ./Drivers/STM32F3xx_HAL_Driver/Src/stm32f3xx_hal_rcc.o
                                      0xa73c5 (size before relaxing)
 .debug_str     0x00000000000aaca2       0xbf ./Drivers/STM32F3xx_HAL_Driver/Src/stm32f3xx_hal_rcc_ex.o
                                      0xa7127 (size before relaxing)
 .debug_str     0x00000000000aad61      0x54b ./Drivers/STM32F3xx_HAL_Driver/Src/stm32f3xx_hal_spi.o
                                      0xa784b (size before relaxing)
 .debug_str     0x00000000000ab2ac      0xdce ./Drivers/STM32F3xx_HAL_Driver/Src/stm32f3xx_hal_tim.o
                                      0xa82cd (size before relaxing)
 .debug_str     0x00000000000ac07a      0x493 ./Drivers/STM32F3xx_HAL_Driver/Src/stm32f3xx_hal_tim_ex.o
                                      0xa7ae9 (size before relaxing)
 .debug_str     0x00000000000ac50d      0x7da ./Drivers/STM32F3xx_HAL_Driver/Src/stm32f3xx_hal_uart.o
                                      0xa7c48 (size before relaxing)
 .debug_str     0x00000000000acce7      0x1b8 ./Drivers/STM32F3xx_HAL_Driver/Src/stm32f3xx_hal_uart_ex.o
                                      0xa754d (size before relaxing)
 .debug_str     0x00000000000ace9f       0xd8 ./Drivers/STM32F3xx_HAL_Driver/Src/stm32f3xx_ll_usb.o
                                      0xa728f (size before relaxing)

.debug_frame    0x0000000000000000     0x51c8
 .debug_frame   0x0000000000000000       0x7c ./Core/Src/adc.o
 .debug_frame   0x000000000000007c       0x34 ./Core/Src/dma.o
 .debug_frame   0x00000000000000b0       0x34 ./Core/Src/gpio.o
 .debug_frame   0x00000000000000e4       0x74 ./Core/Src/imu.o
 .debug_frame   0x0000000000000158       0x88 ./Core/Src/main.o
 .debug_frame   0x00000000000001e0       0x74 ./Core/Src/spi.o
 .debug_frame   0x0000000000000254       0x38 ./Core/Src/stm32f3xx_hal_msp.o
 .debug_frame   0x000000000000028c      0x190 ./Core/Src/stm32f3xx_it.o
 .debug_frame   0x000000000000041c       0x58 ./Core/Src/system_stm32f3xx.o
 .debug_frame   0x0000000000000474       0x84 ./Core/Src/tim.o
 .debug_frame   0x00000000000004f8      0x1a4 ./Core/Src/usart.o
 .debug_frame   0x000000000000069c       0x74 ./Core/Src/usb.o
 .debug_frame   0x0000000000000710      0x334 ./Drivers/STM32F3xx_HAL_Driver/Src/stm32f3xx_hal.o
 .debug_frame   0x0000000000000a44      0x380 ./Drivers/STM32F3xx_HAL_Driver/Src/stm32f3xx_hal_adc.o
 .debug_frame   0x0000000000000dc4      0x420 ./Drivers/STM32F3xx_HAL_Driver/Src/stm32f3xx_hal_adc_ex.o
 .debug_frame   0x00000000000011e4      0x498 ./Drivers/STM32F3xx_HAL_Driver/Src/stm32f3xx_hal_cortex.o
 .debug_frame   0x000000000000167c      0x224 ./Drivers/STM32F3xx_HAL_Driver/Src/stm32f3xx_hal_dma.o
 .debug_frame   0x00000000000018a0      0x14c ./Drivers/STM32F3xx_HAL_Driver/Src/stm32f3xx_hal_gpio.o
 .debug_frame   0x00000000000019ec      0x59c ./Drivers/STM32F3xx_HAL_Driver/Src/stm32f3xx_hal_pcd.o
 .debug_frame   0x0000000000001f88      0x214 ./Drivers/STM32F3xx_HAL_Driver/Src/stm32f3xx_hal_rcc.o
 .debug_frame   0x000000000000219c       0xb0 ./Drivers/STM32F3xx_HAL_Driver/Src/stm32f3xx_hal_rcc_ex.o
 .debug_frame   0x000000000000224c      0x860 ./Drivers/STM32F3xx_HAL_Driver/Src/stm32f3xx_hal_spi.o
 .debug_frame   0x0000000000002aac     0x11c4 ./Drivers/STM32F3xx_HAL_Driver/Src/stm32f3xx_hal_tim.o
 .debug_frame   0x0000000000003c70      0x638 ./Drivers/STM32F3xx_HAL_Driver/Src/stm32f3xx_hal_tim_ex.o
 .debug_frame   0x00000000000042a8      0x9e8 ./Drivers/STM32F3xx_HAL_Driver/Src/stm32f3xx_hal_uart.o
 .debug_frame   0x0000000000004c90      0x1b4 ./Drivers/STM32F3xx_HAL_Driver/Src/stm32f3xx_hal_uart_ex.o
 .debug_frame   0x0000000000004e44      0x338 ./Drivers/STM32F3xx_HAL_Driver/Src/stm32f3xx_ll_usb.o
 .debug_frame   0x000000000000517c       0x20 D:/STM32CubeIDE_1.13.2/STM32CubeIDE/plugins/com.st.stm32cube.ide.mcu.externaltools.gnu-tools-for-stm32.11.3.rel1.win32_1.1.1.202309131626/tools/bin/../lib/gcc/arm-none-eabi/11.3.1/../../../../arm-none-eabi/lib/thumb/v7e-m+fp/hard\libc_nano.a(libc_a-memset.o)
 .debug_frame   0x000000000000519c       0x2c D:/STM32CubeIDE_1.13.2/STM32CubeIDE/plugins/com.st.stm32cube.ide.mcu.externaltools.gnu-tools-for-stm32.11.3.rel1.win32_1.1.1.202309131626/tools/bin/../lib/gcc/arm-none-eabi/11.3.1/../../../../arm-none-eabi/lib/thumb/v7e-m+fp/hard\libc_nano.a(libc_a-init.o)

.debug_line_str
                0x0000000000000000       0x45
 .debug_line_str
                0x0000000000000000       0x45 ./Core/Startup/startup_stm32f373rctx.o
                                         0x5d (size before relaxing)
