../Drivers/STM32F3xx_HAL_Driver/Src/stm32f3xx_hal_adc_ex.c:565:19:HAL_ADC_Init	32	static
../Drivers/STM32F3xx_HAL_Driver/Src/stm32f3xx_hal_adc_ex.c:1035:19:HAL_ADC_DeInit	24	static
../Drivers/STM32F3xx_HAL_Driver/Src/stm32f3xx_hal_adc_ex.c:1349:19:HAL_ADC_Start	24	static
../Drivers/STM32F3xx_HAL_Driver/Src/stm32f3xx_hal_adc_ex.c:1491:19:HAL_ADC_Stop	24	static
../Drivers/STM32F3xx_HAL_Driver/Src/stm32f3xx_hal_adc_ex.c:1714:19:HAL_ADC_PollForConversion	32	static
../Drivers/STM32F3xx_HAL_Driver/Src/stm32f3xx_hal_adc_ex.c:1983:19:HAL_ADC_PollForEvent	32	static
../Drivers/STM32F3xx_HAL_Driver/Src/stm32f3xx_hal_adc_ex.c:2187:19:HAL_ADC_Start_IT	24	static
../Drivers/STM32F3xx_HAL_Driver/Src/stm32f3xx_hal_adc_ex.c:2336:19:HAL_ADC_Stop_IT	24	static
../Drivers/STM32F3xx_HAL_Driver/Src/stm32f3xx_hal_adc_ex.c:2543:19:HAL_ADC_Start_DMA	32	static
../Drivers/STM32F3xx_HAL_Driver/Src/stm32f3xx_hal_adc_ex.c:2744:19:HAL_ADC_Stop_DMA	24	static
../Drivers/STM32F3xx_HAL_Driver/Src/stm32f3xx_hal_adc_ex.c:2850:10:HAL_ADC_GetValue	16	static
../Drivers/STM32F3xx_HAL_Driver/Src/stm32f3xx_hal_adc_ex.c:3192:6:HAL_ADC_IRQHandler	24	static
../Drivers/STM32F3xx_HAL_Driver/Src/stm32f3xx_hal_adc_ex.c:3417:19:HAL_ADCEx_Calibration_Start	32	static
../Drivers/STM32F3xx_HAL_Driver/Src/stm32f3xx_hal_adc_ex.c:3732:19:HAL_ADCEx_InjectedStart	24	static
../Drivers/STM32F3xx_HAL_Driver/Src/stm32f3xx_hal_adc_ex.c:3908:19:HAL_ADCEx_InjectedStop	24	static
../Drivers/STM32F3xx_HAL_Driver/Src/stm32f3xx_hal_adc_ex.c:4069:19:HAL_ADCEx_InjectedPollForConversion	32	static
../Drivers/STM32F3xx_HAL_Driver/Src/stm32f3xx_hal_adc_ex.c:4325:19:HAL_ADCEx_InjectedStart_IT	24	static
../Drivers/STM32F3xx_HAL_Driver/Src/stm32f3xx_hal_adc_ex.c:4513:19:HAL_ADCEx_InjectedStop_IT	24	static
../Drivers/STM32F3xx_HAL_Driver/Src/stm32f3xx_hal_adc_ex.c:4967:10:HAL_ADCEx_InjectedGetValue	24	static
../Drivers/STM32F3xx_HAL_Driver/Src/stm32f3xx_hal_adc_ex.c:5431:13:HAL_ADCEx_InjectedConvCpltCallback	16	static
../Drivers/STM32F3xx_HAL_Driver/Src/stm32f3xx_hal_adc_ex.c:5882:19:HAL_ADC_ConfigChannel	24	static
../Drivers/STM32F3xx_HAL_Driver/Src/stm32f3xx_hal_adc_ex.c:6520:19:HAL_ADCEx_InjectedConfigChannel	24	static
../Drivers/STM32F3xx_HAL_Driver/Src/stm32f3xx_hal_adc_ex.c:6971:19:HAL_ADC_AnalogWDGConfig	16	static
../Drivers/STM32F3xx_HAL_Driver/Src/stm32f3xx_hal_adc_ex.c:7181:13:ADC_DMAConvCplt	24	static
../Drivers/STM32F3xx_HAL_Driver/Src/stm32f3xx_hal_adc_ex.c:7228:13:ADC_DMAHalfConvCplt	24	static
../Drivers/STM32F3xx_HAL_Driver/Src/stm32f3xx_hal_adc_ex.c:7246:13:ADC_DMAError	24	static
../Drivers/STM32F3xx_HAL_Driver/Src/stm32f3xx_hal_adc_ex.c:7521:26:ADC_Enable	24	static
../Drivers/STM32F3xx_HAL_Driver/Src/stm32f3xx_hal_adc_ex.c:7578:26:ADC_ConversionStop_Disable	24	static
