../Drivers/STM32F3xx_HAL_Driver/Src/stm32f3xx_hal_adc_ex.c:572:19:HAL_ADC_Init	32	static
../Drivers/STM32F3xx_HAL_Driver/Src/stm32f3xx_hal_adc_ex.c:1042:19:HAL_ADC_DeInit	24	static
../Drivers/STM32F3xx_HAL_Driver/Src/stm32f3xx_hal_adc_ex.c:1356:19:HAL_ADC_Start	24	static
../Drivers/STM32F3xx_HAL_Driver/Src/stm32f3xx_hal_adc_ex.c:1498:19:HAL_ADC_Stop	24	static
../Drivers/STM32F3xx_HAL_Driver/Src/stm32f3xx_hal_adc_ex.c:1721:19:HAL_ADC_PollForConversion	32	static
../Drivers/STM32F3xx_HAL_Driver/Src/stm32f3xx_hal_adc_ex.c:1990:19:HAL_ADC_PollForEvent	32	static
../Drivers/STM32F3xx_HAL_Driver/Src/stm32f3xx_hal_adc_ex.c:2194:19:HAL_ADC_Start_IT	24	static
../Drivers/STM32F3xx_HAL_Driver/Src/stm32f3xx_hal_adc_ex.c:2343:19:HAL_ADC_Stop_IT	24	static
../Drivers/STM32F3xx_HAL_Driver/Src/stm32f3xx_hal_adc_ex.c:2550:19:HAL_ADC_Start_DMA	32	static
../Drivers/STM32F3xx_HAL_Driver/Src/stm32f3xx_hal_adc_ex.c:2751:19:HAL_ADC_Stop_DMA	24	static
../Drivers/STM32F3xx_HAL_Driver/Src/stm32f3xx_hal_adc_ex.c:2857:10:HAL_ADC_GetValue	16	static
../Drivers/STM32F3xx_HAL_Driver/Src/stm32f3xx_hal_adc_ex.c:3197:6:HAL_ADC_IRQHandler	16	static
../Drivers/STM32F3xx_HAL_Driver/Src/stm32f3xx_hal_adc_ex.c:3419:19:HAL_ADCEx_Calibration_Start	32	static
../Drivers/STM32F3xx_HAL_Driver/Src/stm32f3xx_hal_adc_ex.c:3734:19:HAL_ADCEx_InjectedStart	24	static
../Drivers/STM32F3xx_HAL_Driver/Src/stm32f3xx_hal_adc_ex.c:3910:19:HAL_ADCEx_InjectedStop	24	static
../Drivers/STM32F3xx_HAL_Driver/Src/stm32f3xx_hal_adc_ex.c:4071:19:HAL_ADCEx_InjectedPollForConversion	32	static
../Drivers/STM32F3xx_HAL_Driver/Src/stm32f3xx_hal_adc_ex.c:4327:19:HAL_ADCEx_InjectedStart_IT	24	static
../Drivers/STM32F3xx_HAL_Driver/Src/stm32f3xx_hal_adc_ex.c:4515:19:HAL_ADCEx_InjectedStop_IT	24	static
../Drivers/STM32F3xx_HAL_Driver/Src/stm32f3xx_hal_adc_ex.c:4969:10:HAL_ADCEx_InjectedGetValue	24	static
../Drivers/STM32F3xx_HAL_Driver/Src/stm32f3xx_hal_adc_ex.c:5433:13:HAL_ADCEx_InjectedConvCpltCallback	16	static
../Drivers/STM32F3xx_HAL_Driver/Src/stm32f3xx_hal_adc_ex.c:5884:19:HAL_ADC_ConfigChannel	24	static
../Drivers/STM32F3xx_HAL_Driver/Src/stm32f3xx_hal_adc_ex.c:6522:19:HAL_ADCEx_InjectedConfigChannel	24	static
../Drivers/STM32F3xx_HAL_Driver/Src/stm32f3xx_hal_adc_ex.c:6973:19:HAL_ADC_AnalogWDGConfig	16	static
../Drivers/STM32F3xx_HAL_Driver/Src/stm32f3xx_hal_adc_ex.c:7183:13:ADC_DMAConvCplt	24	static
../Drivers/STM32F3xx_HAL_Driver/Src/stm32f3xx_hal_adc_ex.c:7230:13:ADC_DMAHalfConvCplt	24	static
../Drivers/STM32F3xx_HAL_Driver/Src/stm32f3xx_hal_adc_ex.c:7248:13:ADC_DMAError	24	static
../Drivers/STM32F3xx_HAL_Driver/Src/stm32f3xx_hal_adc_ex.c:7523:26:ADC_Enable	24	static
../Drivers/STM32F3xx_HAL_Driver/Src/stm32f3xx_hal_adc_ex.c:7580:26:ADC_ConversionStop_Disable	24	static
