stm32f3xx_hal_usart.c:274:19:HAL_USART_Init	16	static
stm32f3xx_hal_usart.c:336:19:HAL_USART_DeInit	16	static
stm32f3xx_hal_usart.c:379:13:HAL_USART_MspInit	16	static
stm32f3xx_hal_usart.c:394:13:HAL_USART_MspDeInit	16	static
stm32f3xx_hal_usart.c:731:19:HAL_USART_Transmit	48	static
stm32f3xx_hal_usart.c:828:19:HAL_USART_Receive	48	static
stm32f3xx_hal_usart.c:933:19:HAL_USART_TransmitReceive	64	static
stm32f3xx_hal_usart.c:1080:19:HAL_USART_Transmit_IT	24	static
stm32f3xx_hal_usart.c:1143:19:HAL_USART_Receive_IT	24	static
stm32f3xx_hal_usart.c:1214:19:HAL_USART_TransmitReceive_IT	24	static
stm32f3xx_hal_usart.c:1284:19:HAL_USART_Transmit_DMA	32	static
stm32f3xx_hal_usart.c:1369:19:HAL_USART_Receive_DMA	32	static
stm32f3xx_hal_usart.c:1484:19:HAL_USART_TransmitReceive_DMA	32	static
stm32f3xx_hal_usart.c:1601:19:HAL_USART_DMAPause	24	static
stm32f3xx_hal_usart.c:1648:19:HAL_USART_DMAResume	24	static
stm32f3xx_hal_usart.c:1692:19:HAL_USART_DMAStop	16	static
stm32f3xx_hal_usart.c:1752:19:HAL_USART_Abort	16	static
stm32f3xx_hal_usart.c:1841:19:HAL_USART_Abort_IT	24	static
stm32f3xx_hal_usart.c:1965:6:HAL_USART_IRQHandler	40	static
stm32f3xx_hal_usart.c:2160:13:HAL_USART_TxCpltCallback	16	static
stm32f3xx_hal_usart.c:2175:13:HAL_USART_TxHalfCpltCallback	16	static
stm32f3xx_hal_usart.c:2190:13:HAL_USART_RxCpltCallback	16	static
stm32f3xx_hal_usart.c:2205:13:HAL_USART_RxHalfCpltCallback	16	static
stm32f3xx_hal_usart.c:2220:13:HAL_USART_TxRxCpltCallback	16	static
stm32f3xx_hal_usart.c:2235:13:HAL_USART_ErrorCallback	16	static
stm32f3xx_hal_usart.c:2250:13:HAL_USART_AbortCpltCallback	16	static
stm32f3xx_hal_usart.c:2287:24:HAL_USART_GetState	16	static
stm32f3xx_hal_usart.c:2298:10:HAL_USART_GetError	16	static
stm32f3xx_hal_usart.c:2339:13:USART_EndTransfer	16	static
stm32f3xx_hal_usart.c:2354:13:USART_DMATransmitCplt	24	static
stm32f3xx_hal_usart.c:2394:13:USART_DMATxHalfCplt	24	static
stm32f3xx_hal_usart.c:2412:13:USART_DMAReceiveCplt	24	static
stm32f3xx_hal_usart.c:2487:13:USART_DMARxHalfCplt	24	static
stm32f3xx_hal_usart.c:2505:13:USART_DMAError	24	static
stm32f3xx_hal_usart.c:2531:13:USART_DMAAbortOnError	24	static
stm32f3xx_hal_usart.c:2554:13:USART_DMATxAbortCallback	24	static
stm32f3xx_hal_usart.c:2602:13:USART_DMARxAbortCallback	24	static
stm32f3xx_hal_usart.c:2650:26:USART_WaitOnFlagUntilTimeout	24	static
stm32f3xx_hal_usart.c:2678:26:USART_SetConfig	40	static
stm32f3xx_hal_usart.c:2774:26:USART_CheckIdleState	32	static
stm32f3xx_hal_usart.c:2823:13:USART_TxISR_8BIT	24	static
stm32f3xx_hal_usart.c:2857:13:USART_TxISR_16BIT	24	static
stm32f3xx_hal_usart.c:2890:13:USART_EndTransmit_IT	16	static
stm32f3xx_hal_usart.c:2946:13:USART_RxISR_8BIT	24	static
stm32f3xx_hal_usart.c:3026:13:USART_RxISR_16BIT	32	static
