usart.c:31:6:MX_USART1_UART_Init	8	static
usart.c:61:6:HAL_UART_MspInit	48	static
usart.c:94:6:HAL_UART_MspDeInit	16	static
usart.c:121:6:HAL_UART_TxCpltCallback	16	static
usart.c:127:6:HAL_UART_RxCpltCallback	16	static
usart.c:134:19:NUfsr_UART_Transmit	32	static
usart.c:157:19:NUfsr_UART_Receive	32	static
usart.c:180:19:NUfsr_UART_Poll_Tx	24	static
usart.c:204:19:NUfsr_UART_Poll_Rx	24	static
usart.c:229:10:NUfsr_UART_Tx_StatusComplete	16	static
usart.c:237:10:NUfsr_UART_Rx_StatusComplete	16	static
