../Core/Src/usart.c:31:6:MX_USART1_UART_Init	8	static
../Core/Src/usart.c:61:6:HAL_UART_MspInit	48	static
../Core/Src/usart.c:92:6:HAL_UART_MspDeInit	16	static
../Core/Src/usart.c:120:6:HAL_UART_TxCpltCallback	16	static
../Core/Src/usart.c:126:6:HAL_UART_RxCpltCallback	16	static
../Core/Src/usart.c:133:19:NUfsr_UART_Transmit	32	static
../Core/Src/usart.c:156:19:NUfsr_UART_Receive	32	static
../Core/Src/usart.c:179:19:NUfsr_UART_Poll_Tx	24	static
../Core/Src/usart.c:203:19:NUfsr_UART_Poll_Rx	24	static
../Core/Src/usart.c:228:6:NUfsr_UART_Tx_StatusComplete	16	static
../Core/Src/usart.c:236:6:NUfsr_UART_Rx_StatusComplete	16	static
